<?xml version="1.0"?>
<link_info>
   <banner>TI ARM Linker PC v5.1.6</banner>
   <copyright>Copyright (c) 1996-2014 Texas Instruments Incorporated</copyright>
   <link_time>0x537af839</link_time>
   <link_errors>0x0</link_errors>
   <output_file>Build-TMS570LC43x.out</output_file>
   <entry_point>
      <name>_c_int00</name>
      <address>0x58d84</address>
   </entry_point>
   <input_file_list>
      <input_file id="fl-2">
         <path>.\HALCoGen-TMS570LC43x\source\</path>
         <kind>object</kind>
         <file>HL_system.obj</file>
         <name>HL_system.obj</name>
      </input_file>
      <input_file id="fl-3">
         <path>.\HALCoGen-TMS570LC43x\source\</path>
         <kind>object</kind>
         <file>HL_sys_vim.obj</file>
         <name>HL_sys_vim.obj</name>
      </input_file>
      <input_file id="fl-4">
         <path>.\HALCoGen-TMS570LC43x\source\</path>
         <kind>object</kind>
         <file>HL_sys_startup.obj</file>
         <name>HL_sys_startup.obj</name>
      </input_file>
      <input_file id="fl-5">
         <path>.\HALCoGen-TMS570LC43x\source\</path>
         <kind>object</kind>
         <file>HL_sys_selftest.obj</file>
         <name>HL_sys_selftest.obj</name>
      </input_file>
      <input_file id="fl-6">
         <path>.\HALCoGen-TMS570LC43x\source\</path>
         <kind>object</kind>
         <file>HL_sys_pmu.obj</file>
         <name>HL_sys_pmu.obj</name>
      </input_file>
      <input_file id="fl-7">
         <path>.\HALCoGen-TMS570LC43x\source\</path>
         <kind>object</kind>
         <file>HL_sys_pmm.obj</file>
         <name>HL_sys_pmm.obj</name>
      </input_file>
      <input_file id="fl-8">
         <path>.\HALCoGen-TMS570LC43x\source\</path>
         <kind>object</kind>
         <file>HL_sys_phantom.obj</file>
         <name>HL_sys_phantom.obj</name>
      </input_file>
      <input_file id="fl-9">
         <path>.\HALCoGen-TMS570LC43x\source\</path>
         <kind>object</kind>
         <file>HL_sys_pcr.obj</file>
         <name>HL_sys_pcr.obj</name>
      </input_file>
      <input_file id="fl-a">
         <path>.\HALCoGen-TMS570LC43x\source\</path>
         <kind>object</kind>
         <file>HL_sys_mpu.obj</file>
         <name>HL_sys_mpu.obj</name>
      </input_file>
      <input_file id="fl-b">
         <path>.\HALCoGen-TMS570LC43x\source\</path>
         <kind>object</kind>
         <file>HL_sys_main.obj</file>
         <name>HL_sys_main.obj</name>
      </input_file>
      <input_file id="fl-c">
         <path>.\HALCoGen-TMS570LC43x\source\</path>
         <kind>object</kind>
         <file>HL_sys_intvecs.obj</file>
         <name>HL_sys_intvecs.obj</name>
      </input_file>
      <input_file id="fl-d">
         <path>.\HALCoGen-TMS570LC43x\source\</path>
         <kind>object</kind>
         <file>HL_sys_dma.obj</file>
         <name>HL_sys_dma.obj</name>
      </input_file>
      <input_file id="fl-e">
         <path>.\HALCoGen-TMS570LC43x\source\</path>
         <kind>object</kind>
         <file>HL_sys_core.obj</file>
         <name>HL_sys_core.obj</name>
      </input_file>
      <input_file id="fl-f">
         <path>.\HALCoGen-TMS570LC43x\source\</path>
         <kind>object</kind>
         <file>HL_sci.obj</file>
         <name>HL_sci.obj</name>
      </input_file>
      <input_file id="fl-10">
         <path>.\HALCoGen-TMS570LC43x\source\</path>
         <kind>object</kind>
         <file>HL_pinmux.obj</file>
         <name>HL_pinmux.obj</name>
      </input_file>
      <input_file id="fl-11">
         <path>.\HALCoGen-TMS570LC43x\source\</path>
         <kind>object</kind>
         <file>HL_phy_dp83640.obj</file>
         <name>HL_phy_dp83640.obj</name>
      </input_file>
      <input_file id="fl-12">
         <path>.\HALCoGen-TMS570LC43x\source\</path>
         <kind>object</kind>
         <file>HL_notification.obj</file>
         <name>HL_notification.obj</name>
      </input_file>
      <input_file id="fl-13">
         <path>.\HALCoGen-TMS570LC43x\source\</path>
         <kind>object</kind>
         <file>HL_nmpu.obj</file>
         <name>HL_nmpu.obj</name>
      </input_file>
      <input_file id="fl-14">
         <path>.\HALCoGen-TMS570LC43x\source\</path>
         <kind>object</kind>
         <file>HL_mdio.obj</file>
         <name>HL_mdio.obj</name>
      </input_file>
      <input_file id="fl-15">
         <path>.\HALCoGen-TMS570LC43x\source\</path>
         <kind>object</kind>
         <file>HL_esm.obj</file>
         <name>HL_esm.obj</name>
      </input_file>
      <input_file id="fl-16">
         <path>.\HALCoGen-TMS570LC43x\source\</path>
         <kind>object</kind>
         <file>HL_errata.obj</file>
         <name>HL_errata.obj</name>
      </input_file>
      <input_file id="fl-17">
         <path>.\HALCoGen-TMS570LC43x\source\</path>
         <kind>object</kind>
         <file>HL_epc.obj</file>
         <name>HL_epc.obj</name>
      </input_file>
      <input_file id="fl-18">
         <path>.\HALCoGen-TMS570LC43x\source\</path>
         <kind>object</kind>
         <file>HL_emac.obj</file>
         <name>HL_emac.obj</name>
      </input_file>
      <input_file id="fl-19">
         <path>.\example\hdk\src\</path>
         <kind>object</kind>
         <file>lwip_main.obj</file>
         <name>lwip_main.obj</name>
      </input_file>
      <input_file id="fl-1a">
         <path>.\lwip-1.4.1\apps\httpserver_raw\</path>
         <kind>object</kind>
         <file>httpd.obj</file>
         <name>httpd.obj</name>
      </input_file>
      <input_file id="fl-1b">
         <path>.\lwip-1.4.1\apps\httpserver_raw\</path>
         <kind>object</kind>
         <file>fs.obj</file>
         <name>fs.obj</name>
      </input_file>
      <input_file id="fl-1c">
         <path>.\lwip-1.4.1\ports\hdk\</path>
         <kind>object</kind>
         <file>lwiplib.obj</file>
         <name>lwiplib.obj</name>
      </input_file>
      <input_file id="fl-1d">
         <path>.\lwip-1.4.1\src\core\</path>
         <kind>object</kind>
         <file>timers.obj</file>
         <name>timers.obj</name>
      </input_file>
      <input_file id="fl-1e">
         <path>.\lwip-1.4.1\src\core\</path>
         <kind>object</kind>
         <file>def.obj</file>
         <name>def.obj</name>
      </input_file>
      <input_file id="fl-1f">
         <path>.\lwip-1.4.1\src\netif\</path>
         <kind>object</kind>
         <file>ethernetif.obj</file>
         <name>ethernetif.obj</name>
      </input_file>
      <input_file id="fl-23">
         <path>c:\ti\ccsv6\tools\compiler\arm_5.1.6\lib\</path>
         <kind>archive</kind>
         <file>rtsv7R4_T_be_v3D16_eabi.lib</file>
         <name>auto_init.obj</name>
      </input_file>
      <input_file id="fl-24">
         <path>c:\ti\ccsv6\tools\compiler\arm_5.1.6\lib\</path>
         <kind>archive</kind>
         <file>rtsv7R4_T_be_v3D16_eabi.lib</file>
         <name>copy_decompress_none.obj</name>
      </input_file>
      <input_file id="fl-25">
         <path>c:\ti\ccsv6\tools\compiler\arm_5.1.6\lib\</path>
         <kind>archive</kind>
         <file>rtsv7R4_T_be_v3D16_eabi.lib</file>
         <name>copy_decompress_rle.obj</name>
      </input_file>
      <input_file id="fl-26">
         <path>c:\ti\ccsv6\tools\compiler\arm_5.1.6\lib\</path>
         <kind>archive</kind>
         <file>rtsv7R4_T_be_v3D16_eabi.lib</file>
         <name>copy_zero_init.obj</name>
      </input_file>
      <input_file id="fl-27">
         <path>c:\ti\ccsv6\tools\compiler\arm_5.1.6\lib\</path>
         <kind>archive</kind>
         <file>rtsv7R4_T_be_v3D16_eabi.lib</file>
         <name>cpy_tbl.obj</name>
      </input_file>
      <input_file id="fl-28">
         <path>c:\ti\ccsv6\tools\compiler\arm_5.1.6\lib\</path>
         <kind>archive</kind>
         <file>rtsv7R4_T_be_v3D16_eabi.lib</file>
         <name>exit.obj</name>
      </input_file>
      <input_file id="fl-29">
         <path>c:\ti\ccsv6\tools\compiler\arm_5.1.6\lib\</path>
         <kind>archive</kind>
         <file>rtsv7R4_T_be_v3D16_eabi.lib</file>
         <name>i_div32.obj</name>
      </input_file>
      <input_file id="fl-2a">
         <path>c:\ti\ccsv6\tools\compiler\arm_5.1.6\lib\</path>
         <kind>archive</kind>
         <file>rtsv7R4_T_be_v3D16_eabi.lib</file>
         <name>memcmp.obj</name>
      </input_file>
      <input_file id="fl-2b">
         <path>c:\ti\ccsv6\tools\compiler\arm_5.1.6\lib\</path>
         <kind>archive</kind>
         <file>rtsv7R4_T_be_v3D16_eabi.lib</file>
         <name>memcpy_t2.obj</name>
      </input_file>
      <input_file id="fl-2c">
         <path>c:\ti\ccsv6\tools\compiler\arm_5.1.6\lib\</path>
         <kind>archive</kind>
         <file>rtsv7R4_T_be_v3D16_eabi.lib</file>
         <name>memset_t2.obj</name>
      </input_file>
      <input_file id="fl-2d">
         <path>c:\ti\ccsv6\tools\compiler\arm_5.1.6\lib\</path>
         <kind>archive</kind>
         <file>rtsv7R4_T_be_v3D16_eabi.lib</file>
         <name>strchr.obj</name>
      </input_file>
      <input_file id="fl-2e">
         <path>c:\ti\ccsv6\tools\compiler\arm_5.1.6\lib\</path>
         <kind>archive</kind>
         <file>rtsv7R4_T_be_v3D16_eabi.lib</file>
         <name>strcmp.obj</name>
      </input_file>
      <input_file id="fl-2f">
         <path>c:\ti\ccsv6\tools\compiler\arm_5.1.6\lib\</path>
         <kind>archive</kind>
         <file>rtsv7R4_T_be_v3D16_eabi.lib</file>
         <name>strlen.obj</name>
      </input_file>
      <input_file id="fl-30">
         <path>c:\ti\ccsv6\tools\compiler\arm_5.1.6\lib\</path>
         <kind>archive</kind>
         <file>rtsv7R4_T_be_v3D16_eabi.lib</file>
         <name>strncmp.obj</name>
      </input_file>
      <input_file id="fl-31">
         <path>c:\ti\ccsv6\tools\compiler\arm_5.1.6\lib\</path>
         <kind>archive</kind>
         <file>rtsv7R4_T_be_v3D16_eabi.lib</file>
         <name>u_div32.obj</name>
      </input_file>
      <input_file id="fl-32">
         <path>c:\ti\ccsv6\tools\compiler\arm_5.1.6\lib\</path>
         <kind>archive</kind>
         <file>rtsv7R4_T_be_v3D16_eabi.lib</file>
         <name>_lock.obj</name>
      </input_file>
   </input_file_list>
   <object_component_list>
      <object_component id="oc-38">
         <name>.intvecs</name>
         <load_address>0x0</load_address>
         <run_address>0x0</run_address>
         <size>0x20</size>
         <input_file_ref idref="fl-c"/>
      </object_component>
      <object_component id="oc-ba">
         <name>.text</name>
         <load_address>0x41a58</load_address>
         <run_address>0x41a58</run_address>
         <size>0x104e0</size>
         <input_file_ref idref="fl-1c"/>
      </object_component>
      <object_component id="oc-af">
         <name>.text</name>
         <load_address>0x51f38</load_address>
         <run_address>0x51f38</run_address>
         <size>0x1848</size>
         <input_file_ref idref="fl-18"/>
      </object_component>
      <object_component id="oc-251">
         <name>.text</name>
         <load_address>0x53780</load_address>
         <run_address>0x53780</run_address>
         <size>0xf38</size>
         <input_file_ref idref="fl-1a"/>
      </object_component>
      <object_component id="oc-c7">
         <name>.text</name>
         <load_address>0x546b8</load_address>
         <run_address>0x546b8</run_address>
         <size>0x9d4</size>
         <input_file_ref idref="fl-10"/>
      </object_component>
      <object_component id="oc-24">
         <name>.text</name>
         <load_address>0x5508c</load_address>
         <run_address>0x5508c</run_address>
         <size>0x930</size>
         <input_file_ref idref="fl-3"/>
      </object_component>
      <object_component id="oc-24b">
         <name>.text</name>
         <load_address>0x559bc</load_address>
         <run_address>0x559bc</run_address>
         <size>0x814</size>
         <input_file_ref idref="fl-f"/>
      </object_component>
      <object_component id="oc-60">
         <name>.text</name>
         <load_address>0x561d0</load_address>
         <run_address>0x561d0</run_address>
         <size>0x7f4</size>
         <input_file_ref idref="fl-15"/>
      </object_component>
      <object_component id="oc-13f">
         <name>.text</name>
         <load_address>0x569c4</load_address>
         <run_address>0x569c4</run_address>
         <size>0x710</size>
         <input_file_ref idref="fl-11"/>
      </object_component>
      <object_component id="oc-e1">
         <name>.text</name>
         <load_address>0x570d4</load_address>
         <run_address>0x570d4</run_address>
         <size>0x5fc</size>
         <input_file_ref idref="fl-19"/>
      </object_component>
      <object_component id="oc-5a">
         <name>.text</name>
         <load_address>0x576d0</load_address>
         <run_address>0x576d0</run_address>
         <size>0x540</size>
         <input_file_ref idref="fl-2"/>
      </object_component>
      <object_component id="oc-176">
         <name>.text</name>
         <load_address>0x57c10</load_address>
         <run_address>0x57c10</run_address>
         <size>0x528</size>
         <input_file_ref idref="fl-1d"/>
      </object_component>
      <object_component id="oc-4f">
         <name>.text</name>
         <load_address>0x58138</load_address>
         <run_address>0x58138</run_address>
         <size>0x3e4</size>
         <input_file_ref idref="fl-e"/>
      </object_component>
      <object_component id="oc-23">
         <name>.text:retain</name>
         <load_address>0x5851c</load_address>
         <run_address>0x5851c</run_address>
         <size>0x34c</size>
         <input_file_ref idref="fl-3"/>
      </object_component>
      <object_component id="oc-145">
         <name>.text</name>
         <load_address>0x58868</load_address>
         <run_address>0x58868</run_address>
         <size>0x1c4</size>
         <input_file_ref idref="fl-14"/>
      </object_component>
      <object_component id="oc-3d">
         <name>.text:retain</name>
         <load_address>0x58a2c</load_address>
         <run_address>0x58a2c</run_address>
         <size>0x188</size>
         <input_file_ref idref="fl-15"/>
      </object_component>
      <object_component id="oc-302">
         <name>.text</name>
         <load_address>0x58bb4</load_address>
         <run_address>0x58bb4</run_address>
         <size>0x104</size>
         <input_file_ref idref="fl-1b"/>
      </object_component>
      <object_component id="oc-43">
         <name>.text:retain</name>
         <load_address>0x58cb8</load_address>
         <run_address>0x58cb8</run_address>
         <size>0xcc</size>
         <input_file_ref idref="fl-18"/>
      </object_component>
      <object_component id="oc-b">
         <name>.text:retain</name>
         <load_address>0x58d84</load_address>
         <run_address>0x58d84</run_address>
         <size>0xb0</size>
         <input_file_ref idref="fl-4"/>
      </object_component>
      <object_component id="oc-49">
         <name>.text:retain</name>
         <load_address>0x58e34</load_address>
         <run_address>0x58e34</run_address>
         <size>0xa0</size>
         <input_file_ref idref="fl-19"/>
      </object_component>
      <object_component id="oc-78">
         <name>.text</name>
         <load_address>0x58ed4</load_address>
         <run_address>0x58ed4</run_address>
         <size>0x9c</size>
         <input_file_ref idref="fl-2b"/>
      </object_component>
      <object_component id="oc-66">
         <name>.text</name>
         <load_address>0x58f70</load_address>
         <run_address>0x58f70</run_address>
         <size>0x94</size>
         <input_file_ref idref="fl-23"/>
      </object_component>
      <object_component id="oc-54">
         <name>.text</name>
         <load_address>0x59004</load_address>
         <run_address>0x59004</run_address>
         <size>0x80</size>
         <input_file_ref idref="fl-12"/>
      </object_component>
      <object_component id="oc-15d">
         <name>.text</name>
         <load_address>0x59084</load_address>
         <run_address>0x59084</run_address>
         <size>0x78</size>
         <input_file_ref idref="fl-2c"/>
      </object_component>
      <object_component id="oc-8b">
         <name>.text</name>
         <load_address>0x590fc</load_address>
         <run_address>0x590fc</run_address>
         <size>0x60</size>
         <input_file_ref idref="fl-25"/>
      </object_component>
      <object_component id="oc-158">
         <name>.text</name>
         <load_address>0x5915c</load_address>
         <run_address>0x5915c</run_address>
         <size>0x58</size>
         <input_file_ref idref="fl-29"/>
      </object_component>
      <object_component id="oc-162">
         <name>.text</name>
         <load_address>0x591b4</load_address>
         <run_address>0x591b4</run_address>
         <size>0x54</size>
         <input_file_ref idref="fl-31"/>
      </object_component>
      <object_component id="oc-da">
         <name>.text</name>
         <load_address>0x59208</load_address>
         <run_address>0x59208</run_address>
         <size>0x48</size>
         <input_file_ref idref="fl-27"/>
      </object_component>
      <object_component id="oc-71">
         <name>.text</name>
         <load_address>0x59250</load_address>
         <run_address>0x59250</run_address>
         <size>0x44</size>
         <input_file_ref idref="fl-28"/>
      </object_component>
      <object_component id="oc-2fc">
         <name>.text</name>
         <load_address>0x59294</load_address>
         <run_address>0x59294</run_address>
         <size>0x26</size>
         <input_file_ref idref="fl-30"/>
      </object_component>
      <object_component id="oc-1d8">
         <name>.text</name>
         <load_address>0x592ba</load_address>
         <run_address>0x592ba</run_address>
         <size>0x22</size>
         <input_file_ref idref="fl-2a"/>
      </object_component>
      <object_component id="oc-337">
         <name>.text</name>
         <load_address>0x592dc</load_address>
         <run_address>0x592dc</run_address>
         <size>0x18</size>
         <input_file_ref idref="fl-2e"/>
      </object_component>
      <object_component id="oc-308">
         <name>.text</name>
         <load_address>0x592f4</load_address>
         <run_address>0x592f4</run_address>
         <size>0x16</size>
         <input_file_ref idref="fl-2d"/>
      </object_component>
      <object_component id="oc-194">
         <name>.text</name>
         <load_address>0x5930a</load_address>
         <run_address>0x5930a</run_address>
         <size>0x16</size>
         <input_file_ref idref="fl-2f"/>
      </object_component>
      <object_component id="oc-6b">
         <name>.text</name>
         <load_address>0x59320</load_address>
         <run_address>0x59320</run_address>
         <size>0x14</size>
         <input_file_ref idref="fl-b"/>
      </object_component>
      <object_component id="oc-265">
         <name>.text</name>
         <load_address>0x59334</load_address>
         <run_address>0x59334</run_address>
         <size>0x14</size>
         <input_file_ref idref="fl-32"/>
      </object_component>
      <object_component id="oc-17">
         <name>.text:decompress:ZI</name>
         <load_address>0x59348</load_address>
         <run_address>0x59348</run_address>
         <size>0x12</size>
         <input_file_ref idref="fl-26"/>
      </object_component>
      <object_component id="oc-11">
         <name>.text:decompress:none</name>
         <load_address>0x5935a</load_address>
         <run_address>0x5935a</run_address>
         <size>0xe</size>
         <input_file_ref idref="fl-24"/>
      </object_component>
      <object_component id="oc-1d">
         <name>.text:decompress:rle24</name>
         <load_address>0x59368</load_address>
         <run_address>0x59368</run_address>
         <size>0x6</size>
         <input_file_ref idref="fl-25"/>
      </object_component>
      <object_component id="oc-2f">
         <name>.text:retain</name>
         <load_address>0x59370</load_address>
         <run_address>0x59370</run_address>
         <size>0x4</size>
         <input_file_ref idref="fl-8"/>
      </object_component>
      <object_component id="oc-362">
         <name>.const:.string:data_img_Hercules_block_diagram_gif</name>
         <load_address>0x20</load_address>
         <run_address>0x20</run_address>
         <size>0x363f5</size>
         <input_file_ref idref="fl-1b"/>
      </object_component>
      <object_component id="oc-368">
         <name>.const:.string:data_index_html</name>
         <load_address>0x36415</load_address>
         <run_address>0x36415</run_address>
         <size>0x7127</size>
         <input_file_ref idref="fl-1b"/>
      </object_component>
      <object_component id="oc-36b">
         <name>.const:.string:data_main_css</name>
         <load_address>0x3d53c</load_address>
         <run_address>0x3d53c</run_address>
         <size>0x293b</size>
         <input_file_ref idref="fl-1b"/>
      </object_component>
      <object_component id="oc-365">
         <name>.const:.string:data_img_ti_logo_gif</name>
         <load_address>0x3fe77</load_address>
         <run_address>0x3fe77</run_address>
         <size>0xd4b</size>
         <input_file_ref idref="fl-1b"/>
      </object_component>
      <object_component id="oc-35f">
         <name>.const:.string:data_IE60Fixes_css</name>
         <load_address>0x40bc2</load_address>
         <run_address>0x40bc2</run_address>
         <size>0x777</size>
         <input_file_ref idref="fl-1b"/>
      </object_component>
      <object_component id="oc-359">
         <name>.const:.string:data_404_html</name>
         <load_address>0x41339</load_address>
         <run_address>0x41339</run_address>
         <size>0x289</size>
         <input_file_ref idref="fl-1b"/>
      </object_component>
      <object_component id="oc-30">
         <name>.const:s_vim_init</name>
         <load_address>0x415c4</load_address>
         <run_address>0x415c4</run_address>
         <size>0x200</size>
         <input_file_ref idref="fl-3"/>
      </object_component>
      <object_component id="oc-35c">
         <name>.const:.string:data_BreadCrumbs_css</name>
         <load_address>0x417c4</load_address>
         <run_address>0x417c4</run_address>
         <size>0xa0</size>
         <input_file_ref idref="fl-1b"/>
      </object_component>
      <object_component id="oc-1a6">
         <name>.const:.string</name>
         <load_address>0x41864</load_address>
         <run_address>0x41864</run_address>
         <size>0x8c</size>
         <input_file_ref idref="fl-1c"/>
      </object_component>
      <object_component id="oc-33d">
         <name>.const</name>
         <load_address>0x418f0</load_address>
         <run_address>0x418f0</run_address>
         <size>0x8c</size>
         <input_file_ref idref="fl-1b"/>
      </object_component>
      <object_component id="oc-167">
         <name>.const</name>
         <load_address>0x4197c</load_address>
         <run_address>0x4197c</run_address>
         <size>0x44</size>
         <input_file_ref idref="fl-1c"/>
      </object_component>
      <object_component id="oc-346">
         <name>.const:.string</name>
         <load_address>0x419c0</load_address>
         <run_address>0x419c0</run_address>
         <size>0x40</size>
         <input_file_ref idref="fl-1a"/>
      </object_component>
      <object_component id="oc-1aa">
         <name>.const:tcp_state_str</name>
         <load_address>0x41a00</load_address>
         <run_address>0x41a00</run_address>
         <size>0x2c</size>
         <input_file_ref idref="fl-1c"/>
      </object_component>
      <object_component id="oc-311">
         <name>.const:g_psDefaultFilenames</name>
         <load_address>0x41a2c</load_address>
         <run_address>0x41a2c</run_address>
         <size>0x28</size>
         <input_file_ref idref="fl-1a"/>
      </object_component>
      <object_component id="oc-3a5">
         <name>.cinit..data.load</name>
         <load_address>0x59378</load_address>
         <run_address>0x59378</run_address>
         <size>0x191</size>
      </object_component>
      <object_component id="oc-3a2">
         <name>__TI_handler_table</name>
         <load_address>0x5950c</load_address>
         <run_address>0x5950c</run_address>
         <size>0xc</size>
      </object_component>
      <object_component id="oc-3a4">
         <name>.cinit..bss.load</name>
         <load_address>0x59518</load_address>
         <run_address>0x59518</run_address>
         <size>0x8</size>
      </object_component>
      <object_component id="oc-3a3">
         <name>__TI_cinit_table</name>
         <load_address>0x59520</load_address>
         <run_address>0x59520</run_address>
         <size>0x10</size>
      </object_component>
      <object_component id="oc-b5">
         <name>.bss:hdkif_data</name>
         <uninitialized>true</uninitialized>
         <run_address>0x8014468</run_address>
         <size>0x3c</size>
         <input_file_ref idref="fl-18"/>
      </object_component>
      <object_component id="oc-14b">
         <name>.bss:pbuf_array</name>
         <uninitialized>true</uninitialized>
         <run_address>0x80102a8</run_address>
         <size>0x3b24</size>
         <input_file_ref idref="fl-18"/>
      </object_component>
      <object_component id="oc-16d">
         <name>.bss:dhcp_rx_options_val</name>
         <uninitialized>true</uninitialized>
         <run_address>0x80144d8</run_address>
         <size>0x28</size>
         <input_file_ref idref="fl-1c"/>
      </object_component>
      <object_component id="oc-184">
         <name>.bss:ram_heap</name>
         <uninitialized>true</uninitialized>
         <run_address>0x8001500</run_address>
         <size>0x7814</size>
         <input_file_ref idref="fl-1c"/>
      </object_component>
      <object_component id="oc-187">
         <name>.bss:lwip_stats</name>
         <uninitialized>true</uninitialized>
         <run_address>0x80141cc</run_address>
         <size>0xea</size>
         <input_file_ref idref="fl-1c"/>
      </object_component>
      <object_component id="oc-18a">
         <name>.bss:memp_memory</name>
         <uninitialized>true</uninitialized>
         <run_address>0x8008d14</run_address>
         <size>0x7594</size>
         <input_file_ref idref="fl-1c"/>
      </object_component>
      <object_component id="oc-1d5">
         <name>.bss:arp_table</name>
         <uninitialized>true</uninitialized>
         <run_address>0x80142b8</run_address>
         <size>0xc8</size>
         <input_file_ref idref="fl-1c"/>
      </object_component>
      <object_component id="oc-1df">
         <name>.bss:hdkif_data</name>
         <uninitialized>true</uninitialized>
         <run_address>0x8014424</run_address>
         <size>0x44</size>
         <input_file_ref idref="fl-1c"/>
      </object_component>
      <object_component id="oc-1e8">
         <name>.bss:locatorData</name>
         <uninitialized>true</uninitialized>
         <run_address>0x8014380</run_address>
         <size>0x54</size>
         <input_file_ref idref="fl-1c"/>
      </object_component>
      <object_component id="oc-1eb">
         <name>.bss:hdkNetIF</name>
         <uninitialized>true</uninitialized>
         <run_address>0x80144a4</run_address>
         <size>0x34</size>
         <input_file_ref idref="fl-1c"/>
      </object_component>
      <object_component id="oc-2f8">
         <name>.bss:g_sciTransfer_t</name>
         <uninitialized>true</uninitialized>
         <run_address>0x80143d4</run_address>
         <size>0x50</size>
         <input_file_ref idref="fl-f"/>
      </object_component>
      <object_component id="oc-30e">
         <name>.bss:httpd_req_buf</name>
         <uninitialized>true</uninitialized>
         <run_address>0x8013dcc</run_address>
         <size>0x400</size>
         <input_file_ref idref="fl-1a"/>
      </object_component>
      <object_component id="oc-257">
         <name>.common:delayval$1</name>
         <uninitialized>true</uninitialized>
         <run_address>0x8014560</run_address>
         <size>0x4</size>
      </object_component>
      <object_component id="oc-25b">
         <name>.common:txtIPAddrItoA</name>
         <uninitialized>true</uninitialized>
         <run_address>0x80145b4</run_address>
         <size>0x4</size>
      </object_component>
      <object_component id="oc-181">
         <name>.common:ram</name>
         <uninitialized>true</uninitialized>
         <run_address>0x8014578</run_address>
         <size>0x4</size>
      </object_component>
      <object_component id="oc-182">
         <name>.common:ram_end</name>
         <uninitialized>true</uninitialized>
         <run_address>0x801457c</run_address>
         <size>0x4</size>
      </object_component>
      <object_component id="oc-183">
         <name>.common:lfree</name>
         <uninitialized>true</uninitialized>
         <run_address>0x8014568</run_address>
         <size>0x4</size>
      </object_component>
      <object_component id="oc-18d">
         <name>.common:memp_tab</name>
         <uninitialized>true</uninitialized>
         <run_address>0x8014500</run_address>
         <size>0x20</size>
      </object_component>
      <object_component id="oc-18e">
         <name>.common:netif_num</name>
         <uninitialized>true</uninitialized>
         <run_address>0x80145c0</run_address>
         <size>0x1</size>
      </object_component>
      <object_component id="oc-19a">
         <name>.common:raw_pcbs</name>
         <uninitialized>true</uninitialized>
         <run_address>0x8014580</run_address>
         <size>0x4</size>
      </object_component>
      <object_component id="oc-19d">
         <name>.common:tcp_timer</name>
         <uninitialized>true</uninitialized>
         <run_address>0x80145c4</run_address>
         <size>0x1</size>
      </object_component>
      <object_component id="oc-1a5">
         <name>.common:tcp_timer_ctr</name>
         <uninitialized>true</uninitialized>
         <run_address>0x80145c5</run_address>
         <size>0x1</size>
      </object_component>
      <object_component id="oc-1c8">
         <name>.common:inseg</name>
         <uninitialized>true</uninitialized>
         <run_address>0x8014520</run_address>
         <size>0x10</size>
      </object_component>
      <object_component id="oc-1c9">
         <name>.common:tcphdr</name>
         <uninitialized>true</uninitialized>
         <run_address>0x80145a8</run_address>
         <size>0x4</size>
      </object_component>
      <object_component id="oc-1ad">
         <name>.common:iphdr</name>
         <uninitialized>true</uninitialized>
         <run_address>0x8014564</run_address>
         <size>0x4</size>
      </object_component>
      <object_component id="oc-1c2">
         <name>.common:seqno</name>
         <uninitialized>true</uninitialized>
         <run_address>0x8014588</run_address>
         <size>0x4</size>
      </object_component>
      <object_component id="oc-1c0">
         <name>.common:ackno</name>
         <uninitialized>true</uninitialized>
         <run_address>0x801454c</run_address>
         <size>0x4</size>
      </object_component>
      <object_component id="oc-1b1">
         <name>.common:flags</name>
         <uninitialized>true</uninitialized>
         <run_address>0x80145bf</run_address>
         <size>0x1</size>
      </object_component>
      <object_component id="oc-1c1">
         <name>.common:tcplen</name>
         <uninitialized>true</uninitialized>
         <run_address>0x80145bc</run_address>
         <size>0x2</size>
      </object_component>
      <object_component id="oc-1c7">
         <name>.common:recv_flags</name>
         <uninitialized>true</uninitialized>
         <run_address>0x80145c2</run_address>
         <size>0x1</size>
      </object_component>
      <object_component id="oc-1c6">
         <name>.common:recv_data</name>
         <uninitialized>true</uninitialized>
         <run_address>0x8014584</run_address>
         <size>0x4</size>
      </object_component>
      <object_component id="oc-1d3">
         <name>.common:ip_id</name>
         <uninitialized>true</uninitialized>
         <run_address>0x80142b6</run_address>
         <size>0x2</size>
      </object_component>
      <object_component id="oc-1de">
         <name>.common:etharp_cached_entry</name>
         <uninitialized>true</uninitialized>
         <run_address>0x80145be</run_address>
         <size>0x1</size>
      </object_component>
      <object_component id="oc-1d4">
         <name>.common:str$3</name>
         <uninitialized>true</uninitialized>
         <run_address>0x8014530</run_address>
         <size>0x10</size>
      </object_component>
      <object_component id="oc-17d">
         <name>.common:dhcp_rx_options_given</name>
         <uninitialized>true</uninitialized>
         <run_address>0x8014540</run_address>
         <size>0xc</size>
      </object_component>
      <object_component id="oc-1cf">
         <name>.common:netif_list</name>
         <uninitialized>true</uninitialized>
         <run_address>0x8014570</run_address>
         <size>0x4</size>
      </object_component>
      <object_component id="oc-1d0">
         <name>.common:netif_default</name>
         <uninitialized>true</uninitialized>
         <run_address>0x801456c</run_address>
         <size>0x4</size>
      </object_component>
      <object_component id="oc-2ba">
         <name>.common:pbuf_free_ooseq_pending</name>
         <uninitialized>true</uninitialized>
         <run_address>0x80145c1</run_address>
         <size>0x1</size>
      </object_component>
      <object_component id="oc-1cb">
         <name>.common:tcp_ticks</name>
         <uninitialized>true</uninitialized>
         <run_address>0x801459c</run_address>
         <size>0x4</size>
      </object_component>
      <object_component id="oc-282">
         <name>.common:tcp_bound_pcbs</name>
         <uninitialized>true</uninitialized>
         <run_address>0x8014590</run_address>
         <size>0x4</size>
      </object_component>
      <object_component id="oc-281">
         <name>.common:tcp_listen_pcbs</name>
         <uninitialized>true</uninitialized>
         <run_address>0x8014598</run_address>
         <size>0x4</size>
      </object_component>
      <object_component id="oc-2b3">
         <name>.common:tcp_active_pcbs</name>
         <uninitialized>true</uninitialized>
         <run_address>0x801458c</run_address>
         <size>0x4</size>
      </object_component>
      <object_component id="oc-2b4">
         <name>.common:tcp_tw_pcbs</name>
         <uninitialized>true</uninitialized>
         <run_address>0x80145a4</run_address>
         <size>0x4</size>
      </object_component>
      <object_component id="oc-1a9">
         <name>.common:tcp_tmp_pcb</name>
         <uninitialized>true</uninitialized>
         <run_address>0x80145a0</run_address>
         <size>0x4</size>
      </object_component>
      <object_component id="oc-1be">
         <name>.common:tcp_active_pcbs_changed</name>
         <uninitialized>true</uninitialized>
         <run_address>0x80145c3</run_address>
         <size>0x1</size>
      </object_component>
      <object_component id="oc-1ca">
         <name>.common:tcp_input_pcb</name>
         <uninitialized>true</uninitialized>
         <run_address>0x8014594</run_address>
         <size>0x4</size>
      </object_component>
      <object_component id="oc-1cc">
         <name>.common:udp_pcbs</name>
         <uninitialized>true</uninitialized>
         <run_address>0x80145b8</run_address>
         <size>0x4</size>
      </object_component>
      <object_component id="oc-1d1">
         <name>.common:current_netif</name>
         <uninitialized>true</uninitialized>
         <run_address>0x801455c</run_address>
         <size>0x4</size>
      </object_component>
      <object_component id="oc-1d2">
         <name>.common:current_header</name>
         <uninitialized>true</uninitialized>
         <run_address>0x8014550</run_address>
         <size>0x4</size>
      </object_component>
      <object_component id="oc-1ce">
         <name>.common:current_iphdr_src</name>
         <uninitialized>true</uninitialized>
         <run_address>0x8014558</run_address>
         <size>0x4</size>
      </object_component>
      <object_component id="oc-1cd">
         <name>.common:current_iphdr_dest</name>
         <uninitialized>true</uninitialized>
         <run_address>0x8014554</run_address>
         <size>0x4</size>
      </object_component>
      <object_component id="oc-2b9">
         <name>.common:next_timeout</name>
         <uninitialized>true</uninitialized>
         <run_address>0x8014574</run_address>
         <size>0x4</size>
      </object_component>
      <object_component id="oc-2b8">
         <name>.common:timeouts_last_time</name>
         <uninitialized>true</uninitialized>
         <run_address>0x80145b0</run_address>
         <size>0x4</size>
      </object_component>
      <object_component id="oc-2b5">
         <name>.common:tcpip_tcp_timer_active</name>
         <uninitialized>true</uninitialized>
         <run_address>0x80145ac</run_address>
         <size>0x4</size>
      </object_component>
      <object_component id="oc-c0">
         <name>.data</name>
         <load_address>0x80145c8</load_address>
         <run_address>0x80145c8</run_address>
         <size>0xb0</size>
         <input_file_ref idref="fl-19"/>
      </object_component>
      <object_component id="oc-e7">
         <name>.data</name>
         <load_address>0x8014750</load_address>
         <run_address>0x8014750</run_address>
         <size>0xc</size>
         <input_file_ref idref="fl-b"/>
      </object_component>
      <object_component id="oc-eb">
         <name>.data</name>
         <load_address>0x801475c</load_address>
         <run_address>0x801475c</run_address>
         <size>0x8</size>
         <input_file_ref idref="fl-32"/>
      </object_component>
      <object_component id="oc-ee">
         <name>.data</name>
         <load_address>0x8014764</load_address>
         <run_address>0x8014764</run_address>
         <size>0x8</size>
         <input_file_ref idref="fl-28"/>
      </object_component>
      <object_component id="oc-17e">
         <name>.data</name>
         <load_address>0x8014678</load_address>
         <run_address>0x8014678</run_address>
         <size>0x60</size>
         <input_file_ref idref="fl-1c"/>
      </object_component>
      <object_component id="oc-1e2">
         <name>.data:txtPhyGetAlSts</name>
         <load_address>0x8014706</load_address>
         <run_address>0x8014706</run_address>
         <size>0x25</size>
         <input_file_ref idref="fl-1c"/>
      </object_component>
      <object_component id="oc-1e5">
         <name>.data:txtPhyGetLnkSts</name>
         <load_address>0x801472b</load_address>
         <run_address>0x801472b</run_address>
         <size>0x24</size>
         <input_file_ref idref="fl-1c"/>
      </object_component>
      <object_component id="oc-258">
         <name>.data:txtErrorInit</name>
         <load_address>0x80146d8</load_address>
         <run_address>0x80146d8</run_address>
         <size>0x2e</size>
         <input_file_ref idref="fl-19"/>
      </object_component>
      <object_component id="oc-c">
         <name>.debug_info</name>
         <load_address>0x0</load_address>
         <run_address>0x0</run_address>
         <size>0x3ed</size>
         <input_file_ref idref="fl-4"/>
      </object_component>
      <object_component id="oc-15">
         <name>.debug_info</name>
         <load_address>0x3ed</load_address>
         <run_address>0x3ed</run_address>
         <size>0x194</size>
         <input_file_ref idref="fl-24"/>
      </object_component>
      <object_component id="oc-1a">
         <name>.debug_info</name>
         <load_address>0x581</load_address>
         <run_address>0x581</run_address>
         <size>0x16a</size>
         <input_file_ref idref="fl-26"/>
      </object_component>
      <object_component id="oc-20">
         <name>.debug_info</name>
         <load_address>0x6eb</load_address>
         <run_address>0x6eb</run_address>
         <size>0x18e</size>
         <input_file_ref idref="fl-25"/>
      </object_component>
      <object_component id="oc-25">
         <name>.debug_info</name>
         <load_address>0x879</load_address>
         <run_address>0x879</run_address>
         <size>0x90d</size>
         <input_file_ref idref="fl-3"/>
      </object_component>
      <object_component id="oc-2a">
         <name>.debug_info</name>
         <load_address>0x1186</load_address>
         <run_address>0x1186</run_address>
         <size>0x358</size>
         <input_file_ref idref="fl-3"/>
      </object_component>
      <object_component id="oc-31">
         <name>.debug_info</name>
         <load_address>0x14de</load_address>
         <run_address>0x14de</run_address>
         <size>0x175</size>
         <input_file_ref idref="fl-3"/>
      </object_component>
      <object_component id="oc-33">
         <name>.debug_info</name>
         <load_address>0x1653</load_address>
         <run_address>0x1653</run_address>
         <size>0x29b</size>
         <input_file_ref idref="fl-8"/>
      </object_component>
      <object_component id="oc-39">
         <name>.debug_info</name>
         <load_address>0x18ee</load_address>
         <run_address>0x18ee</run_address>
         <size>0x208</size>
         <input_file_ref idref="fl-c"/>
      </object_component>
      <object_component id="oc-3e">
         <name>.debug_info</name>
         <load_address>0x1af6</load_address>
         <run_address>0x1af6</run_address>
         <size>0x306</size>
         <input_file_ref idref="fl-15"/>
      </object_component>
      <object_component id="oc-44">
         <name>.debug_info</name>
         <load_address>0x1dfc</load_address>
         <run_address>0x1dfc</run_address>
         <size>0x459</size>
         <input_file_ref idref="fl-18"/>
      </object_component>
      <object_component id="oc-4a">
         <name>.debug_info</name>
         <load_address>0x2255</load_address>
         <run_address>0x2255</run_address>
         <size>0x36e</size>
         <input_file_ref idref="fl-19"/>
      </object_component>
      <object_component id="oc-50">
         <name>.debug_info</name>
         <load_address>0x25c3</load_address>
         <run_address>0x25c3</run_address>
         <size>0x14a0</size>
         <input_file_ref idref="fl-e"/>
      </object_component>
      <object_component id="oc-55">
         <name>.debug_info</name>
         <load_address>0x3a63</load_address>
         <run_address>0x3a63</run_address>
         <size>0xd63</size>
         <input_file_ref idref="fl-12"/>
      </object_component>
      <object_component id="oc-5b">
         <name>.debug_info</name>
         <load_address>0x47c6</load_address>
         <run_address>0x47c6</run_address>
         <size>0xb91</size>
         <input_file_ref idref="fl-2"/>
      </object_component>
      <object_component id="oc-61">
         <name>.debug_info</name>
         <load_address>0x5357</load_address>
         <run_address>0x5357</run_address>
         <size>0x2430</size>
         <input_file_ref idref="fl-15"/>
      </object_component>
      <object_component id="oc-68">
         <name>.debug_info</name>
         <load_address>0x7787</load_address>
         <run_address>0x7787</run_address>
         <size>0x13d</size>
         <input_file_ref idref="fl-23"/>
      </object_component>
      <object_component id="oc-6c">
         <name>.debug_info</name>
         <load_address>0x78c4</load_address>
         <run_address>0x78c4</run_address>
         <size>0x28e</size>
         <input_file_ref idref="fl-b"/>
      </object_component>
      <object_component id="oc-74">
         <name>.debug_info</name>
         <load_address>0x7b52</load_address>
         <run_address>0x7b52</run_address>
         <size>0x1c2</size>
         <input_file_ref idref="fl-28"/>
      </object_component>
      <object_component id="oc-7a">
         <name>.debug_info</name>
         <load_address>0x7d14</load_address>
         <run_address>0x7d14</run_address>
         <size>0xcc</size>
         <input_file_ref idref="fl-2b"/>
      </object_component>
      <object_component id="oc-7e">
         <name>.debug_info</name>
         <load_address>0x7de0</load_address>
         <run_address>0x7de0</run_address>
         <size>0x46</size>
         <input_file_ref idref="fl-24"/>
      </object_component>
      <object_component id="oc-83">
         <name>.debug_info</name>
         <load_address>0x7e26</load_address>
         <run_address>0x7e26</run_address>
         <size>0xf2</size>
         <input_file_ref idref="fl-24"/>
      </object_component>
      <object_component id="oc-85">
         <name>.debug_info</name>
         <load_address>0x7f18</load_address>
         <run_address>0x7f18</run_address>
         <size>0x46</size>
         <input_file_ref idref="fl-26"/>
      </object_component>
      <object_component id="oc-8a">
         <name>.debug_info</name>
         <load_address>0x7f5e</load_address>
         <run_address>0x7f5e</run_address>
         <size>0xad</size>
         <input_file_ref idref="fl-26"/>
      </object_component>
      <object_component id="oc-8c">
         <name>.debug_info</name>
         <load_address>0x800b</load_address>
         <run_address>0x800b</run_address>
         <size>0x1ef</size>
         <input_file_ref idref="fl-25"/>
      </object_component>
      <object_component id="oc-92">
         <name>.debug_info</name>
         <load_address>0x81fa</load_address>
         <run_address>0x81fa</run_address>
         <size>0xb7</size>
         <input_file_ref idref="fl-25"/>
      </object_component>
      <object_component id="oc-93">
         <name>.debug_info</name>
         <load_address>0x82b1</load_address>
         <run_address>0x82b1</run_address>
         <size>0x39</size>
         <input_file_ref idref="fl-25"/>
      </object_component>
      <object_component id="oc-99">
         <name>.debug_info</name>
         <load_address>0x82ea</load_address>
         <run_address>0x82ea</run_address>
         <size>0xae</size>
         <input_file_ref idref="fl-2"/>
      </object_component>
      <object_component id="oc-9e">
         <name>.debug_info</name>
         <load_address>0x8398</load_address>
         <run_address>0x8398</run_address>
         <size>0x18c</size>
         <input_file_ref idref="fl-3"/>
      </object_component>
      <object_component id="oc-a3">
         <name>.debug_info</name>
         <load_address>0x8524</load_address>
         <run_address>0x8524</run_address>
         <size>0x386</size>
         <input_file_ref idref="fl-3"/>
      </object_component>
      <object_component id="oc-a4">
         <name>.debug_info</name>
         <load_address>0x88aa</load_address>
         <run_address>0x88aa</run_address>
         <size>0x86</size>
         <input_file_ref idref="fl-2"/>
      </object_component>
      <object_component id="oc-b0">
         <name>.debug_info</name>
         <load_address>0x8930</load_address>
         <run_address>0x8930</run_address>
         <size>0x5fdd</size>
         <input_file_ref idref="fl-18"/>
      </object_component>
      <object_component id="oc-b6">
         <name>.debug_info</name>
         <load_address>0xe90d</load_address>
         <run_address>0xe90d</run_address>
         <size>0x173</size>
         <input_file_ref idref="fl-18"/>
      </object_component>
      <object_component id="oc-b9">
         <name>.debug_info</name>
         <load_address>0xea80</load_address>
         <run_address>0xea80</run_address>
         <size>0x479</size>
         <input_file_ref idref="fl-18"/>
      </object_component>
      <object_component id="oc-bb">
         <name>.debug_info</name>
         <load_address>0xeef9</load_address>
         <run_address>0xeef9</run_address>
         <size>0x16b79</size>
         <input_file_ref idref="fl-1c"/>
      </object_component>
      <object_component id="oc-c1">
         <name>.debug_info</name>
         <load_address>0x25a72</load_address>
         <run_address>0x25a72</run_address>
         <size>0x2ca</size>
         <input_file_ref idref="fl-19"/>
      </object_component>
      <object_component id="oc-c6">
         <name>.debug_info</name>
         <load_address>0x25d3c</load_address>
         <run_address>0x25d3c</run_address>
         <size>0x2a6</size>
         <input_file_ref idref="fl-12"/>
      </object_component>
      <object_component id="oc-c8">
         <name>.debug_info</name>
         <load_address>0x25fe2</load_address>
         <run_address>0x25fe2</run_address>
         <size>0x27a</size>
         <input_file_ref idref="fl-10"/>
      </object_component>
      <object_component id="oc-ce">
         <name>.debug_info</name>
         <load_address>0x2625c</load_address>
         <run_address>0x2625c</run_address>
         <size>0x5da</size>
         <input_file_ref idref="fl-2"/>
      </object_component>
      <object_component id="oc-d4">
         <name>.debug_info</name>
         <load_address>0x26836</load_address>
         <run_address>0x26836</run_address>
         <size>0x168</size>
         <input_file_ref idref="fl-3"/>
      </object_component>
      <object_component id="oc-d9">
         <name>.debug_info</name>
         <load_address>0x2699e</load_address>
         <run_address>0x2699e</run_address>
         <size>0x22d</size>
         <input_file_ref idref="fl-15"/>
      </object_component>
      <object_component id="oc-dc">
         <name>.debug_info</name>
         <load_address>0x26bcb</load_address>
         <run_address>0x26bcb</run_address>
         <size>0x14b</size>
         <input_file_ref idref="fl-27"/>
      </object_component>
      <object_component id="oc-e2">
         <name>.debug_info</name>
         <load_address>0x26d16</load_address>
         <run_address>0x26d16</run_address>
         <size>0x11d1</size>
         <input_file_ref idref="fl-19"/>
      </object_component>
      <object_component id="oc-e8">
         <name>.debug_info</name>
         <load_address>0x27ee7</load_address>
         <run_address>0x27ee7</run_address>
         <size>0x1a6</size>
         <input_file_ref idref="fl-b"/>
      </object_component>
      <object_component id="oc-ec">
         <name>.debug_info</name>
         <load_address>0x2808d</load_address>
         <run_address>0x2808d</run_address>
         <size>0xc8</size>
         <input_file_ref idref="fl-32"/>
      </object_component>
      <object_component id="oc-ef">
         <name>.debug_info</name>
         <load_address>0x28155</load_address>
         <run_address>0x28155</run_address>
         <size>0xeb</size>
         <input_file_ref idref="fl-28"/>
      </object_component>
      <object_component id="oc-f2">
         <name>.debug_info</name>
         <load_address>0x28240</load_address>
         <run_address>0x28240</run_address>
         <size>0x84</size>
         <input_file_ref idref="fl-2"/>
      </object_component>
      <object_component id="oc-f7">
         <name>.debug_info</name>
         <load_address>0x282c4</load_address>
         <run_address>0x282c4</run_address>
         <size>0x146</size>
         <input_file_ref idref="fl-28"/>
      </object_component>
      <object_component id="oc-fa">
         <name>.debug_info</name>
         <load_address>0x2840a</load_address>
         <run_address>0x2840a</run_address>
         <size>0x2c</size>
         <input_file_ref idref="fl-24"/>
      </object_component>
      <object_component id="oc-101">
         <name>.debug_info</name>
         <load_address>0x28436</load_address>
         <run_address>0x28436</run_address>
         <size>0x2c</size>
         <input_file_ref idref="fl-5"/>
      </object_component>
      <object_component id="oc-10b">
         <name>.debug_info</name>
         <load_address>0x28462</load_address>
         <run_address>0x28462</run_address>
         <size>0x18b</size>
         <input_file_ref idref="fl-2"/>
      </object_component>
      <object_component id="oc-110">
         <name>.debug_info</name>
         <load_address>0x285ed</load_address>
         <run_address>0x285ed</run_address>
         <size>0x2c</size>
         <input_file_ref idref="fl-2"/>
      </object_component>
      <object_component id="oc-117">
         <name>.debug_info</name>
         <load_address>0x28619</load_address>
         <run_address>0x28619</run_address>
         <size>0x102</size>
         <input_file_ref idref="fl-2"/>
      </object_component>
      <object_component id="oc-11c">
         <name>.debug_info</name>
         <load_address>0x2871b</load_address>
         <run_address>0x2871b</run_address>
         <size>0x285</size>
         <input_file_ref idref="fl-3"/>
      </object_component>
      <object_component id="oc-121">
         <name>.debug_info</name>
         <load_address>0x289a0</load_address>
         <run_address>0x289a0</run_address>
         <size>0x44a</size>
         <input_file_ref idref="fl-2"/>
      </object_component>
      <object_component id="oc-126">
         <name>.debug_info</name>
         <load_address>0x28dea</load_address>
         <run_address>0x28dea</run_address>
         <size>0x1d1</size>
         <input_file_ref idref="fl-2"/>
      </object_component>
      <object_component id="oc-12b">
         <name>.debug_info</name>
         <load_address>0x28fbb</load_address>
         <run_address>0x28fbb</run_address>
         <size>0x152</size>
         <input_file_ref idref="fl-2"/>
      </object_component>
      <object_component id="oc-130">
         <name>.debug_info</name>
         <load_address>0x2910d</load_address>
         <run_address>0x2910d</run_address>
         <size>0x70a</size>
         <input_file_ref idref="fl-2"/>
      </object_component>
      <object_component id="oc-135">
         <name>.debug_info</name>
         <load_address>0x29817</load_address>
         <run_address>0x29817</run_address>
         <size>0x36d</size>
         <input_file_ref idref="fl-3"/>
      </object_component>
      <object_component id="oc-13a">
         <name>.debug_info</name>
         <load_address>0x29b84</load_address>
         <run_address>0x29b84</run_address>
         <size>0x4f</size>
         <input_file_ref idref="fl-3"/>
      </object_component>
      <object_component id="oc-140">
         <name>.debug_info</name>
         <load_address>0x29bd3</load_address>
         <run_address>0x29bd3</run_address>
         <size>0x1358</size>
         <input_file_ref idref="fl-11"/>
      </object_component>
      <object_component id="oc-146">
         <name>.debug_info</name>
         <load_address>0x2af2b</load_address>
         <run_address>0x2af2b</run_address>
         <size>0xcce</size>
         <input_file_ref idref="fl-14"/>
      </object_component>
      <object_component id="oc-14c">
         <name>.debug_info</name>
         <load_address>0x2bbf9</load_address>
         <run_address>0x2bbf9</run_address>
         <size>0x172</size>
         <input_file_ref idref="fl-18"/>
      </object_component>
      <object_component id="oc-153">
         <name>.debug_info</name>
         <load_address>0x2bd6b</load_address>
         <run_address>0x2bd6b</run_address>
         <size>0x506</size>
         <input_file_ref idref="fl-12"/>
      </object_component>
      <object_component id="oc-15a">
         <name>.debug_info</name>
         <load_address>0x2c271</load_address>
         <run_address>0x2c271</run_address>
         <size>0x144</size>
         <input_file_ref idref="fl-29"/>
      </object_component>
      <object_component id="oc-15e">
         <name>.debug_info</name>
         <load_address>0x2c3b5</load_address>
         <run_address>0x2c3b5</run_address>
         <size>0xfc</size>
         <input_file_ref idref="fl-2c"/>
      </object_component>
      <object_component id="oc-165">
         <name>.debug_info</name>
         <load_address>0x2c4b1</load_address>
         <run_address>0x2c4b1</run_address>
         <size>0x146</size>
         <input_file_ref idref="fl-31"/>
      </object_component>
      <object_component id="oc-168">
         <name>.debug_info</name>
         <load_address>0x2c5f7</load_address>
         <run_address>0x2c5f7</run_address>
         <size>0x24c</size>
         <input_file_ref idref="fl-1c"/>
      </object_component>
      <object_component id="oc-16b">
         <name>.debug_info</name>
         <load_address>0x2c843</load_address>
         <run_address>0x2c843</run_address>
         <size>0x13bd</size>
         <input_file_ref idref="fl-1c"/>
      </object_component>
      <object_component id="oc-16e">
         <name>.debug_info</name>
         <load_address>0x2dc00</load_address>
         <run_address>0x2dc00</run_address>
         <size>0x172</size>
         <input_file_ref idref="fl-1c"/>
      </object_component>
      <object_component id="oc-177">
         <name>.debug_info</name>
         <load_address>0x2dd72</load_address>
         <run_address>0x2dd72</run_address>
         <size>0xece</size>
         <input_file_ref idref="fl-1d"/>
      </object_component>
      <object_component id="oc-17f">
         <name>.debug_info</name>
         <load_address>0x2ec40</load_address>
         <run_address>0x2ec40</run_address>
         <size>0x25f</size>
         <input_file_ref idref="fl-1c"/>
      </object_component>
      <object_component id="oc-185">
         <name>.debug_info</name>
         <load_address>0x2ee9f</load_address>
         <run_address>0x2ee9f</run_address>
         <size>0x15c</size>
         <input_file_ref idref="fl-1c"/>
      </object_component>
      <object_component id="oc-188">
         <name>.debug_info</name>
         <load_address>0x2effb</load_address>
         <run_address>0x2effb</run_address>
         <size>0x160</size>
         <input_file_ref idref="fl-1c"/>
      </object_component>
      <object_component id="oc-18b">
         <name>.debug_info</name>
         <load_address>0x2f15b</load_address>
         <run_address>0x2f15b</run_address>
         <size>0x161</size>
         <input_file_ref idref="fl-1c"/>
      </object_component>
      <object_component id="oc-198">
         <name>.debug_info</name>
         <load_address>0x2f2bc</load_address>
         <run_address>0x2f2bc</run_address>
         <size>0x153</size>
         <input_file_ref idref="fl-2f"/>
      </object_component>
      <object_component id="oc-1a7">
         <name>.debug_info</name>
         <load_address>0x2f40f</load_address>
         <run_address>0x2f40f</run_address>
         <size>0x199</size>
         <input_file_ref idref="fl-1c"/>
      </object_component>
      <object_component id="oc-1ab">
         <name>.debug_info</name>
         <load_address>0x2f5a8</load_address>
         <run_address>0x2f5a8</run_address>
         <size>0x166</size>
         <input_file_ref idref="fl-1c"/>
      </object_component>
      <object_component id="oc-1d6">
         <name>.debug_info</name>
         <load_address>0x2f70e</load_address>
         <run_address>0x2f70e</run_address>
         <size>0x15d</size>
         <input_file_ref idref="fl-1c"/>
      </object_component>
      <object_component id="oc-1d9">
         <name>.debug_info</name>
         <load_address>0x2f86b</load_address>
         <run_address>0x2f86b</run_address>
         <size>0x1a0</size>
         <input_file_ref idref="fl-2a"/>
      </object_component>
      <object_component id="oc-1e0">
         <name>.debug_info</name>
         <load_address>0x2fa0b</load_address>
         <run_address>0x2fa0b</run_address>
         <size>0x15f</size>
         <input_file_ref idref="fl-1c"/>
      </object_component>
      <object_component id="oc-1e3">
         <name>.debug_info</name>
         <load_address>0x2fb6a</load_address>
         <run_address>0x2fb6a</run_address>
         <size>0x168</size>
         <input_file_ref idref="fl-1c"/>
      </object_component>
      <object_component id="oc-1e6">
         <name>.debug_info</name>
         <load_address>0x2fcd2</load_address>
         <run_address>0x2fcd2</run_address>
         <size>0x16a</size>
         <input_file_ref idref="fl-1c"/>
      </object_component>
      <object_component id="oc-1e9">
         <name>.debug_info</name>
         <load_address>0x2fe3c</load_address>
         <run_address>0x2fe3c</run_address>
         <size>0x161</size>
         <input_file_ref idref="fl-1c"/>
      </object_component>
      <object_component id="oc-1ec">
         <name>.debug_info</name>
         <load_address>0x2ff9d</load_address>
         <run_address>0x2ff9d</run_address>
         <size>0x15b</size>
         <input_file_ref idref="fl-1c"/>
      </object_component>
      <object_component id="oc-1ef">
         <name>.debug_info</name>
         <load_address>0x300f8</load_address>
         <run_address>0x300f8</run_address>
         <size>0x9f</size>
         <input_file_ref idref="fl-19"/>
      </object_component>
      <object_component id="oc-1f4">
         <name>.debug_info</name>
         <load_address>0x30197</load_address>
         <run_address>0x30197</run_address>
         <size>0x2c</size>
         <input_file_ref idref="fl-19"/>
      </object_component>
      <object_component id="oc-1f9">
         <name>.debug_info</name>
         <load_address>0x301c3</load_address>
         <run_address>0x301c3</run_address>
         <size>0x2c</size>
         <input_file_ref idref="fl-1c"/>
      </object_component>
      <object_component id="oc-1fe">
         <name>.debug_info</name>
         <load_address>0x301ef</load_address>
         <run_address>0x301ef</run_address>
         <size>0x7a</size>
         <input_file_ref idref="fl-19"/>
      </object_component>
      <object_component id="oc-203">
         <name>.debug_info</name>
         <load_address>0x30269</load_address>
         <run_address>0x30269</run_address>
         <size>0x2fa</size>
         <input_file_ref idref="fl-1c"/>
      </object_component>
      <object_component id="oc-208">
         <name>.debug_info</name>
         <load_address>0x30563</load_address>
         <run_address>0x30563</run_address>
         <size>0xf5</size>
         <input_file_ref idref="fl-19"/>
      </object_component>
      <object_component id="oc-20d">
         <name>.debug_info</name>
         <load_address>0x30658</load_address>
         <run_address>0x30658</run_address>
         <size>0x2c</size>
         <input_file_ref idref="fl-19"/>
      </object_component>
      <object_component id="oc-212">
         <name>.debug_info</name>
         <load_address>0x30684</load_address>
         <run_address>0x30684</run_address>
         <size>0x87</size>
         <input_file_ref idref="fl-19"/>
      </object_component>
      <object_component id="oc-217">
         <name>.debug_info</name>
         <load_address>0x3070b</load_address>
         <run_address>0x3070b</run_address>
         <size>0x1a7</size>
         <input_file_ref idref="fl-1c"/>
      </object_component>
      <object_component id="oc-21c">
         <name>.debug_info</name>
         <load_address>0x308b2</load_address>
         <run_address>0x308b2</run_address>
         <size>0x12f</size>
         <input_file_ref idref="fl-19"/>
      </object_component>
      <object_component id="oc-221">
         <name>.debug_info</name>
         <load_address>0x309e1</load_address>
         <run_address>0x309e1</run_address>
         <size>0xee</size>
         <input_file_ref idref="fl-1c"/>
      </object_component>
      <object_component id="oc-226">
         <name>.debug_info</name>
         <load_address>0x30acf</load_address>
         <run_address>0x30acf</run_address>
         <size>0x651</size>
         <input_file_ref idref="fl-1c"/>
      </object_component>
      <object_component id="oc-22b">
         <name>.debug_info</name>
         <load_address>0x31120</load_address>
         <run_address>0x31120</run_address>
         <size>0x174</size>
         <input_file_ref idref="fl-19"/>
      </object_component>
      <object_component id="oc-230">
         <name>.debug_info</name>
         <load_address>0x31294</load_address>
         <run_address>0x31294</run_address>
         <size>0x14d</size>
         <input_file_ref idref="fl-1c"/>
      </object_component>
      <object_component id="oc-237">
         <name>.debug_info</name>
         <load_address>0x313e1</load_address>
         <run_address>0x313e1</run_address>
         <size>0x734</size>
         <input_file_ref idref="fl-19"/>
      </object_component>
      <object_component id="oc-23b">
         <name>.debug_info</name>
         <load_address>0x31b15</load_address>
         <run_address>0x31b15</run_address>
         <size>0x142</size>
         <input_file_ref idref="fl-12"/>
      </object_component>
      <object_component id="oc-240">
         <name>.debug_info</name>
         <load_address>0x31c57</load_address>
         <run_address>0x31c57</run_address>
         <size>0x243</size>
         <input_file_ref idref="fl-f"/>
      </object_component>
      <object_component id="oc-246">
         <name>.debug_info</name>
         <load_address>0x31e9a</load_address>
         <run_address>0x31e9a</run_address>
         <size>0x2da</size>
         <input_file_ref idref="fl-2"/>
      </object_component>
      <object_component id="oc-24a">
         <name>.debug_info</name>
         <load_address>0x32174</load_address>
         <run_address>0x32174</run_address>
         <size>0x148</size>
         <input_file_ref idref="fl-27"/>
      </object_component>
      <object_component id="oc-24c">
         <name>.debug_info</name>
         <load_address>0x322bc</load_address>
         <run_address>0x322bc</run_address>
         <size>0x18c2</size>
         <input_file_ref idref="fl-f"/>
      </object_component>
      <object_component id="oc-252">
         <name>.debug_info</name>
         <load_address>0x33b7e</load_address>
         <run_address>0x33b7e</run_address>
         <size>0x2939</size>
         <input_file_ref idref="fl-1a"/>
      </object_component>
      <object_component id="oc-259">
         <name>.debug_info</name>
         <load_address>0x364b7</load_address>
         <run_address>0x364b7</run_address>
         <size>0x161</size>
         <input_file_ref idref="fl-19"/>
      </object_component>
      <object_component id="oc-25d">
         <name>.debug_info</name>
         <load_address>0x36618</load_address>
         <run_address>0x36618</run_address>
         <size>0x41</size>
         <input_file_ref idref="fl-19"/>
      </object_component>
      <object_component id="oc-264">
         <name>.debug_info</name>
         <load_address>0x36659</load_address>
         <run_address>0x36659</run_address>
         <size>0x23d</size>
         <input_file_ref idref="fl-b"/>
      </object_component>
      <object_component id="oc-268">
         <name>.debug_info</name>
         <load_address>0x36896</load_address>
         <run_address>0x36896</run_address>
         <size>0x1d4</size>
         <input_file_ref idref="fl-32"/>
      </object_component>
      <object_component id="oc-26d">
         <name>.debug_info</name>
         <load_address>0x36a6a</load_address>
         <run_address>0x36a6a</run_address>
         <size>0xd9</size>
         <input_file_ref idref="fl-32"/>
      </object_component>
      <object_component id="oc-274">
         <name>.debug_info</name>
         <load_address>0x36b43</load_address>
         <run_address>0x36b43</run_address>
         <size>0x22f</size>
         <input_file_ref idref="fl-11"/>
      </object_component>
      <object_component id="oc-275">
         <name>.debug_info</name>
         <load_address>0x36d72</load_address>
         <run_address>0x36d72</run_address>
         <size>0x4c</size>
         <input_file_ref idref="fl-11"/>
      </object_component>
      <object_component id="oc-27b">
         <name>.debug_info</name>
         <load_address>0x36dbe</load_address>
         <run_address>0x36dbe</run_address>
         <size>0x15f</size>
         <input_file_ref idref="fl-14"/>
      </object_component>
      <object_component id="oc-289">
         <name>.debug_info</name>
         <load_address>0x36f1d</load_address>
         <run_address>0x36f1d</run_address>
         <size>0x295</size>
         <input_file_ref idref="fl-1c"/>
      </object_component>
      <object_component id="oc-28e">
         <name>.debug_info</name>
         <load_address>0x371b2</load_address>
         <run_address>0x371b2</run_address>
         <size>0xd7</size>
         <input_file_ref idref="fl-1c"/>
      </object_component>
      <object_component id="oc-293">
         <name>.debug_info</name>
         <load_address>0x37289</load_address>
         <run_address>0x37289</run_address>
         <size>0x167</size>
         <input_file_ref idref="fl-19"/>
      </object_component>
      <object_component id="oc-298">
         <name>.debug_info</name>
         <load_address>0x373f0</load_address>
         <run_address>0x373f0</run_address>
         <size>0x69</size>
         <input_file_ref idref="fl-1c"/>
      </object_component>
      <object_component id="oc-29d">
         <name>.debug_info</name>
         <load_address>0x37459</load_address>
         <run_address>0x37459</run_address>
         <size>0x41</size>
         <input_file_ref idref="fl-1c"/>
      </object_component>
      <object_component id="oc-2a2">
         <name>.debug_info</name>
         <load_address>0x3749a</load_address>
         <run_address>0x3749a</run_address>
         <size>0x3f9</size>
         <input_file_ref idref="fl-19"/>
      </object_component>
      <object_component id="oc-2a7">
         <name>.debug_info</name>
         <load_address>0x37893</load_address>
         <run_address>0x37893</run_address>
         <size>0x8a</size>
         <input_file_ref idref="fl-1c"/>
      </object_component>
      <object_component id="oc-2ac">
         <name>.debug_info</name>
         <load_address>0x3791d</load_address>
         <run_address>0x3791d</run_address>
         <size>0x17e</size>
         <input_file_ref idref="fl-1c"/>
      </object_component>
      <object_component id="oc-2b6">
         <name>.debug_info</name>
         <load_address>0x37a9b</load_address>
         <run_address>0x37a9b</run_address>
         <size>0x584</size>
         <input_file_ref idref="fl-1d"/>
      </object_component>
      <object_component id="oc-2c5">
         <name>.debug_info</name>
         <load_address>0x3801f</load_address>
         <run_address>0x3801f</run_address>
         <size>0x9f</size>
         <input_file_ref idref="fl-2f"/>
      </object_component>
      <object_component id="oc-2cd">
         <name>.debug_info</name>
         <load_address>0x380be</load_address>
         <run_address>0x380be</run_address>
         <size>0xaa</size>
         <input_file_ref idref="fl-2a"/>
      </object_component>
      <object_component id="oc-2da">
         <name>.debug_info</name>
         <load_address>0x38168</load_address>
         <run_address>0x38168</run_address>
         <size>0x1b0</size>
         <input_file_ref idref="fl-19"/>
      </object_component>
      <object_component id="oc-2df">
         <name>.debug_info</name>
         <load_address>0x38318</load_address>
         <run_address>0x38318</run_address>
         <size>0x65a</size>
         <input_file_ref idref="fl-19"/>
      </object_component>
      <object_component id="oc-2e4">
         <name>.debug_info</name>
         <load_address>0x38972</load_address>
         <run_address>0x38972</run_address>
         <size>0x1b9</size>
         <input_file_ref idref="fl-f"/>
      </object_component>
      <object_component id="oc-2e7">
         <name>.debug_info</name>
         <load_address>0x38b2b</load_address>
         <run_address>0x38b2b</run_address>
         <size>0x457</size>
         <input_file_ref idref="fl-2"/>
      </object_component>
      <object_component id="oc-2ec">
         <name>.debug_info</name>
         <load_address>0x38f82</load_address>
         <run_address>0x38f82</run_address>
         <size>0x199</size>
         <input_file_ref idref="fl-2"/>
      </object_component>
      <object_component id="oc-2f3">
         <name>.debug_info</name>
         <load_address>0x3911b</load_address>
         <run_address>0x3911b</run_address>
         <size>0xcd</size>
         <input_file_ref idref="fl-27"/>
      </object_component>
      <object_component id="oc-2f9">
         <name>.debug_info</name>
         <load_address>0x391e8</load_address>
         <run_address>0x391e8</run_address>
         <size>0x17b</size>
         <input_file_ref idref="fl-f"/>
      </object_component>
      <object_component id="oc-2ff">
         <name>.debug_info</name>
         <load_address>0x39363</load_address>
         <run_address>0x39363</run_address>
         <size>0x1b0</size>
         <input_file_ref idref="fl-30"/>
      </object_component>
      <object_component id="oc-303">
         <name>.debug_info</name>
         <load_address>0x39513</load_address>
         <run_address>0x39513</run_address>
         <size>0x506</size>
         <input_file_ref idref="fl-1b"/>
      </object_component>
      <object_component id="oc-30b">
         <name>.debug_info</name>
         <load_address>0x39a19</load_address>
         <run_address>0x39a19</run_address>
         <size>0x16d</size>
         <input_file_ref idref="fl-2d"/>
      </object_component>
      <object_component id="oc-30f">
         <name>.debug_info</name>
         <load_address>0x39b86</load_address>
         <run_address>0x39b86</run_address>
         <size>0x16e</size>
         <input_file_ref idref="fl-1a"/>
      </object_component>
      <object_component id="oc-312">
         <name>.debug_info</name>
         <load_address>0x39cf4</load_address>
         <run_address>0x39cf4</run_address>
         <size>0x17d</size>
         <input_file_ref idref="fl-1a"/>
      </object_component>
      <object_component id="oc-315">
         <name>.debug_info</name>
         <load_address>0x39e71</load_address>
         <run_address>0x39e71</run_address>
         <size>0x84a</size>
         <input_file_ref idref="fl-1a"/>
      </object_component>
      <object_component id="oc-329">
         <name>.debug_info</name>
         <load_address>0x3a6bb</load_address>
         <run_address>0x3a6bb</run_address>
         <size>0x91</size>
         <input_file_ref idref="fl-f"/>
      </object_component>
      <object_component id="oc-32e">
         <name>.debug_info</name>
         <load_address>0x3a74c</load_address>
         <run_address>0x3a74c</run_address>
         <size>0x18e</size>
         <input_file_ref idref="fl-f"/>
      </object_component>
      <object_component id="oc-336">
         <name>.debug_info</name>
         <load_address>0x3a8da</load_address>
         <run_address>0x3a8da</run_address>
         <size>0xa0</size>
         <input_file_ref idref="fl-30"/>
      </object_component>
      <object_component id="oc-33b">
         <name>.debug_info</name>
         <load_address>0x3a97a</load_address>
         <run_address>0x3a97a</run_address>
         <size>0x17e</size>
         <input_file_ref idref="fl-2e"/>
      </object_component>
      <object_component id="oc-33e">
         <name>.debug_info</name>
         <load_address>0x3aaf8</load_address>
         <run_address>0x3aaf8</run_address>
         <size>0x2ca</size>
         <input_file_ref idref="fl-1b"/>
      </object_component>
      <object_component id="oc-341">
         <name>.debug_info</name>
         <load_address>0x3adc2</load_address>
         <run_address>0x3adc2</run_address>
         <size>0x212</size>
         <input_file_ref idref="fl-1b"/>
      </object_component>
      <object_component id="oc-343">
         <name>.debug_info</name>
         <load_address>0x3afd4</load_address>
         <run_address>0x3afd4</run_address>
         <size>0xaa</size>
         <input_file_ref idref="fl-2d"/>
      </object_component>
      <object_component id="oc-34b">
         <name>.debug_info</name>
         <load_address>0x3b07e</load_address>
         <run_address>0x3b07e</run_address>
         <size>0x104</size>
         <input_file_ref idref="fl-1a"/>
      </object_component>
      <object_component id="oc-350">
         <name>.debug_info</name>
         <load_address>0x3b182</load_address>
         <run_address>0x3b182</run_address>
         <size>0x91</size>
         <input_file_ref idref="fl-1a"/>
      </object_component>
      <object_component id="oc-358">
         <name>.debug_info</name>
         <load_address>0x3b213</load_address>
         <run_address>0x3b213</run_address>
         <size>0x9a</size>
         <input_file_ref idref="fl-2e"/>
      </object_component>
      <object_component id="oc-35a">
         <name>.debug_info</name>
         <load_address>0x3b2ad</load_address>
         <run_address>0x3b2ad</run_address>
         <size>0x16a</size>
         <input_file_ref idref="fl-1b"/>
      </object_component>
      <object_component id="oc-35d">
         <name>.debug_info</name>
         <load_address>0x3b417</load_address>
         <run_address>0x3b417</run_address>
         <size>0x178</size>
         <input_file_ref idref="fl-1b"/>
      </object_component>
      <object_component id="oc-360">
         <name>.debug_info</name>
         <load_address>0x3b58f</load_address>
         <run_address>0x3b58f</run_address>
         <size>0x174</size>
         <input_file_ref idref="fl-1b"/>
      </object_component>
      <object_component id="oc-363">
         <name>.debug_info</name>
         <load_address>0x3b703</load_address>
         <run_address>0x3b703</run_address>
         <size>0x197</size>
         <input_file_ref idref="fl-1b"/>
      </object_component>
      <object_component id="oc-366">
         <name>.debug_info</name>
         <load_address>0x3b89a</load_address>
         <run_address>0x3b89a</run_address>
         <size>0x179</size>
         <input_file_ref idref="fl-1b"/>
      </object_component>
      <object_component id="oc-369">
         <name>.debug_info</name>
         <load_address>0x3ba13</load_address>
         <run_address>0x3ba13</run_address>
         <size>0x16f</size>
         <input_file_ref idref="fl-1b"/>
      </object_component>
      <object_component id="oc-36c">
         <name>.debug_info</name>
         <load_address>0x3bb82</load_address>
         <run_address>0x3bb82</run_address>
         <size>0x16b</size>
         <input_file_ref idref="fl-1b"/>
      </object_component>
      <object_component id="oc-372">
         <name>.debug_info</name>
         <load_address>0x3bced</load_address>
         <run_address>0x3bced</run_address>
         <size>0x91</size>
         <input_file_ref idref="fl-1b"/>
      </object_component>
      <object_component id="oc-3a6">
         <name>.debug_info</name>
         <load_address>0x3bd7e</load_address>
         <run_address>0x3bd7e</run_address>
         <size>0xd7</size>
      </object_component>
      <object_component id="oc-d">
         <name>.debug_aranges</name>
         <load_address>0x0</load_address>
         <run_address>0x0</run_address>
         <size>0x20</size>
         <input_file_ref idref="fl-4"/>
      </object_component>
      <object_component id="oc-14">
         <name>.debug_aranges</name>
         <load_address>0x20</load_address>
         <run_address>0x20</run_address>
         <size>0x20</size>
         <input_file_ref idref="fl-24"/>
      </object_component>
      <object_component id="oc-19">
         <name>.debug_aranges</name>
         <load_address>0x40</load_address>
[...]
      </symbol>
      <symbol id="sm-ef1">
         <name>ip_input</name>
         <value>0x4e5d8</value>
         <object_component_ref idref="oc-ba"/>
      </symbol>
      <symbol id="sm-ef2">
         <name>tcp_enqueue_flags</name>
         <value>0x4bed4</value>
         <object_component_ref idref="oc-ba"/>
      </symbol>
      <symbol id="sm-ef3">
         <name>ip_addr_broadcast</name>
         <value>0x419b0</value>
         <object_component_ref idref="oc-167"/>
      </symbol>
      <symbol id="sm-ef4">
         <name>tcp_pcb_lists</name>
         <value>0x4199c</value>
         <object_component_ref idref="oc-167"/>
      </symbol>
      <symbol id="sm-ef5">
         <name>tcp_input</name>
         <value>0x484dc</value>
         <object_component_ref idref="oc-ba"/>
      </symbol>
      <symbol id="sm-ef6">
         <name>hdkif_netif_status</name>
         <value>0x5186c</value>
         <object_component_ref idref="oc-ba"/>
      </symbol>
      <symbol id="sm-ef7">
         <name>lwIPLinkStatusGet</name>
         <value>0x51e64</value>
         <object_component_ref idref="oc-ba"/>
      </symbol>
      <symbol id="sm-ef8">
         <name>netif_set_down</name>
         <value>0x44d28</value>
         <object_component_ref idref="oc-ba"/>
      </symbol>
      <symbol id="sm-ef9">
         <name>netif_set_addr</name>
         <value>0x448e0</value>
         <object_component_ref idref="oc-ba"/>
      </symbol>
      <symbol id="sm-efa">
         <name>raw_sendto</name>
         <value>0x461b0</value>
         <object_component_ref idref="oc-ba"/>
      </symbol>
      <symbol id="sm-efb">
         <name>stats_init</name>
         <value>0x46444</value>
         <object_component_ref idref="oc-ba"/>
      </symbol>
      <symbol id="sm-efc">
         <name>udp_input</name>
         <value>0x4cea8</value>
         <object_component_ref idref="oc-ba"/>
      </symbol>
      <symbol id="sm-efd">
         <name>tcp_send_fin</name>
         <value>0x4b37c</value>
         <object_component_ref idref="oc-ba"/>
      </symbol>
      <symbol id="sm-efe">
         <name>lwIPInit</name>
         <value>0x51c04</value>
         <object_component_ref idref="oc-ba"/>
      </symbol>
      <symbol id="sm-eff">
         <name>pbuf_take</name>
         <value>0x45b48</value>
         <object_component_ref idref="oc-ba"/>
      </symbol>
      <symbol id="sm-f00">
         <name>raw_input</name>
         <value>0x45fc0</value>
         <object_component_ref idref="oc-ba"/>
      </symbol>
      <symbol id="sm-f01">
         <name>raw_recv</name>
         <value>0x46180</value>
         <object_component_ref idref="oc-ba"/>
      </symbol>
      <symbol id="sm-f02">
         <name>tcp_poll</name>
         <value>0x481f4</value>
         <object_component_ref idref="oc-ba"/>
      </symbol>
      <symbol id="sm-f03">
         <name>udp_new</name>
         <value>0x4d9f4</value>
         <object_component_ref idref="oc-ba"/>
      </symbol>
      <symbol id="sm-f04">
         <name>ram_heap</name>
         <value>0x8001500</value>
         <object_component_ref idref="oc-184"/>
      </symbol>
      <symbol id="sm-f05">
         <name>udp_recv</name>
         <value>0x4d91c</value>
         <object_component_ref idref="oc-ba"/>
      </symbol>
      <symbol id="sm-f06">
         <name>tcp_next_iss</name>
         <value>0x48418</value>
         <object_component_ref idref="oc-ba"/>
      </symbol>
      <symbol id="sm-f07">
         <name>tcp_zero_window_probe</name>
         <value>0x4cc4c</value>
         <object_component_ref idref="oc-ba"/>
      </symbol>
      <symbol id="sm-f08">
         <name>udp_init</name>
         <value>0x4cdf0</value>
         <object_component_ref idref="oc-ba"/>
      </symbol>
      <symbol id="sm-f09">
         <name>pbuf_copy_partial</name>
         <value>0x459d8</value>
         <object_component_ref idref="oc-ba"/>
      </symbol>
      <symbol id="sm-f0a">
         <name>pbuf_alloc</name>
         <value>0x44ec4</value>
         <object_component_ref idref="oc-ba"/>
      </symbol>
      <symbol id="sm-f0b">
         <name>lwIPNetIfStatusGet</name>
         <value>0x51e44</value>
         <object_component_ref idref="oc-ba"/>
      </symbol>
      <symbol id="sm-f0c">
         <name>pbuf_memfind</name>
         <value>0x45e94</value>
         <object_component_ref idref="oc-ba"/>
      </symbol>
      <symbol id="sm-f0d">
         <name>ipaddr_ntoa_r</name>
         <value>0x4f254</value>
         <object_component_ref idref="oc-ba"/>
      </symbol>
      <symbol id="sm-f0e">
         <name>udp_send</name>
         <value>0x4d3ac</value>
         <object_component_ref idref="oc-ba"/>
      </symbol>
      <symbol id="sm-f0f">
         <name>icmp_input</name>
         <value>0x4da34</value>
         <object_component_ref idref="oc-ba"/>
      </symbol>
      <symbol id="sm-f10">
         <name>pbuf_strstr</name>
         <value>0x45f40</value>
         <object_component_ref idref="oc-ba"/>
      </symbol>
      <symbol id="sm-f11">
         <name>netif_set_gw</name>
         <value>0x44c2c</value>
         <object_component_ref idref="oc-ba"/>
      </symbol>
      <symbol id="sm-f12">
         <name>inet_chksum_pbuf</name>
         <value>0x4e3e0</value>
         <object_component_ref idref="oc-ba"/>
      </symbol>
      <symbol id="sm-f13">
         <name>netif_find</name>
         <value>0x44a14</value>
         <object_component_ref idref="oc-ba"/>
      </symbol>
      <symbol id="sm-f14">
         <name>ip_output</name>
         <value>0x4ecfc</value>
         <object_component_ref idref="oc-ba"/>
      </symbol>
      <symbol id="sm-f15">
         <name>hdkif_swizzle_rxp</name>
         <value>0x50860</value>
         <object_component_ref idref="oc-ba"/>
      </symbol>
      <symbol id="sm-f16">
         <name>lwIPRxIntHandler</name>
         <value>0x51e8c</value>
         <object_component_ref idref="oc-ba"/>
      </symbol>
      <symbol id="sm-f17">
         <name>pbuf_copy</name>
         <value>0x457dc</value>
         <object_component_ref idref="oc-ba"/>
      </symbol>
      <symbol id="sm-f18">
         <name>dhcp_cleanup</name>
         <value>0x420f0</value>
         <object_component_ref idref="oc-ba"/>
      </symbol>
      <symbol id="sm-f19">
         <name>tcp_segs_free</name>
         <value>0x47c98</value>
         <object_component_ref idref="oc-ba"/>
      </symbol>
      <symbol id="sm-f1a">
         <name>ipaddr_aton</name>
         <value>0x4ef04</value>
         <object_component_ref idref="oc-ba"/>
      </symbol>
      <symbol id="sm-f1b">
         <name>tcp_close</name>
         <value>0x46854</value>
         <object_component_ref idref="oc-ba"/>
      </symbol>
      <symbol id="sm-f1c">
         <name>pbuf_coalesce</name>
         <value>0x45c64</value>
         <object_component_ref idref="oc-ba"/>
      </symbol>
      <symbol id="sm-f1d">
         <name>LocatorConfig</name>
         <value>0x51a58</value>
         <object_component_ref idref="oc-ba"/>
      </symbol>
      <symbol id="sm-f1e">
         <name>hdkif_swizzle_data</name>
         <value>0x50804</value>
         <object_component_ref idref="oc-ba"/>
      </symbol>
      <symbol id="sm-f1f">
         <name>ethzero</name>
         <value>0x419ba</value>
         <object_component_ref idref="oc-167"/>
      </symbol>
      <symbol id="sm-f20">
         <name>tcp_update_rcv_ann_wnd</name>
         <value>0x46e5c</value>
         <object_component_ref idref="oc-ba"/>
      </symbol>
      <symbol id="sm-f21">
         <name>tcp_new</name>
         <value>0x48144</value>
         <object_component_ref idref="oc-ba"/>
      </symbol>
      <symbol id="sm-f22">
         <name>ethbroadcast</name>
         <value>0x419b4</value>
         <object_component_ref idref="oc-167"/>
      </symbol>
      <symbol id="sm-f23">
         <name>lwip_init</name>
         <value>0x43c08</value>
         <object_component_ref idref="oc-ba"/>
      </symbol>
      <symbol id="sm-f24">
         <name>inet_chksum_pseudo</name>
         <value>0x4e008</value>
         <object_component_ref idref="oc-ba"/>
      </symbol>
      <symbol id="sm-f25">
         <name>dhcp_inform</name>
         <value>0x422b0</value>
         <object_component_ref idref="oc-ba"/>
      </symbol>
      <symbol id="sm-f26">
         <name>tcp_sent</name>
         <value>0x48194</value>
         <object_component_ref idref="oc-ba"/>
      </symbol>
      <symbol id="sm-f27">
         <name>tcp_tmr</name>
         <value>0x4644c</value>
         <object_component_ref idref="oc-ba"/>
      </symbol>
      <symbol id="sm-f28">
         <name>pbuf_memcmp</name>
         <value>0x45d80</value>
         <object_component_ref idref="oc-ba"/>
      </symbol>
      <symbol id="sm-f29">
         <name>tcp_eff_send_mss</name>
         <value>0x48440</value>
         <object_component_ref idref="oc-ba"/>
      </symbol>
      <symbol id="sm-f2a">
         <name>hdkif_macaddrset</name>
         <value>0x50874</value>
         <object_component_ref idref="oc-ba"/>
      </symbol>
      <symbol id="sm-f2b">
         <name>tcp_process_refused_data</name>
         <value>0x47b64</value>
         <object_component_ref idref="oc-ba"/>
      </symbol>
      <symbol id="sm-f2c">
         <name>tcp_listen_with_backlog</name>
         <value>0x46c78</value>
         <object_component_ref idref="oc-ba"/>
      </symbol>
      <symbol id="sm-f2d">
         <name>udp_remove</name>
         <value>0x4d94c</value>
         <object_component_ref idref="oc-ba"/>
      </symbol>
      <symbol id="sm-f2e">
         <name>dhcp_rx_options_val</name>
         <value>0x80144d8</value>
         <object_component_ref idref="oc-16d"/>
      </symbol>
      <symbol id="sm-f2f">
         <name>udp_connect</name>
         <value>0x4d7e4</value>
         <object_component_ref idref="oc-ba"/>
      </symbol>
      <symbol id="sm-f30">
         <name>ip4_addr_netmask_valid</name>
         <value>0x4ee44</value>
         <object_component_ref idref="oc-ba"/>
      </symbol>
      <symbol id="sm-f31">
         <name>etharp_find_addr</name>
         <value>0x4fad0</value>
         <object_component_ref idref="oc-ba"/>
      </symbol>
      <symbol id="sm-f32">
         <name>netif_add</name>
         <value>0x44804</value>
         <object_component_ref idref="oc-ba"/>
      </symbol>
      <symbol id="sm-f33">
         <name>tcp_seg_copy</name>
         <value>0x47d38</value>
         <object_component_ref idref="oc-ba"/>
      </symbol>
      <symbol id="sm-f34">
         <name>netif_set_default</name>
         <value>0x44ca4</value>
         <object_component_ref idref="oc-ba"/>
      </symbol>
      <symbol id="sm-f35">
         <name>hdkif_init</name>
         <value>0x512dc</value>
         <object_component_ref idref="oc-ba"/>
      </symbol>
      <symbol id="sm-f36">
         <name>tcp_accept</name>
         <value>0x481d4</value>
         <object_component_ref idref="oc-ba"/>
      </symbol>
      <symbol id="sm-f37">
         <name>netif_remove</name>
         <value>0x44924</value>
         <object_component_ref idref="oc-ba"/>
      </symbol>
      <symbol id="sm-f38">
         <name>sys_now</name>
         <value>0x507ec</value>
         <object_component_ref idref="oc-ba"/>
      </symbol>
      <symbol id="sm-f39">
         <name>ip_route</name>
         <value>0x4e4dc</value>
         <object_component_ref idref="oc-ba"/>
      </symbol>
      <symbol id="sm-f3a">
         <name>netif_init</name>
         <value>0x447fc</value>
         <object_component_ref idref="oc-ba"/>
      </symbol>
      <symbol id="sm-f3b">
         <name>tcp_pcb_remove</name>
         <value>0x482ec</value>
         <object_component_ref idref="oc-ba"/>
      </symbol>
      <symbol id="sm-f3c">
         <name>tcp_debug_state_str</name>
         <value>0x484b4</value>
         <object_component_ref idref="oc-ba"/>
      </symbol>
      <symbol id="sm-f3d">
         <name>tcp_state_str</name>
         <value>0x41a00</value>
         <object_component_ref idref="oc-1aa"/>
      </symbol>
      <symbol id="sm-f3e">
         <name>etharp_tmr</name>
         <value>0x4f43c</value>
         <object_component_ref idref="oc-ba"/>
      </symbol>
      <symbol id="sm-f3f">
         <name>lwIPTxIntHandler</name>
         <value>0x51eb0</value>
         <object_component_ref idref="oc-ba"/>
      </symbol>
      <symbol id="sm-f40">
         <name>tcp_abort</name>
         <value>0x46aac</value>
         <object_component_ref idref="oc-ba"/>
      </symbol>
      <symbol id="sm-f41">
         <name>mem_trim</name>
         <value>0x43ef8</value>
         <object_component_ref idref="oc-ba"/>
      </symbol>
      <symbol id="sm-f42">
         <name>dhcp_renew</name>
         <value>0x42820</value>
         <object_component_ref idref="oc-ba"/>
      </symbol>
      <symbol id="sm-f43">
         <name>tcp_shutdown</name>
         <value>0x4688c</value>
         <object_component_ref idref="oc-ba"/>
      </symbol>
      <symbol id="sm-f44">
         <name>tcp_setprio</name>
         <value>0x47d18</value>
         <object_component_ref idref="oc-ba"/>
      </symbol>
      <symbol id="sm-f45">
         <name>lwip_stats</name>
         <value>0x80141cc</value>
         <object_component_ref idref="oc-187"/>
      </symbol>
      <symbol id="sm-f85">
         <name>sys_restart_timeouts</name>
         <value>0x580fc</value>
         <object_component_ref idref="oc-176"/>
      </symbol>
      <symbol id="sm-f86">
         <name>tcp_timer_needed</name>
         <value>0x57c60</value>
         <object_component_ref idref="oc-176"/>
      </symbol>
      <symbol id="sm-f87">
         <name>sys_timeouts_init</name>
         <value>0x57d14</value>
         <object_component_ref idref="oc-176"/>
      </symbol>
      <symbol id="sm-f88">
         <name>sys_untimeout</name>
         <value>0x57efc</value>
         <object_component_ref idref="oc-176"/>
      </symbol>
      <symbol id="sm-f89">
         <name>sys_check_timeouts</name>
         <value>0x57ff8</value>
         <object_component_ref idref="oc-176"/>
      </symbol>
      <symbol id="sm-f8a">
         <name>sys_timeout</name>
         <value>0x57d58</value>
         <object_component_ref idref="oc-176"/>
      </symbol>
      <symbol id="sm-fa9">
         <name>__TI_auto_init</name>
         <value>0x58f71</value>
         <object_component_ref idref="oc-66"/>
      </symbol>
      <symbol id="sm-fc0">
         <name>__TI_decompress_none</name>
         <value>0x5935b</value>
         <object_component_ref idref="oc-11"/>
      </symbol>
      <symbol id="sm-fe4">
         <name>__TI_decompress_rle24</name>
         <value>0x59369</value>
         <object_component_ref idref="oc-1d"/>
      </symbol>
      <symbol id="sm-ff8">
         <name>__TI_zero_init</name>
         <value>0x59349</value>
         <object_component_ref idref="oc-17"/>
      </symbol>
      <symbol id="sm-1011">
         <name>copy_in</name>
         <value>0x59209</value>
         <object_component_ref idref="oc-da"/>
      </symbol>
      <symbol id="sm-1030">
         <name>C$$EXIT</name>
         <value>0x59251</value>
         <object_component_ref idref="oc-71"/>
      </symbol>
      <symbol id="sm-1031">
         <name>abort</name>
         <value>0x59255</value>
         <object_component_ref idref="oc-71"/>
      </symbol>
      <symbol id="sm-1032">
         <name>exit</name>
         <value>0x5925d</value>
         <object_component_ref idref="oc-71"/>
      </symbol>
      <symbol id="sm-1033">
         <name>__TI_dtors_ptr</name>
         <value>0x8014768</value>
         <object_component_ref idref="oc-ee"/>
      </symbol>
      <symbol id="sm-1034">
         <name>__TI_cleanup_ptr</name>
         <value>0x8014764</value>
         <object_component_ref idref="oc-ee"/>
      </symbol>
      <symbol id="sm-1041">
         <name>__aeabi_idivmod</name>
         <value>0x5915c</value>
         <object_component_ref idref="oc-158"/>
      </symbol>
      <symbol id="sm-1051">
         <name>memcmp</name>
         <value>0x592bb</value>
         <object_component_ref idref="oc-1d8"/>
      </symbol>
      <symbol id="sm-106c">
         <name>memcpy</name>
         <value>0x58ed5</value>
         <object_component_ref idref="oc-78"/>
      </symbol>
      <symbol id="sm-106d">
         <name>__aeabi_memcpy</name>
         <value>0x58ed5</value>
         <object_component_ref idref="oc-78"/>
      </symbol>
      <symbol id="sm-106e">
         <name>__aeabi_memcpy8</name>
         <value>0x58ed5</value>
         <object_component_ref idref="oc-78"/>
      </symbol>
      <symbol id="sm-106f">
         <name>__aeabi_memcpy4</name>
         <value>0x58ed5</value>
         <object_component_ref idref="oc-78"/>
      </symbol>
      <symbol id="sm-107e">
         <name>__aeabi_memset</name>
         <value>0x59087</value>
         <object_component_ref idref="oc-15d"/>
      </symbol>
      <symbol id="sm-107f">
         <name>memset</name>
         <value>0x5908d</value>
         <object_component_ref idref="oc-15d"/>
      </symbol>
      <symbol id="sm-1080">
         <name>__aeabi_memset8</name>
         <value>0x59087</value>
         <object_component_ref idref="oc-15d"/>
      </symbol>
      <symbol id="sm-1081">
         <name>__aeabi_memset4</name>
         <value>0x59087</value>
         <object_component_ref idref="oc-15d"/>
      </symbol>
      <symbol id="sm-1082">
         <name>__aeabi_memclr8</name>
         <value>0x59085</value>
         <object_component_ref idref="oc-15d"/>
      </symbol>
      <symbol id="sm-1083">
         <name>__aeabi_memclr4</name>
         <value>0x59085</value>
         <object_component_ref idref="oc-15d"/>
      </symbol>
      <symbol id="sm-1084">
         <name>__aeabi_memclr</name>
         <value>0x59085</value>
         <object_component_ref idref="oc-15d"/>
      </symbol>
      <symbol id="sm-1094">
         <name>strchr</name>
         <value>0x592f5</value>
         <object_component_ref idref="oc-308"/>
      </symbol>
      <symbol id="sm-10a3">
         <name>strcmp</name>
         <value>0x592dd</value>
         <object_component_ref idref="oc-337"/>
      </symbol>
      <symbol id="sm-10b1">
         <name>strlen</name>
         <value>0x5930b</value>
         <object_component_ref idref="oc-194"/>
      </symbol>
      <symbol id="sm-10c1">
         <name>strncmp</name>
         <value>0x59295</value>
         <object_component_ref idref="oc-2fc"/>
      </symbol>
      <symbol id="sm-10ce">
         <name>__aeabi_uidivmod</name>
         <value>0x591b4</value>
         <object_component_ref idref="oc-162"/>
      </symbol>
      <symbol id="sm-10e7">
         <name>_nop</name>
         <value>0x59343</value>
         <object_component_ref idref="oc-265"/>
      </symbol>
      <symbol id="sm-10e8">
         <name>_lock</name>
         <value>0x801475c</value>
         <object_component_ref idref="oc-eb"/>
      </symbol>
      <symbol id="sm-10e9">
         <name>_unlock</name>
         <value>0x8014760</value>
         <object_component_ref idref="oc-eb"/>
      </symbol>
      <symbol id="sm-10ea">
         <name>_register_lock</name>
         <value>0x5933b</value>
         <object_component_ref idref="oc-265"/>
      </symbol>
      <symbol id="sm-10eb">
         <name>_register_unlock</name>
         <value>0x59335</value>
         <object_component_ref idref="oc-265"/>
      </symbol>
      <symbol id="sm-10ec">
         <name>__TI_static_base__</name>
         <value>0x0</value>
      </symbol>
      <symbol id="sm-10f1">
         <name>SHT$$INIT_ARRAY$$Limit</name>
         <value>0x0</value>
      </symbol>
      <symbol id="sm-10f2">
         <name>SHT$$INIT_ARRAY$$Base</name>
         <value>0x0</value>
      </symbol>
   </symbol_table>
   <title>Link successful</title>
</link_info>
