******************************************************************************
                  TI ARM Linker PC v5.1.6                      
******************************************************************************
>> Linked Tue May 20 12:07:45 2014

OUTPUT FILE NAME:   <Build-TMS570LC43x.out>
ENTRY POINT SYMBOL: "_c_int00"  address: 00058d84


MEMORY CONFIGURATION

         name            origin    length      used     unused   attr    fill
----------------------  --------  ---------  --------  --------  ----  --------
  VECTORS               00000000   00000020  00000020  00000000     X
  FLASH0                00000020   001fffe0  001fffe0  00000000  R  X  0 
  FLASH1                00200000   00200000  00200000  00000000  R  X  0 
  STACKS                08000000   00001500  00000000  00001500  RW  
  RAM                   08001500   0002eb00  0001326a  0001b896  RW  


SEGMENT ALLOCATION MAP

run origin  load origin   length   init length attrs members
----------  ----------- ---------- ----------- ----- -------
00000000    00000000    00400000   00400000    r-x
  00000000    00000000    00000020   00000020    r-x .intvecs
  00000020    00000020    00041a34   00041a34    r-- .const
  00041a54    00041a54    00000004   00000004    r-- $fill000
  00041a58    00041a58    0001791c   0001791c    r-x .text
  00059374    00059374    00000004   00000004    r-- $fill001
  00059378    00059378    000001b8   000001b8    r-- .cinit
  00059530    00059530    001a6ad0   001a6ad0    r-- $fill002
  00200000    00200000    00200000   00200000    r-- $fill003
08001500    08001500    0001326c   00000000    rw-
  08001500    08001500    000130c6   00000000    rw- .bss
  080145c8    080145c8    000001a4   00000000    rw- .data


SECTION ALLOCATION MAP

 output                                  attributes/
section   page    origin      length       input sections
--------  ----  ----------  ----------   ----------------
.intvecs   0    00000000    00000020     
                  00000000    00000020     HL_sys_intvecs.obj (.intvecs)

.const     0    00000020    00041a34     
                  00000020    000363f5     fs.obj (.const:.string:data_img_Hercules_block_diagram_gif)
                  00036415    00007127     fs.obj (.const:.string:data_index_html)
                  0003d53c    0000293b     fs.obj (.const:.string:data_main_css)
                  0003fe77    00000d4b     fs.obj (.const:.string:data_img_ti_logo_gif)
                  00040bc2    00000777     fs.obj (.const:.string:data_IE60Fixes_css)
                  00041339    00000289     fs.obj (.const:.string:data_404_html)
                  000415c2    00000002     --HOLE-- [fill = 0]
                  000415c4    00000200     HL_sys_vim.obj (.const:s_vim_init)
                  000417c4    000000a0     fs.obj (.const:.string:data_BreadCrumbs_css)
                  00041864    0000008c     lwiplib.obj (.const:.string)
                  000418f0    0000008c     fs.obj (.const)
                  0004197c    00000044     lwiplib.obj (.const)
                  000419c0    00000040     httpd.obj (.const:.string)
                  00041a00    0000002c     lwiplib.obj (.const:tcp_state_str)
                  00041a2c    00000028     httpd.obj (.const:g_psDefaultFilenames)

$fill000   0    00041a54    00000004     
                  00041a54    00000004     --HOLE-- [fill = 0]

.text      0    00041a58    0001791c     
                  00041a58    000104e0     lwiplib.obj (.text)
                  00051f38    00001848     HL_emac.obj (.text)
                  00053780    00000f38     httpd.obj (.text)
                  000546b8    000009d4     HL_pinmux.obj (.text)
                  0005508c    00000930     HL_sys_vim.obj (.text)
                  000559bc    00000814     HL_sci.obj (.text)
                  000561d0    000007f4     HL_esm.obj (.text)
                  000569c4    00000710     HL_phy_dp83640.obj (.text)
                  000570d4    000005fc     lwip_main.obj (.text)
                  000576d0    00000540     HL_system.obj (.text)
                  00057c10    00000528     timers.obj (.text)
                  00058138    000003e4     HL_sys_core.obj (.text)
                  0005851c    0000034c     HL_sys_vim.obj (.text:retain)
                  00058868    000001c4     HL_mdio.obj (.text)
                  00058a2c    00000188     HL_esm.obj (.text:retain)
                  00058bb4    00000104     fs.obj (.text)
                  00058cb8    000000cc     HL_emac.obj (.text:retain)
                  00058d84    000000b0     HL_sys_startup.obj (.text:retain)
                  00058e34    000000a0     lwip_main.obj (.text:retain)
                  00058ed4    0000009c     rtsv7R4_T_be_v3D16_eabi.lib : memcpy_t2.obj (.text)
                  00058f70    00000094                                 : auto_init.obj (.text)
                  00059004    00000080     HL_notification.obj (.text)
                  00059084    00000078     rtsv7R4_T_be_v3D16_eabi.lib : memset_t2.obj (.text)
                  000590fc    00000060                                 : copy_decompress_rle.obj (.text)
                  0005915c    00000058                                 : i_div32.obj (.text)
                  000591b4    00000054                                 : u_div32.obj (.text)
                  00059208    00000048                                 : cpy_tbl.obj (.text)
                  00059250    00000044                                 : exit.obj (.text)
                  00059294    00000026                                 : strncmp.obj (.text)
                  000592ba    00000022                                 : memcmp.obj (.text)
                  000592dc    00000018                                 : strcmp.obj (.text)
                  000592f4    00000016                                 : strchr.obj (.text)
                  0005930a    00000016                                 : strlen.obj (.text)
                  00059320    00000014     HL_sys_main.obj (.text)
                  00059334    00000014     rtsv7R4_T_be_v3D16_eabi.lib : _lock.obj (.text)
                  00059348    00000012                                 : copy_zero_init.obj (.text:decompress:ZI)
                  0005935a    0000000e                                 : copy_decompress_none.obj (.text:decompress:none)
                  00059368    00000006                                 : copy_decompress_rle.obj (.text:decompress:rle24)
                  0005936e    00000002     --HOLE-- [fill = 0]
                  00059370    00000004     HL_sys_phantom.obj (.text:retain)

$fill001   0    00059374    00000004     
                  00059374    00000004     --HOLE-- [fill = 0]

.cinit     0    00059378    000001b8     
                  00059378    00000191     (.cinit..data.load) [load image, compression = rle]
                  00059509    00000003     --HOLE-- [fill = 0]
                  0005950c    0000000c     (__TI_handler_table)
                  00059518    00000008     (.cinit..bss.load) [load image, compression = zero_init]
                  00059520    00000010     (__TI_cinit_table)

$fill002   0    00059530    001a6ad0     
                  00059530    001a6ad0     --HOLE-- [fill = 0]

$fill003   0    00200000    00200000     
                  00200000    00200000     --HOLE-- [fill = 0]

.bss       0    08001500    000130c6     UNINITIALIZED
                  08001500    00007814     lwiplib.obj (.bss:ram_heap)
                  08008d14    00007594     lwiplib.obj (.bss:memp_memory)
                  080102a8    00003b24     HL_emac.obj (.bss:pbuf_array)
                  08013dcc    00000400     httpd.obj (.bss:httpd_req_buf)
                  080141cc    000000ea     lwiplib.obj (.bss:lwip_stats)
                  080142b6    00000002     (.common:ip_id)
                  080142b8    000000c8     lwiplib.obj (.bss:arp_table)
                  08014380    00000054     lwiplib.obj (.bss:locatorData)
                  080143d4    00000050     HL_sci.obj (.bss:g_sciTransfer_t)
                  08014424    00000044     lwiplib.obj (.bss:hdkif_data)
                  08014468    0000003c     HL_emac.obj (.bss:hdkif_data)
                  080144a4    00000034     lwiplib.obj (.bss:hdkNetIF)
                  080144d8    00000028     lwiplib.obj (.bss:dhcp_rx_options_val)
                  08014500    00000020     (.common:memp_tab)
                  08014520    00000010     (.common:inseg)
                  08014530    00000010     (.common:str$3)
                  08014540    0000000c     (.common:dhcp_rx_options_given)
                  0801454c    00000004     (.common:ackno)
                  08014550    00000004     (.common:current_header)
                  08014554    00000004     (.common:current_iphdr_dest)
                  08014558    00000004     (.common:current_iphdr_src)
                  0801455c    00000004     (.common:current_netif)
                  08014560    00000004     (.common:delayval$1)
                  08014564    00000004     (.common:iphdr)
                  08014568    00000004     (.common:lfree)
                  0801456c    00000004     (.common:netif_default)
                  08014570    00000004     (.common:netif_list)
                  08014574    00000004     (.common:next_timeout)
                  08014578    00000004     (.common:ram)
                  0801457c    00000004     (.common:ram_end)
                  08014580    00000004     (.common:raw_pcbs)
                  08014584    00000004     (.common:recv_data)
                  08014588    00000004     (.common:seqno)
                  0801458c    00000004     (.common:tcp_active_pcbs)
                  08014590    00000004     (.common:tcp_bound_pcbs)
                  08014594    00000004     (.common:tcp_input_pcb)
                  08014598    00000004     (.common:tcp_listen_pcbs)
                  0801459c    00000004     (.common:tcp_ticks)
                  080145a0    00000004     (.common:tcp_tmp_pcb)
                  080145a4    00000004     (.common:tcp_tw_pcbs)
                  080145a8    00000004     (.common:tcphdr)
                  080145ac    00000004     (.common:tcpip_tcp_timer_active)
                  080145b0    00000004     (.common:timeouts_last_time)
                  080145b4    00000004     (.common:txtIPAddrItoA)
                  080145b8    00000004     (.common:udp_pcbs)
                  080145bc    00000002     (.common:tcplen)
                  080145be    00000001     (.common:etharp_cached_entry)
                  080145bf    00000001     (.common:flags)
                  080145c0    00000001     (.common:netif_num)
                  080145c1    00000001     (.common:pbuf_free_ooseq_pending)
                  080145c2    00000001     (.common:recv_flags)
                  080145c3    00000001     (.common:tcp_active_pcbs_changed)
                  080145c4    00000001     (.common:tcp_timer)
                  080145c5    00000001     (.common:tcp_timer_ctr)

.data      0    080145c8    000001a4     UNINITIALIZED
                  080145c8    000000b0     lwip_main.obj (.data)
                  08014678    00000060     lwiplib.obj (.data)
                  080146d8    0000002e     lwip_main.obj (.data:txtErrorInit)
                  08014706    00000025     lwiplib.obj (.data:txtPhyGetAlSts)
                  0801472b    00000024     lwiplib.obj (.data:txtPhyGetLnkSts)
                  0801474f    00000001     --HOLE--
                  08014750    0000000c     HL_sys_main.obj (.data)
                  0801475c    00000008     rtsv7R4_T_be_v3D16_eabi.lib : _lock.obj (.data)
                  08014764    00000008                                 : exit.obj (.data)


LINKER GENERATED COPY TABLES

__TI_cinit_table @ 00059520 records: 2, size/record: 8, table size: 16
	.data: load addr=00059378, load size=00000191 bytes, run addr=080145c8, run size=000001a4 bytes, compression=rle
	.bss: load addr=00059518, load size=00000008 bytes, run addr=08001500, run size=000130c6 bytes, compression=zero_init


LINKER GENERATED HANDLER TABLE

__TI_handler_table @ 0005950c records: 3, size/record: 4, table size: 12
	index: 0, handler: __TI_zero_init
	index: 1, handler: __TI_decompress_rle24
	index: 2, handler: __TI_decompress_none


GLOBAL SYMBOLS: SORTED ALPHABETICALLY BY Name 

address    name
--------   ----
00059251   C$$EXIT
00056b1c   Dp83640AutoNegotiate
00056db4   Dp83640DisableLoopback
00056d24   Dp83640EnableLoopback
00056e38   Dp83640GetTimeStamp
000569c4   Dp83640IDGet
00056a3c   Dp83640LinkStatusGet
00056cac   Dp83640PartnerAbilityGet
00056cd4   Dp83640Reset
00058e34   EMACCore0RxIsr
00058e80   EMACCore0TxIsr
00052460   EMACCoreIntAck
00052c3c   EMACDMAInit
00052918   EMACDisableIdleState
000529a4   EMACDisableLoopback
00052130   EMACDuplexSet
000528f4   EMACEnableIdleState
0005293c   EMACEnableLoopback
00052810   EMACFrameSelect
000535e0   EMACGetConfigValue
00052e30   EMACHWInit
00052238   EMACInit
0005267c   EMACInstConfig
00052664   EMACIntVectorGet
000526e0   EMACLinkSetup
000523d8   EMACMACAddrSet
00052374   EMACMACSrcAddrSet
0005210c   EMACMIIDisable
000520e8   EMACMIIEnable
00052638   EMACNumFreeBufSet
000520a8   EMACRMIISpeedSet
00052b38   EMACReadNetStatRegisters
00053440   EMACReceive
0005251c   EMACRxBroadCastDisable
000524d8   EMACRxBroadCastEnable
000524ac   EMACRxCPWrite
000521c4   EMACRxDisable
000521a8   EMACRxEnable
00052a78   EMACRxFlowControlDisable
00052a54   EMACRxFlowControlEnable
0005220c   EMACRxHdrDescPtrWrite
00058d1c   EMACRxIntISR
0005204c   EMACRxIntPulseDisable
00051ff0   EMACRxIntPulseEnable
00052bac   EMACRxIntStat
0005259c   EMACRxMultiCastDisable
00052558   EMACRxMultiCastEnable
00052ae4   EMACRxSetFlowThreshold
000527e4   EMACRxTeardown
00052608   EMACRxUnicastClear
000525d8   EMACRxUnicastSet
000528a8   EMACSoftReset
00052a9c   EMACSwizzleData
0005312c   EMACTransmit
00052480   EMACTxCPWrite
0005218c   EMACTxDisable
00052170   EMACTxEnable
00052a30   EMACTxFlowControlDisable
00052a0c   EMACTxFlowControlEnable
000521e0   EMACTxHdrDescPtrWrite
00053328   EMACTxIntHandler
00058cb8   EMACTxIntISR
00051f94   EMACTxIntPulseDisable
00051f38   EMACTxIntPulseEnable
00052b5c   EMACTxIntStat
00052848   EMACTxPrioritySelect
000527b8   EMACTxTeardown
00057114   EMAC_LwIP_Main
00057584   IntMasterIRQDisable
00057574   IntMasterIRQEnable
00057594   IntMasterStatusGet
00051a58   LocatorConfig
00058a04   MDIODisable
000589e0   MDIOEnable
00058998   MDIOInit
00058968   MDIOPhyAliveStatusGet
00058980   MDIOPhyLinkStatusGet
00058868   MDIOPhyRegRead
00058900   MDIOPhyRegWrite
UNDEFED    SHT$$INIT_ARRAY$$Base
UNDEFED    SHT$$INIT_ARRAY$$Limit
00059520   __TI_CINIT_Base
00059530   __TI_CINIT_Limit
0005950c   __TI_Handler_Table_Base
00059518   __TI_Handler_Table_Limit
00058514   __TI_PINIT_Base
00058518   __TI_PINIT_Limit
00058f71   __TI_auto_init
08014764   __TI_cleanup_ptr
0005935b   __TI_decompress_none
00059369   __TI_decompress_rle24
08014768   __TI_dtors_ptr
00000000   __TI_static_base__
00059349   __TI_zero_init
0005915c   __aeabi_idivmod
00059085   __aeabi_memclr
00059085   __aeabi_memclr4
00059085   __aeabi_memclr8
00058ed5   __aeabi_memcpy
00058ed5   __aeabi_memcpy4
00058ed5   __aeabi_memcpy8
00059087   __aeabi_memset
00059087   __aeabi_memset4
00059087   __aeabi_memset8
000591b4   __aeabi_uidivmod
ffffffff   __binit__
ffffffff   __c_args__
00058d84   _c_int00
000584d0   _cacheDisable_
000584ac   _cacheEnable_
0005848c   _checkMemInitOn_
00058388   _coreClearAuxiliaryDataFault_
000583a4   _coreClearAuxiliaryInstructionFault_
00058350   _coreClearDataFaultAddress_
00058318   _coreClearDataFault_
0005836c   _coreClearInstructionFaultAddress_
00058334   _coreClearInstructionFault_
000582e0   _coreDisableEventBusExport_
000582c8   _coreEnableEventBusExport_
000582f8   _coreEnableIrqVicOffset_
000582b0   _coreEnableVfp_
00058380   _coreGetAuxiliaryDataFault_
0005839c   _coreGetAuxiliaryInstructionFault_
00058348   _coreGetDataFaultAddress_
00058310   _coreGetDataFault_
00058364   _coreGetInstructionFaultAddress_
0005832c   _coreGetInstructionFault_
00058138   _coreInitRegisters_
00058244   _coreInitStackPointer_
000584ec   _dCacheInvalidate_
000583b8   _disable_IRQ_interrupt_
000583c0   _enable_IRQ_interrupt_
000583c8   _enable_interrupt_
000583d0   _esmCcmErrorsClear_
00058290   _getCPSRValue_
00058298   _gotoCPUIdle_
00058500   _iCacheInvalidate_
0801475c   _lock
00058458   _memInit_
00059343   _nop
0005933b   _register_lock
00059335   _register_unlock
08014760   _unlock
00059255   abort
ffffffff   binit
00059209   copy_in
08014670   countEMACCore0RxIsr
08014674   countEMACCore0TxIsr
08014550   current_header
08014554   current_iphdr_dest
08014558   current_iphdr_src
0801455c   current_netif
000420f0   dhcp_cleanup
00041ca8   dhcp_coarse_tmr
00041d3c   dhcp_fine_tmr
000422b0   dhcp_inform
000423fc   dhcp_network_changed
00042b9c   dhcp_release
00042820   dhcp_renew
08014540   dhcp_rx_options_given
080144d8   dhcp_rx_options_val
000420c4   dhcp_set_struct
00042124   dhcp_start
00042d10   dhcp_stop
08014750   emacAddress
08014758   emacPhyAddress
00059074   emacRxNotification
00059064   emacTxNotification
00059050   epcCAMOverflowNotification
00059054   epcFIFOOverflowNotification
00056418   esmActivateNormalOperation
00056580   esmClearStatus
000565e8   esmClearStatusBuffer
000565c0   esmClearStatusUpper
000563c0   esmDisableError
000563ec   esmDisableErrorUpper
00056470   esmDisableInterrupt
0005649c   esmDisableInterruptUpper
00056378   esmEnableError
000563a4   esmEnableErrorUpper
00056428   esmEnableInterrupt
00056454   esmEnableInterruptUpper
00056718   esmEnterSelfTest
0005635c   esmError
000567f0   esmGetConfigValue
00056624   esmGetStatus
000566e8   esmGetStatusBuffer
00056698   esmGetStatusUpper
00059004   esmGroup1Notification
00059018   esmGroup2Notification
0005902c   esmGroup3Notification
00058a2c   esmHighInterrupt
000561d0   esmInit
000567a0   esmSelfTestStatus
00056604   esmSetCounterPreloadValue
000564b8   esmSetInterruptLevel
0005653c   esmSetInterruptLevelUpper
00056408   esmTriggerErrorPinReset
0004fa4c   etharp_cleanup_netif
0004fad0   etharp_find_addr
0004fec4   etharp_output
00050148   etharp_query
000505a4   etharp_request
0004f43c   etharp_tmr
000419b4   ethbroadcast
00050600   ethernet_input
000419ba   ethzero
0005925d   exit
000418f0   file_404_html
00041904   file_BreadCrumbs_css
00041918   file_IE60Fixes_css
0004192c   file_img_Hercules_block_diagram_gif
00041940   file_img_ti_logo_gif
00041954   file_index_html
00041968   file_main_css
00058c90   fs_bytes_left
00058c80   fs_close
00058bb4   fs_open
00041a2c   g_psDefaultFilenames
00057a40   getResetSource
08014468   hdkif_data
000512dc   hdkif_init
00051898   hdkif_link_status
00050874   hdkif_macaddrset
0005186c   hdkif_netif_status
0005137c   hdkif_rx_inthandler
00050804   hdkif_swizzle_data
00050860   hdkif_swizzle_rxp
0005084c   hdkif_swizzle_txp
00051708   hdkif_tx_inthandler
00054688   httpd_init
0004dd94   icmp_dest_unreach
0004da34   icmp_input
0004e3b8   inet_chksum
0004e3e0   inet_chksum_pbuf
0004e008   inet_chksum_pseudo
0004e1cc   inet_chksum_pseudo_partial
000573c4   iommLock
000573e0   iommMuxEnableMdio
00057448   iommMuxEnableMii
000573fc   iommMuxEnableRmii
000573a8   iommUnlock
0004ed74   ip4_addr_isbroadcast
0004ee44   ip4_addr_netmask_valid
000419ac   ip_addr_any
000419b0   ip_addr_broadcast
0004e5d8   ip_input
0004ecfc   ip_output
0004ea74   ip_output_if
0004e4dc   ip_route
0004eed8   ipaddr_addr
0004ef04   ipaddr_aton
0004f238   ipaddr_ntoa
0004f254   ipaddr_ntoa_r
00051c04   lwIPInit
00051e64   lwIPLinkStatusGet
00051e44   lwIPNetIfStatusGet
00051e8c   lwIPRxIntHandler
00051eb0   lwIPTxIntHandler
00043c08   lwip_init
080141cc   lwip_stats
00059320   main
0005786c   mapClocks
000444b8   mem_calloc
00043e20   mem_free
00043d70   mem_init
000441e4   mem_malloc
00043ef8   mem_trim
000592bb   memcmp
00058ed5   memcpy
0004477c   memp_free
00044508   memp_init
00044670   memp_malloc
0005908d   memset
000546b8   muxInit
00044804   netif_add
0801456c   netif_default
00044a14   netif_find
000447fc   netif_init
08014570   netif_list
00044924   netif_remove
000448e0   netif_set_addr
00044ca4   netif_set_default
00044d28   netif_set_down
00044c2c   netif_set_gw
00044ac8   netif_set_ipaddr
00044de8   netif_set_link_down
00044d70   netif_set_link_up
00044c6c   netif_set_netmask
00044ccc   netif_set_up
00044ec4   pbuf_alloc
00045698   pbuf_cat
00045728   pbuf_chain
00045614   pbuf_clen
00045c64   pbuf_coalesce
000457dc   pbuf_copy
000459d8   pbuf_copy_partial
0004574c   pbuf_dechain
00045504   pbuf_free
00044e1c   pbuf_free_ooseq
080145c1   pbuf_free_ooseq_pending
00045cdc   pbuf_get_at
00045370   pbuf_header
00045d80   pbuf_memcmp
00045e94   pbuf_memfind
0004522c   pbuf_realloc
00045660   pbuf_ref
00045f40   pbuf_strstr
00045b48   pbuf_take
000507a8   perf_init
000577b8   periphInit
00059370   phantomInterrupt
08001500   ram_heap
00046108   raw_bind
00046144   raw_connect
00045fc0   raw_input
000463d8   raw_new
00046180   raw_recv
00046330   raw_remove
0004630c   raw_send
000461b0   raw_sendto
00000000   resetEntry
0005601c   sci1GetConfigValue
00055ed0   sciDisableLoopback
00055f84   sciDisableNotification
000575a8   sciDisplayText
00055e94   sciEnableLoopback
00055eec   sciEnableNotification
000559bc   sciInit
00055d14   sciIsIdleDetected
00055cf8   sciIsRxReady
00055b48   sciIsTxReady
00057608   sciNotification
00055d8c   sciReceive
00055d60   sciReceiveByte
00055d30   sciRxError
00055b94   sciSend
00055b64   sciSendByte
00055ac8   sciSetBaudrate
00055aa8   sciSetFunctional
00057778   setupFlash
000576d0   setupPLL
000570d4   smallDelay
00046444   stats_init
000592f5   strchr
000592dd   strcmp
0005930b   strlen
00059295   strncmp
000507b8   sys_arch_protect
000507d0   sys_arch_unprotect
00057ff8   sys_check_timeouts
000507ec   sys_now
000580fc   sys_restart_timeouts
00057d58   sys_timeout
00057d14   sys_timeouts_init
00057efc   sys_untimeout
0005799c   systemInit
00057a10   systemPowerDown
00046968   tcp_abandon
00046aac   tcp_abort
000481d4   tcp_accept
0801458c   tcp_active_pcbs
080145c3   tcp_active_pcbs_changed
00047f74   tcp_alloc
00048154   tcp_arg
00041864   tcp_backoff
00046ac4   tcp_bind
08014590   tcp_bound_pcbs
00046854   tcp_close
00047094   tcp_connect
000484b4   tcp_debug_state_str
00048440   tcp_eff_send_mss
0004bed4   tcp_enqueue_flags
000481b4   tcp_err
00047a80   tcp_fasttmr
00046448   tcp_init
000484dc   tcp_input
08014594   tcp_input_pcb
0004cb90   tcp_keepalive
08014598   tcp_listen_pcbs
00046c78   tcp_listen_with_backlog
00048144   tcp_new
00048418   tcp_next_iss
0004c210   tcp_output
0004199c   tcp_pcb_lists
00048224   tcp_pcb_purge
000482ec   tcp_pcb_remove
00041871   tcp_persist_backoff
000481f4   tcp_poll
00047b64   tcp_process_refused_data
00048174   tcp_recv
00047d84   tcp_recv_null
00046f34   tcp_recved
0004c9d4   tcp_rexmit
0004cab4   tcp_rexmit_fast
0004c93c   tcp_rexmit_rto
0004c82c   tcp_rst
00047d38   tcp_seg_copy
00047cd8   tcp_seg_free
00047c98   tcp_segs_free
0004c13c   tcp_send_empty_ack
0004b37c   tcp_send_fin
00048194   tcp_sent
00047d18   tcp_setprio
0004688c   tcp_shutdown
00047388   tcp_slowtmr
00041a00   tcp_state_str
0801459c   tcp_ticks
00057c60   tcp_timer_needed
080145a0   tcp_tmp_pcb
0004644c   tcp_tmr
080145a4   tcp_tw_pcbs
00046e5c   tcp_update_rcv_ann_wnd
0004b7dc   tcp_write
0004cc4c   tcp_zero_window_probe
00057730   trimLPO
0801460b   txtBigEndian
080145c8   txtCRLF
0801461d   txtEnetInit
080146d8   txtErrorInit
080145b4   txtIPAddrItoA
0801463a   txtIPAddrTxt
080145f6   txtLittleEndian
0801464e   txtNote1
080145e4   txtTI
080145ca   txtTitle
0004d680   udp_bind
0004d7e4   udp_connect
0004d8e4   udp_disconnect
0004cdf0   udp_init
0004cea8   udp_input
0004d9f4   udp_new
080145b8   udp_pcbs
0004d91c   udp_recv
0004d94c   udp_remove
0004d3ac   udp_send
0004d3d8   udp_sendto
0004d444   udp_sendto_if
00055160   vimChannelMap
000553c4   vimDisableInterrupt
0005851c   vimECCErrorHandler
000551fc   vimEnableInterrupt
00055470   vimGetConfigValue
0005508c   vimInit


GLOBAL SYMBOLS: SORTED BY Symbol Address 

address    name
--------   ----
00000000   __TI_static_base__
00000000   resetEntry
00041864   tcp_backoff
00041871   tcp_persist_backoff
000418f0   file_404_html
00041904   file_BreadCrumbs_css
00041918   file_IE60Fixes_css
0004192c   file_img_Hercules_block_diagram_gif
00041940   file_img_ti_logo_gif
00041954   file_index_html
00041968   file_main_css
0004199c   tcp_pcb_lists
000419ac   ip_addr_any
000419b0   ip_addr_broadcast
000419b4   ethbroadcast
000419ba   ethzero
00041a00   tcp_state_str
00041a2c   g_psDefaultFilenames
00041ca8   dhcp_coarse_tmr
00041d3c   dhcp_fine_tmr
000420c4   dhcp_set_struct
000420f0   dhcp_cleanup
00042124   dhcp_start
000422b0   dhcp_inform
000423fc   dhcp_network_changed
00042820   dhcp_renew
00042b9c   dhcp_release
00042d10   dhcp_stop
00043c08   lwip_init
00043d70   mem_init
00043e20   mem_free
00043ef8   mem_trim
000441e4   mem_malloc
000444b8   mem_calloc
00044508   memp_init
00044670   memp_malloc
0004477c   memp_free
000447fc   netif_init
00044804   netif_add
000448e0   netif_set_addr
00044924   netif_remove
00044a14   netif_find
00044ac8   netif_set_ipaddr
00044c2c   netif_set_gw
00044c6c   netif_set_netmask
00044ca4   netif_set_default
00044ccc   netif_set_up
00044d28   netif_set_down
00044d70   netif_set_link_up
00044de8   netif_set_link_down
00044e1c   pbuf_free_ooseq
00044ec4   pbuf_alloc
0004522c   pbuf_realloc
00045370   pbuf_header
00045504   pbuf_free
00045614   pbuf_clen
00045660   pbuf_ref
00045698   pbuf_cat
00045728   pbuf_chain
0004574c   pbuf_dechain
000457dc   pbuf_copy
000459d8   pbuf_copy_partial
00045b48   pbuf_take
00045c64   pbuf_coalesce
00045cdc   pbuf_get_at
00045d80   pbuf_memcmp
00045e94   pbuf_memfind
00045f40   pbuf_strstr
00045fc0   raw_input
00046108   raw_bind
00046144   raw_connect
00046180   raw_recv
000461b0   raw_sendto
0004630c   raw_send
00046330   raw_remove
000463d8   raw_new
00046444   stats_init
00046448   tcp_init
0004644c   tcp_tmr
00046854   tcp_close
0004688c   tcp_shutdown
00046968   tcp_abandon
00046aac   tcp_abort
00046ac4   tcp_bind
00046c78   tcp_listen_with_backlog
00046e5c   tcp_update_rcv_ann_wnd
00046f34   tcp_recved
00047094   tcp_connect
00047388   tcp_slowtmr
00047a80   tcp_fasttmr
00047b64   tcp_process_refused_data
00047c98   tcp_segs_free
00047cd8   tcp_seg_free
00047d18   tcp_setprio
00047d38   tcp_seg_copy
00047d84   tcp_recv_null
00047f74   tcp_alloc
00048144   tcp_new
00048154   tcp_arg
00048174   tcp_recv
00048194   tcp_sent
000481b4   tcp_err
000481d4   tcp_accept
000481f4   tcp_poll
00048224   tcp_pcb_purge
000482ec   tcp_pcb_remove
00048418   tcp_next_iss
00048440   tcp_eff_send_mss
000484b4   tcp_debug_state_str
000484dc   tcp_input
0004b37c   tcp_send_fin
0004b7dc   tcp_write
0004bed4   tcp_enqueue_flags
0004c13c   tcp_send_empty_ack
0004c210   tcp_output
0004c82c   tcp_rst
0004c93c   tcp_rexmit_rto
0004c9d4   tcp_rexmit
0004cab4   tcp_rexmit_fast
0004cb90   tcp_keepalive
0004cc4c   tcp_zero_window_probe
0004cdf0   udp_init
0004cea8   udp_input
0004d3ac   udp_send
0004d3d8   udp_sendto
0004d444   udp_sendto_if
0004d680   udp_bind
0004d7e4   udp_connect
0004d8e4   udp_disconnect
0004d91c   udp_recv
0004d94c   udp_remove
0004d9f4   udp_new
0004da34   icmp_input
0004dd94   icmp_dest_unreach
0004e008   inet_chksum_pseudo
0004e1cc   inet_chksum_pseudo_partial
0004e3b8   inet_chksum
0004e3e0   inet_chksum_pbuf
0004e4dc   ip_route
0004e5d8   ip_input
0004ea74   ip_output_if
0004ecfc   ip_output
0004ed74   ip4_addr_isbroadcast
0004ee44   ip4_addr_netmask_valid
0004eed8   ipaddr_addr
0004ef04   ipaddr_aton
0004f238   ipaddr_ntoa
0004f254   ipaddr_ntoa_r
0004f43c   etharp_tmr
0004fa4c   etharp_cleanup_netif
0004fad0   etharp_find_addr
0004fec4   etharp_output
00050148   etharp_query
000505a4   etharp_request
00050600   ethernet_input
000507a8   perf_init
000507b8   sys_arch_protect
000507d0   sys_arch_unprotect
000507ec   sys_now
00050804   hdkif_swizzle_data
0005084c   hdkif_swizzle_txp
00050860   hdkif_swizzle_rxp
00050874   hdkif_macaddrset
000512dc   hdkif_init
0005137c   hdkif_rx_inthandler
00051708   hdkif_tx_inthandler
0005186c   hdkif_netif_status
00051898   hdkif_link_status
00051a58   LocatorConfig
00051c04   lwIPInit
00051e44   lwIPNetIfStatusGet
00051e64   lwIPLinkStatusGet
00051e8c   lwIPRxIntHandler
00051eb0   lwIPTxIntHandler
00051f38   EMACTxIntPulseEnable
00051f94   EMACTxIntPulseDisable
00051ff0   EMACRxIntPulseEnable
0005204c   EMACRxIntPulseDisable
000520a8   EMACRMIISpeedSet
000520e8   EMACMIIEnable
0005210c   EMACMIIDisable
00052130   EMACDuplexSet
00052170   EMACTxEnable
0005218c   EMACTxDisable
000521a8   EMACRxEnable
000521c4   EMACRxDisable
000521e0   EMACTxHdrDescPtrWrite
0005220c   EMACRxHdrDescPtrWrite
00052238   EMACInit
00052374   EMACMACSrcAddrSet
000523d8   EMACMACAddrSet
00052460   EMACCoreIntAck
00052480   EMACTxCPWrite
000524ac   EMACRxCPWrite
000524d8   EMACRxBroadCastEnable
0005251c   EMACRxBroadCastDisable
00052558   EMACRxMultiCastEnable
0005259c   EMACRxMultiCastDisable
000525d8   EMACRxUnicastSet
00052608   EMACRxUnicastClear
00052638   EMACNumFreeBufSet
00052664   EMACIntVectorGet
0005267c   EMACInstConfig
000526e0   EMACLinkSetup
000527b8   EMACTxTeardown
000527e4   EMACRxTeardown
00052810   EMACFrameSelect
00052848   EMACTxPrioritySelect
000528a8   EMACSoftReset
000528f4   EMACEnableIdleState
00052918   EMACDisableIdleState
0005293c   EMACEnableLoopback
000529a4   EMACDisableLoopback
00052a0c   EMACTxFlowControlEnable
00052a30   EMACTxFlowControlDisable
00052a54   EMACRxFlowControlEnable
00052a78   EMACRxFlowControlDisable
00052a9c   EMACSwizzleData
00052ae4   EMACRxSetFlowThreshold
00052b38   EMACReadNetStatRegisters
00052b5c   EMACTxIntStat
00052bac   EMACRxIntStat
00052c3c   EMACDMAInit
00052e30   EMACHWInit
0005312c   EMACTransmit
00053328   EMACTxIntHandler
00053440   EMACReceive
000535e0   EMACGetConfigValue
00054688   httpd_init
000546b8   muxInit
0005508c   vimInit
00055160   vimChannelMap
000551fc   vimEnableInterrupt
000553c4   vimDisableInterrupt
00055470   vimGetConfigValue
000559bc   sciInit
00055aa8   sciSetFunctional
00055ac8   sciSetBaudrate
00055b48   sciIsTxReady
00055b64   sciSendByte
00055b94   sciSend
00055cf8   sciIsRxReady
00055d14   sciIsIdleDetected
00055d30   sciRxError
00055d60   sciReceiveByte
00055d8c   sciReceive
00055e94   sciEnableLoopback
00055ed0   sciDisableLoopback
00055eec   sciEnableNotification
00055f84   sciDisableNotification
0005601c   sci1GetConfigValue
000561d0   esmInit
0005635c   esmError
00056378   esmEnableError
000563a4   esmEnableErrorUpper
000563c0   esmDisableError
000563ec   esmDisableErrorUpper
00056408   esmTriggerErrorPinReset
00056418   esmActivateNormalOperation
00056428   esmEnableInterrupt
00056454   esmEnableInterruptUpper
00056470   esmDisableInterrupt
0005649c   esmDisableInterruptUpper
000564b8   esmSetInterruptLevel
0005653c   esmSetInterruptLevelUpper
00056580   esmClearStatus
000565c0   esmClearStatusUpper
000565e8   esmClearStatusBuffer
00056604   esmSetCounterPreloadValue
00056624   esmGetStatus
00056698   esmGetStatusUpper
000566e8   esmGetStatusBuffer
00056718   esmEnterSelfTest
000567a0   esmSelfTestStatus
000567f0   esmGetConfigValue
000569c4   Dp83640IDGet
00056a3c   Dp83640LinkStatusGet
00056b1c   Dp83640AutoNegotiate
00056cac   Dp83640PartnerAbilityGet
00056cd4   Dp83640Reset
00056d24   Dp83640EnableLoopback
00056db4   Dp83640DisableLoopback
00056e38   Dp83640GetTimeStamp
000570d4   smallDelay
00057114   EMAC_LwIP_Main
000573a8   iommUnlock
000573c4   iommLock
000573e0   iommMuxEnableMdio
000573fc   iommMuxEnableRmii
00057448   iommMuxEnableMii
00057574   IntMasterIRQEnable
00057584   IntMasterIRQDisable
00057594   IntMasterStatusGet
000575a8   sciDisplayText
00057608   sciNotification
000576d0   setupPLL
00057730   trimLPO
00057778   setupFlash
000577b8   periphInit
0005786c   mapClocks
0005799c   systemInit
00057a10   systemPowerDown
00057a40   getResetSource
00057c60   tcp_timer_needed
00057d14   sys_timeouts_init
00057d58   sys_timeout
00057efc   sys_untimeout
00057ff8   sys_check_timeouts
000580fc   sys_restart_timeouts
00058138   _coreInitRegisters_
00058244   _coreInitStackPointer_
00058290   _getCPSRValue_
00058298   _gotoCPUIdle_
000582b0   _coreEnableVfp_
000582c8   _coreEnableEventBusExport_
000582e0   _coreDisableEventBusExport_
000582f8   _coreEnableIrqVicOffset_
00058310   _coreGetDataFault_
00058318   _coreClearDataFault_
0005832c   _coreGetInstructionFault_
00058334   _coreClearInstructionFault_
00058348   _coreGetDataFaultAddress_
00058350   _coreClearDataFaultAddress_
00058364   _coreGetInstructionFaultAddress_
0005836c   _coreClearInstructionFaultAddress_
00058380   _coreGetAuxiliaryDataFault_
00058388   _coreClearAuxiliaryDataFault_
0005839c   _coreGetAuxiliaryInstructionFault_
000583a4   _coreClearAuxiliaryInstructionFault_
000583b8   _disable_IRQ_interrupt_
000583c0   _enable_IRQ_interrupt_
000583c8   _enable_interrupt_
000583d0   _esmCcmErrorsClear_
00058458   _memInit_
0005848c   _checkMemInitOn_
000584ac   _cacheEnable_
000584d0   _cacheDisable_
000584ec   _dCacheInvalidate_
00058500   _iCacheInvalidate_
00058514   __TI_PINIT_Base
00058518   __TI_PINIT_Limit
0005851c   vimECCErrorHandler
00058868   MDIOPhyRegRead
00058900   MDIOPhyRegWrite
00058968   MDIOPhyAliveStatusGet
00058980   MDIOPhyLinkStatusGet
00058998   MDIOInit
000589e0   MDIOEnable
00058a04   MDIODisable
00058a2c   esmHighInterrupt
00058bb4   fs_open
00058c80   fs_close
00058c90   fs_bytes_left
00058cb8   EMACTxIntISR
00058d1c   EMACRxIntISR
00058d84   _c_int00
00058e34   EMACCore0RxIsr
00058e80   EMACCore0TxIsr
00058ed5   __aeabi_memcpy
00058ed5   __aeabi_memcpy4
00058ed5   __aeabi_memcpy8
00058ed5   memcpy
00058f71   __TI_auto_init
00059004   esmGroup1Notification
00059018   esmGroup2Notification
0005902c   esmGroup3Notification
00059050   epcCAMOverflowNotification
00059054   epcFIFOOverflowNotification
00059064   emacTxNotification
00059074   emacRxNotification
00059085   __aeabi_memclr
00059085   __aeabi_memclr4
00059085   __aeabi_memclr8
00059087   __aeabi_memset
00059087   __aeabi_memset4
00059087   __aeabi_memset8
0005908d   memset
0005915c   __aeabi_idivmod
000591b4   __aeabi_uidivmod
00059209   copy_in
00059251   C$$EXIT
00059255   abort
0005925d   exit
00059295   strncmp
000592bb   memcmp
000592dd   strcmp
000592f5   strchr
0005930b   strlen
00059320   main
00059335   _register_unlock
0005933b   _register_lock
00059343   _nop
00059349   __TI_zero_init
0005935b   __TI_decompress_none
00059369   __TI_decompress_rle24
00059370   phantomInterrupt
0005950c   __TI_Handler_Table_Base
00059518   __TI_Handler_Table_Limit
00059520   __TI_CINIT_Base
00059530   __TI_CINIT_Limit
08001500   ram_heap
080141cc   lwip_stats
08014468   hdkif_data
080144d8   dhcp_rx_options_val
08014540   dhcp_rx_options_given
08014550   current_header
08014554   current_iphdr_dest
08014558   current_iphdr_src
0801455c   current_netif
0801456c   netif_default
08014570   netif_list
0801458c   tcp_active_pcbs
08014590   tcp_bound_pcbs
08014594   tcp_input_pcb
08014598   tcp_listen_pcbs
0801459c   tcp_ticks
080145a0   tcp_tmp_pcb
080145a4   tcp_tw_pcbs
080145b4   txtIPAddrItoA
080145b8   udp_pcbs
080145c1   pbuf_free_ooseq_pending
080145c3   tcp_active_pcbs_changed
080145c8   txtCRLF
080145ca   txtTitle
080145e4   txtTI
080145f6   txtLittleEndian
0801460b   txtBigEndian
0801461d   txtEnetInit
0801463a   txtIPAddrTxt
0801464e   txtNote1
08014670   countEMACCore0RxIsr
08014674   countEMACCore0TxIsr
080146d8   txtErrorInit
08014750   emacAddress
08014758   emacPhyAddress
0801475c   _lock
08014760   _unlock
08014764   __TI_cleanup_ptr
08014768   __TI_dtors_ptr
ffffffff   __binit__
ffffffff   __c_args__
ffffffff   binit
UNDEFED    SHT$$INIT_ARRAY$$Base
UNDEFED    SHT$$INIT_ARRAY$$Limit

[444 symbols]
