******************************************************************************
                  TI ARM Linker PC v5.1.6                      
******************************************************************************
>> Linked Tue May 27 14:18:20 2014

OUTPUT FILE NAME:   <Build-RM46.out>
ENTRY POINT SYMBOL: "_c_int00"  address: 0005b99c


MEMORY CONFIGURATION

         name            origin    length      used     unused   attr    fill
----------------------  --------  ---------  --------  --------  ----  --------
  VECTORS               00000000   00000020  00000020  00000000     X
  FLASH0                00000020   0013ffe0  0005ca7c  000e3564  R  X
  STACKS                08000000   00001500  00000000  00001500  RW  
  RAM                   08001500   0002eb00  00013242  0001b8be  RW  


SEGMENT ALLOCATION MAP

run origin  load origin   length   init length attrs members
----------  ----------- ---------- ----------- ----- -------
00000000    00000000    0005caa0   0005caa0    r-x
  00000000    00000000    00000020   00000020    r-x .intvecs
  00000020    00000020    00041a34   00041a34    r-- .const
  00041a54    00041a54    0001ae90   0001ae90    r-x .text
  0005c8e8    0005c8e8    000001b8   000001b8    r-- .cinit
08001500    08001500    00013244   00000000    rw-
  08001500    08001500    0001309e   00000000    rw- .bss
  080145a0    080145a0    000001a4   00000000    rw- .data


SECTION ALLOCATION MAP

 output                                  attributes/
section   page    origin      length       input sections
--------  ----  ----------  ----------   ----------------
.intvecs   0    00000000    00000020     
                  00000000    00000020     sys_intvecs.obj (.intvecs)

.const     0    00000020    00041a34     
                  00000020    000363f5     fs.obj (.const:.string:data_img_Hercules_block_diagram_gif)
                  00036415    00007127     fs.obj (.const:.string:data_index_html)
                  0003d53c    0000293b     fs.obj (.const:.string:data_main_css)
                  0003fe77    00000d4b     fs.obj (.const:.string:data_img_ti_logo_gif)
                  00040bc2    00000777     fs.obj (.const:.string:data_IE60Fixes_css)
                  00041339    00000289     fs.obj (.const:.string:data_404_html)
                  000415c2    00000002     --HOLE-- [fill = 0]
                  000415c4    00000200     sys_vim.obj (.const:s_vim_init)
                  000417c4    000000a0     fs.obj (.const:.string:data_BreadCrumbs_css)
                  00041864    0000008c     lwiplib.obj (.const:.string)
                  000418f0    0000008c     fs.obj (.const)
                  0004197c    00000044     lwiplib.obj (.const)
                  000419c0    00000040     httpd.obj (.const:.string)
                  00041a00    0000002c     lwiplib.obj (.const:tcp_state_str)
                  00041a2c    00000028     httpd.obj (.const:g_psDefaultFilenames)

.text      0    00041a54    0001ae90     
                  00041a54    000106b4     lwiplib.obj (.text)
                  00052108    00002d84     sys_selftest.obj (.text)
                  00054e8c    00001788     emac.obj (.text)
                  00056614    00000f38     httpd.obj (.text)
                  0005754c    00000b30     system.obj (.text)
                  0005807c    00000a4c     sys_vim.obj (.text)
                  00058ac8    00000878     pinmux.obj (.text)
                  00059340    0000075c     sci.obj (.text)
                  00059a9c    00000710     phy_dp83640.obj (.text)
                  0005a1ac    00000634     esm.obj (.text)
                  0005a7e0    000005fc     lwip_main.obj (.text)
                  0005addc    00000528     timers.obj (.text)
                  0005b304    000003c4     sys_core.obj (.text)
                  0005b6c8    000002d4     sys_vim.obj (.text:retain)
                  0005b99c    00000270     sys_startup.obj (.text:retain)
                  0005bc0c    000001c4     mdio.obj (.text)
                  0005bdd0    00000158     esm.obj (.text:retain)
                  0005bf28    00000114     sys_pmu.obj (.text)
                  0005c03c    00000104     fs.obj (.text)
                  0005c140    000000e8     dabort.obj (.text)
                  0005c228    000000cc     emac.obj (.text:retain)
                  0005c2f4    000000a0     notification.obj (.text)
                  0005c394    000000a0     lwip_main.obj (.text:retain)
                  0005c434    0000009c     rtsv7R4_T_le_v3D16_eabi.lib : memcpy_t2.obj (.text)
                  0005c4d0    00000094                                 : auto_init.obj (.text)
                  0005c564    00000090     def.obj (.text)
                  0005c5f4    00000078     rtsv7R4_T_le_v3D16_eabi.lib : memset_t2.obj (.text)
                  0005c66c    00000060                                 : copy_decompress_rle.obj (.text)
                  0005c6cc    00000058                                 : i_div32.obj (.text)
                  0005c724    00000054                                 : u_div32.obj (.text)
                  0005c778    00000048                                 : cpy_tbl.obj (.text)
                  0005c7c0    00000044                                 : exit.obj (.text)
                  0005c804    00000026                                 : strncmp.obj (.text)
                  0005c82a    00000022                                 : memcmp.obj (.text)
                  0005c84c    00000018                                 : strcmp.obj (.text)
                  0005c864    00000016                                 : strchr.obj (.text)
                  0005c87a    00000016                                 : strlen.obj (.text)
                  0005c890    00000014                                 : _lock.obj (.text)
                  0005c8a4    00000014     sys_main.obj (.text)
                  0005c8b8    00000012     rtsv7R4_T_le_v3D16_eabi.lib : copy_zero_init.obj (.text:decompress:ZI)
                  0005c8ca    0000000e                                 : copy_decompress_none.obj (.text:decompress:none)
                  0005c8d8    00000006                                 : copy_decompress_rle.obj (.text:decompress:rle24)
                  0005c8de    00000002     --HOLE-- [fill = 0]
                  0005c8e0    00000004     sys_phantom.obj (.text:retain)

.cinit     0    0005c8e8    000001b8     
                  0005c8e8    00000194     (.cinit..data.load) [load image, compression = rle]
                  0005ca7c    0000000c     (__TI_handler_table)
                  0005ca88    00000008     (.cinit..bss.load) [load image, compression = zero_init]
                  0005ca90    00000010     (__TI_cinit_table)

.bss       0    08001500    0001309e     UNINITIALIZED
                  08001500    00007814     lwiplib.obj (.bss:ram_heap)
                  08008d14    00007594     lwiplib.obj (.bss:memp_memory)
                  080102a8    00003b24     emac.obj (.bss:pbuf_array)
                  08013dcc    00000400     httpd.obj (.bss:httpd_req_buf)
                  080141cc    000000ea     lwiplib.obj (.bss:lwip_stats)
                  080142b6    00000002     (.common:ip_id)
                  080142b8    000000c8     lwiplib.obj (.bss:arp_table)
                  08014380    00000054     lwiplib.obj (.bss:locatorData)
                  080143d4    00000044     lwiplib.obj (.bss:hdkif_data)
                  08014418    0000003c     emac.obj (.bss:hdkif_data)
                  08014454    00000034     lwiplib.obj (.bss:hdkNetIF)
                  08014488    00000028     lwiplib.obj (.bss:dhcp_rx_options_val)
                  080144b0    00000028     sci.obj (.bss:g_sciTransfer_t)
                  080144d8    00000020     (.common:memp_tab)
                  080144f8    00000010     (.common:inseg)
                  08014508    00000010     (.common:str$3)
                  08014518    0000000c     (.common:dhcp_rx_options_given)
                  08014524    00000004     (.common:ackno)
                  08014528    00000004     (.common:current_header)
                  0801452c    00000004     (.common:current_iphdr_dest)
                  08014530    00000004     (.common:current_iphdr_src)
                  08014534    00000004     (.common:current_netif)
                  08014538    00000004     (.common:delayval$1)
                  0801453c    00000004     (.common:iphdr)
                  08014540    00000004     (.common:lfree)
                  08014544    00000004     (.common:netif_default)
                  08014548    00000004     (.common:netif_list)
                  0801454c    00000004     (.common:next_timeout)
                  08014550    00000004     (.common:ram)
                  08014554    00000004     (.common:ram_end)
                  08014558    00000004     (.common:raw_pcbs)
                  0801455c    00000004     (.common:recv_data)
                  08014560    00000004     (.common:seqno)
                  08014564    00000004     (.common:tcp_active_pcbs)
                  08014568    00000004     (.common:tcp_bound_pcbs)
                  0801456c    00000004     (.common:tcp_input_pcb)
                  08014570    00000004     (.common:tcp_listen_pcbs)
                  08014574    00000004     (.common:tcp_ticks)
                  08014578    00000004     (.common:tcp_tmp_pcb)
                  0801457c    00000004     (.common:tcp_tw_pcbs)
                  08014580    00000004     (.common:tcphdr)
                  08014584    00000004     (.common:tcpip_tcp_timer_active)
                  08014588    00000004     (.common:timeouts_last_time)
                  0801458c    00000004     (.common:txtIPAddrItoA)
                  08014590    00000004     (.common:udp_pcbs)
                  08014594    00000002     (.common:tcplen)
                  08014596    00000001     (.common:etharp_cached_entry)
                  08014597    00000001     (.common:flags)
                  08014598    00000001     (.common:netif_num)
                  08014599    00000001     (.common:pbuf_free_ooseq_pending)
                  0801459a    00000001     (.common:recv_flags)
                  0801459b    00000001     (.common:tcp_active_pcbs_changed)
                  0801459c    00000001     (.common:tcp_timer)
                  0801459d    00000001     (.common:tcp_timer_ctr)

.data      0    080145a0    000001a4     UNINITIALIZED
                  080145a0    000000b0     lwip_main.obj (.data)
                  08014650    00000060     lwiplib.obj (.data)
                  080146b0    0000002e     lwip_main.obj (.data:txtErrorInit)
                  080146de    00000025     lwiplib.obj (.data:txtPhyGetAlSts)
                  08014703    00000024     lwiplib.obj (.data:txtPhyGetLnkSts)
                  08014727    00000001     --HOLE--
                  08014728    0000000c     sys_main.obj (.data)
                  08014734    00000008     rtsv7R4_T_le_v3D16_eabi.lib : _lock.obj (.data)
                  0801473c    00000008                                 : exit.obj (.data)


LINKER GENERATED COPY TABLES

__TI_cinit_table @ 0005ca90 records: 2, size/record: 8, table size: 16
	.data: load addr=0005c8e8, load size=00000194 bytes, run addr=080145a0, run size=000001a4 bytes, compression=rle
	.bss: load addr=0005ca88, load size=00000008 bytes, run addr=08001500, run size=0001309e bytes, compression=zero_init


LINKER GENERATED HANDLER TABLE

__TI_handler_table @ 0005ca7c records: 3, size/record: 4, table size: 12
	index: 0, handler: __TI_zero_init
	index: 1, handler: __TI_decompress_rle24
	index: 2, handler: __TI_decompress_none


GLOBAL SYMBOLS: SORTED ALPHABETICALLY BY Name 

address    name
--------   ----
0005c7c1   C$$EXIT
00059bf4   Dp83640AutoNegotiate
00059e8c   Dp83640DisableLoopback
00059dfc   Dp83640EnableLoopback
00059f10   Dp83640GetTimeStamp
00059a9c   Dp83640IDGet
00059b14   Dp83640LinkStatusGet
00059d84   Dp83640PartnerAbilityGet
00059dac   Dp83640Reset
0005c394   EMACCore0RxIsr
0005c3e0   EMACCore0TxIsr
000553b4   EMACCoreIntAck
00055b48   EMACDMAInit
0005586c   EMACDisableIdleState
000558f8   EMACDisableLoopback
00055084   EMACDuplexSet
00055848   EMACEnableIdleState
00055890   EMACEnableLoopback
00055764   EMACFrameSelect
00056458   EMACGetConfigValue
00055d20   EMACHWInit
0005518c   EMACInit
000555d0   EMACInstConfig
000555b8   EMACIntVectorGet
00055634   EMACLinkSetup
0005532c   EMACMACAddrSet
000552c8   EMACMACSrcAddrSet
00055060   EMACMIIDisable
0005503c   EMACMIIEnable
0005558c   EMACNumFreeBufSet
00054ffc   EMACRMIISpeedSet
00055a44   EMACReadNetStatRegisters
000562fc   EMACReceive
00055470   EMACRxBroadCastDisable
0005542c   EMACRxBroadCastEnable
00055400   EMACRxCPWrite
00055118   EMACRxDisable
000550fc   EMACRxEnable
000559cc   EMACRxFlowControlDisable
000559a8   EMACRxFlowControlEnable
00055160   EMACRxHdrDescPtrWrite
0005c28c   EMACRxIntISR
00054fa0   EMACRxIntPulseDisable
00054f44   EMACRxIntPulseEnable
00055ab8   EMACRxIntStat
000554f0   EMACRxMultiCastDisable
000554ac   EMACRxMultiCastEnable
000559f0   EMACRxSetFlowThreshold
00055738   EMACRxTeardown
0005555c   EMACRxUnicastClear
0005552c   EMACRxUnicastSet
000557fc   EMACSoftReset
0005601c   EMACTransmit
000553d4   EMACTxCPWrite
000550e0   EMACTxDisable
000550c4   EMACTxEnable
00055984   EMACTxFlowControlDisable
00055960   EMACTxFlowControlEnable
00055134   EMACTxHdrDescPtrWrite
00056208   EMACTxIntHandler
0005c228   EMACTxIntISR
00054ee8   EMACTxIntPulseDisable
00054e8c   EMACTxIntPulseEnable
00055a68   EMACTxIntStat
0005579c   EMACTxPrioritySelect
0005570c   EMACTxTeardown
0005a820   EMAC_LwIP_Main
0005ac90   IntMasterIRQDisable
0005ac80   IntMasterIRQEnable
0005aca0   IntMasterStatusGet
00051c1c   LocatorConfig
0005bda8   MDIODisable
0005bd84   MDIOEnable
0005bd3c   MDIOInit
0005bd0c   MDIOPhyAliveStatusGet
0005bd24   MDIOPhyLinkStatusGet
0005bc0c   MDIOPhyRegRead
0005bca4   MDIOPhyRegWrite
UNDEFED    SHT$$INIT_ARRAY$$Base
UNDEFED    SHT$$INIT_ARRAY$$Limit
0005ca90   __TI_CINIT_Base
0005caa0   __TI_CINIT_Limit
0005ca7c   __TI_Handler_Table_Base
0005ca88   __TI_Handler_Table_Limit
0005b6c0   __TI_PINIT_Base
0005b6c4   __TI_PINIT_Limit
0005c4d1   __TI_auto_init
0801473c   __TI_cleanup_ptr
0005c8cb   __TI_decompress_none
0005c8d9   __TI_decompress_rle24
08014740   __TI_dtors_ptr
00000000   __TI_static_base__
0005c8b9   __TI_zero_init
0005c6cc   __aeabi_idivmod
0005c5f5   __aeabi_memclr
0005c5f5   __aeabi_memclr4
0005c5f5   __aeabi_memclr8
0005c435   __aeabi_memcpy
0005c435   __aeabi_memcpy4
0005c435   __aeabi_memcpy8
0005c5f7   __aeabi_memset
0005c5f7   __aeabi_memset4
0005c5f7   __aeabi_memset8
0005c724   __aeabi_uidivmod
ffffffff   __binit__
ffffffff   __c_args__
0005b99c   _c_int00
0005b5b8   _coreClearAuxiliaryDataFault_
0005b5d4   _coreClearAuxiliaryInstructionFault_
0005b580   _coreClearDataFaultAddress_
0005b548   _coreClearDataFault_
0005b59c   _coreClearInstructionFaultAddress_
0005b564   _coreClearInstructionFault_
0005b4ac   _coreDisableEventBusExport_
0005b510   _coreDisableFlashEcc_
0005b4dc   _coreDisableRamEcc_
0005b494   _coreEnableEventBusExport_
0005b4f4   _coreEnableFlashEcc_
0005b528   _coreEnableIrqVicOffset_
0005b4c4   _coreEnableRamEcc_
0005b47c   _coreEnableVfp_
0005b5b0   _coreGetAuxiliaryDataFault_
0005b5cc   _coreGetAuxiliaryInstructionFault_
0005b578   _coreGetDataFaultAddress_
0005b540   _coreGetDataFault_
0005b594   _coreGetInstructionFaultAddress_
0005b55c   _coreGetInstructionFault_
0005b304   _coreInitRegisters_
0005b410   _coreInitStackPointer_
0005c140   _dabort
0005b5f0   _disable_FIQ_interrupt_
0005b5f8   _disable_IRQ_interrupt_
0005b5e8   _disable_interrupt_
0005b600   _enable_interrupt_
0005b690   _errata_CORTEXR4_57_
0005b6a8   _errata_CORTEXR4_66_
0005b608   _esmCcmErrorsClear_
0005b45c   _getCPSRValue_
0005b464   _gotoCPUIdle_
08014734   _lock
0005c89f   _nop
0005bf90   _pmuDisableCountersGlobal_
0005bf78   _pmuEnableCountersGlobal_
0005c010   _pmuGetCycleCount_
0005c018   _pmuGetEventCount_
0005c028   _pmuGetOverflow_
0005bf28   _pmuInit_
0005bfd8   _pmuResetCounters_
0005bfa8   _pmuResetCycleCounter_
0005bfc0   _pmuResetEventCounters_
0005c000   _pmuSetCountEvent_
0005bff0   _pmuStartCounters_
0005bff8   _pmuStopCounters_
0005c897   _register_lock
0005c891   _register_unlock
08014738   _unlock
0005c7c5   abort
00053390   adc1ParityCheck
00053488   adc2ParityCheck
ffffffff   binit
00053538   can1ParityCheck
00053610   can2ParityCheck
000536d8   can3ParityCheck
00052118   ccmSelfCheck
00054890   ccmr4GetConfigValue
00052a5c   checkB0RAMECC
00052c4c   checkB1RAMECC
00053d40   checkClockMonitor
00052e3c   checkFlashECC
00053e1c   checkFlashEEPROMECC
00053fb4   checkPLL1Slip
000540b4   checkPLL2Slip
00054178   checkRAMAddrParity
00053af8   checkRAMECC
00054298   checkRAMUERRTest
000528e0   checkefcSelfTest
0005c779   copy_in
08014648   countEMACCore0RxIsr
0801464c   countEMACCore0TxIsr
0005231c   cpuSelfTest
00052f20   cpuSelfTestFail
08014528   current_header
0801452c   current_iphdr_dest
08014530   current_iphdr_src
08014534   current_netif
00052f18   custom_dabort
00042104   dhcp_cleanup
00041cb8   dhcp_coarse_tmr
00041d4c   dhcp_fine_tmr
000422c4   dhcp_inform
00042410   dhcp_network_changed
00042bb8   dhcp_release
00042834   dhcp_renew
08014518   dhcp_rx_options_given
08014488   dhcp_rx_options_val
000420d8   dhcp_set_struct
00042138   dhcp_start
00042d2c   dhcp_stop
00054cec   disableParity
0005c360   dmaGroupANotification
00052fd0   dmaParityCheck
00052784   efcCheck
000547f8   efcGetConfigValue
000528b8   efcSelfTest
0005280c   efcStuckZeroTest
08014728   emacAddress
08014730   emacPhyAddress
0005c384   emacRxNotification
0005c374   emacTxNotification
00054c60   enableParity
000548fc   errata_PBIST_4
0005a35c   esmActivateNormalOperation
0005a448   esmClearStatus
0005a488   esmClearStatusBuffer
0005a320   esmDisableError
0005a398   esmDisableInterrupt
0005a2f4   esmEnableError
0005a36c   esmEnableInterrupt
0005a5a8   esmEnterSelfTest
0005a2d8   esmError
0005a680   esmGetConfigValue
0005a4d4   esmGetStatus
0005a548   esmGetStatusBuffer
0005c2f4   esmGroup1Notification
0005c304   esmGroup2Notification
0005bdd0   esmHighInterrupt
0005a1ac   esmInit
0005a630   esmSelfTestStatus
0005a4b4   esmSetCounterPreloadValue
0005a3c4   esmSetInterruptLevel
0005a34c   esmTriggerErrorPinReset
0004fc40   etharp_cleanup_netif
0004fcc4   etharp_find_addr
000500bc   etharp_output
00050340   etharp_query
000507a0   etharp_request
0004f630   etharp_tmr
000419b4   ethbroadcast
000507fc   ethernet_input
000419ba   ethzero
0005c7cd   exit
000418f0   file_404_html
00041904   file_BreadCrumbs_css
00041918   file_IE60Fixes_css
0004192c   file_img_Hercules_block_diagram_gif
00041940   file_img_ti_logo_gif
00041954   file_index_html
00041968   file_main_css
000543fc   fmcBus1ParityCheck
00052980   fmcBus2Check
000529bc   fmcECCcheck
0005c118   fs_bytes_left
0005c108   fs_close
0005c03c   fs_open
00041a2c   g_psDefaultFilenames
08014418   hdkif_data
000514a0   hdkif_init
00051a5c   hdkif_link_status
00050a3c   hdkif_macaddrset
00051a30   hdkif_netif_status
00051540   hdkif_rx_inthandler
00050a00   hdkif_swizzle_data
00050a28   hdkif_swizzle_rxp
00050a14   hdkif_swizzle_txp
000518cc   hdkif_tx_inthandler
00053080   het1ParityCheck
000531f8   het2ParityCheck
0005751c   httpd_init
00053130   htu1ParityCheck
000532e0   htu2ParityCheck
0004df60   icmp_dest_unreach
0004dc04   icmp_input
0004e594   inet_chksum
0004e5bc   inet_chksum_pbuf
0004e1d4   inet_chksum_pseudo
0004e3a0   inet_chksum_pseudo_partial
0005aad0   iommLock
0005aaec   iommMuxEnableMdio
0005ab54   iommMuxEnableMii
0005ab08   iommMuxEnableRmii
0005aab4   iommUnlock
0004ef60   ip4_addr_isbroadcast
0004f030   ip4_addr_netmask_valid
000419ac   ip_addr_any
000419b0   ip_addr_broadcast
0004e7b4   ip_input
0004eee8   ip_output
0004ec58   ip_output_if
0004e6b8   ip_route
0004f0c4   ipaddr_addr
0004f0f0   ipaddr_aton
0004f42c   ipaddr_ntoa
0004f448   ipaddr_ntoa_r
00051dc8   lwIPInit
00052038   lwIPLinkStatusGet
00052014   lwIPNetIfStatusGet
0005205c   lwIPRxIntHandler
00052080   lwIPTxIntHandler
0005c5a4   lwip_htonl
0005c564   lwip_htons
00043c30   lwip_init
0005c5e0   lwip_ntohl
0005c590   lwip_ntohs
080141cc   lwip_stats
0005c8a4   main
00057688   mapClocks
000444e0   mem_calloc
00043e48   mem_free
00043d98   mem_init
0004420c   mem_malloc
00043f20   mem_trim
0005c82b   memcmp
0005c435   memcpy
0005225c   memoryInit
0005c314   memoryPort0TestFailNotification
0005c330   memoryPort1TestFailNotification
000447a4   memp_free
00044530   memp_init
00044698   memp_malloc
0005c5fd   memset
000537ac   mibspi1ParityCheck
000538b4   mibspi3ParityCheck
000539d8   mibspi5ParityCheck
00058ac8   muxInit
0004482c   netif_add
08014544   netif_default
00044a3c   netif_find
00044824   netif_init
08014548   netif_list
0004494c   netif_remove
00044908   netif_set_addr
00044ccc   netif_set_default
00044d50   netif_set_down
00044c54   netif_set_gw
00044af0   netif_set_ipaddr
00044e10   netif_set_link_down
00044d98   netif_set_link_up
00044c94   netif_set_netmask
00044cf4   netif_set_up
00054528   pbistFail
00054610   pbistGetConfigValue
000526b8   pbistIsTestCompleted
000526d4   pbistIsTestPassed
00052728   pbistPortTestStatus
000525bc   pbistRun
000523b4   pbistSelfCheck
00052688   pbistStop
00044eec   pbuf_alloc
000456c0   pbuf_cat
00045750   pbuf_chain
0004563c   pbuf_clen
00045c8c   pbuf_coalesce
00045804   pbuf_copy
00045a00   pbuf_copy_partial
00045774   pbuf_dechain
0004552c   pbuf_free
00044e44   pbuf_free_ooseq
08014599   pbuf_free_ooseq_pending
00045d04   pbuf_get_at
00045398   pbuf_header
00045da8   pbuf_memcmp
00045ebc   pbuf_memfind
00045254   pbuf_realloc
00045688   pbuf_ref
00045f68   pbuf_strstr
00045b70   pbuf_take
000509a4   perf_init
00057634   periphInit
0005c8e0   phantomInterrupt
00058f1c   pinmuxGetConfigValue
08001500   ram_heap
00046130   raw_bind
0004616c   raw_connect
00045fe8   raw_input
00046400   raw_new
000461a8   raw_recv
00046358   raw_remove
00046334   raw_send
000461d8   raw_sendto
00000000   resetEntry
000597ec   sciDisableLoopback
00059878   sciDisableNotification
0005acb4   sciDisplayText
000597b8   sciEnableLoopback
00059810   sciEnableNotification
00059340   sciInit
00059668   sciIsIdleDetected
0005964c   sciIsRxReady
000594cc   sciIsTxReady
0005ad14   sciNotification
000596e0   sciReceive
000596b4   sciReceiveByte
00059684   sciRxError
00059518   sciSend
000594e8   sciSendByte
0005944c   sciSetBaudrate
0005942c   sciSetFunctional
000598e0   scilinGetConfigValue
00052108   selftestFailNotification
000575f4   setupFlash
0005754c   setupPLL
0005a7e0   smallDelay
00057e6c   sramGetConfigValue
0004646c   stats_init
00054758   stcGetConfigValue
000522a0   stcSelfCheck
00052f1c   stcSelfCheckFail
0005c865   strchr
0005c84d   strcmp
0005c87b   strlen
0005c805   strncmp
000509b4   sys_arch_protect
000509cc   sys_arch_unprotect
0005b1c4   sys_check_timeouts
000509e8   sys_now
0005b2c8   sys_restart_timeouts
0005af24   sys_timeout
0005aee0   sys_timeouts_init
0005b0c8   sys_untimeout
000578ac   systemGetConfigValue
000577b0   systemInit
0005787c   systemPowerDown
00057cc0   tcmflashGetConfigValue
00046990   tcp_abandon
00046ad4   tcp_abort
000481fc   tcp_accept
08014564   tcp_active_pcbs
0801459b   tcp_active_pcbs_changed
00047f9c   tcp_alloc
0004817c   tcp_arg
00041864   tcp_backoff
00046aec   tcp_bind
08014568   tcp_bound_pcbs
0004687c   tcp_close
000470bc   tcp_connect
000484dc   tcp_debug_state_str
00048468   tcp_eff_send_mss
0004c000   tcp_enqueue_flags
000481dc   tcp_err
00047aa8   tcp_fasttmr
00046470   tcp_init
00048504   tcp_input
0801456c   tcp_input_pcb
0004cd38   tcp_keepalive
08014570   tcp_listen_pcbs
00046ca0   tcp_listen_with_backlog
0004816c   tcp_new
00048440   tcp_next_iss
0004c344   tcp_output
0004199c   tcp_pcb_lists
0004824c   tcp_pcb_purge
00048314   tcp_pcb_remove
00041871   tcp_persist_backoff
0004821c   tcp_poll
00047b8c   tcp_process_refused_data
0004819c   tcp_recv
00047dac   tcp_recv_null
00046f5c   tcp_recved
0004cb70   tcp_rexmit
0004cc5c   tcp_rexmit_fast
0004cad8   tcp_rexmit_rto
0004c9b4   tcp_rst
00047d60   tcp_seg_copy
00047d00   tcp_seg_free
00047cc0   tcp_segs_free
0004c268   tcp_send_empty_ack
0004b480   tcp_send_fin
000481bc   tcp_sent
00047d40   tcp_setprio
000468b4   tcp_shutdown
000473b0   tcp_slowtmr
00041a00   tcp_state_str
08014574   tcp_ticks
0005ae2c   tcp_timer_needed
08014578   tcp_tmp_pcb
00046474   tcp_tmr
0801457c   tcp_tw_pcbs
00046e84   tcp_update_rcv_ann_wnd
0004b900   tcp_write
0004cdfc   tcp_zero_window_probe
000575ac   trimLPO
080145e3   txtBigEndian
080145a0   txtCRLF
080145f5   txtEnetInit
080146b0   txtErrorInit
0801458c   txtIPAddrItoA
08014612   txtIPAddrTxt
080145ce   txtLittleEndian
08014626   txtNote1
080145bc   txtTI
080145a2   txtTitle
0004d854   udp_bind
0004d9b4   udp_connect
0004dab4   udp_disconnect
0004cfac   udp_init
0004d064   udp_input
0004dbc4   udp_new
08014590   udp_pcbs
0004daec   udp_recv
0004db1c   udp_remove
0004d570   udp_send
0004d59c   udp_sendto
0004d608   udp_sendto_if
00058150   vimChannelMap
000583b4   vimDisableInterrupt
000581ec   vimEnableInterrupt
00058460   vimGetConfigValue
0005807c   vimInit
00052f24   vimParityCheck
0005b6c8   vimParityErrorHandler


GLOBAL SYMBOLS: SORTED BY Symbol Address 

address    name
--------   ----
00000000   __TI_static_base__
00000000   resetEntry
00041864   tcp_backoff
00041871   tcp_persist_backoff
000418f0   file_404_html
00041904   file_BreadCrumbs_css
00041918   file_IE60Fixes_css
0004192c   file_img_Hercules_block_diagram_gif
00041940   file_img_ti_logo_gif
00041954   file_index_html
00041968   file_main_css
0004199c   tcp_pcb_lists
000419ac   ip_addr_any
000419b0   ip_addr_broadcast
000419b4   ethbroadcast
000419ba   ethzero
00041a00   tcp_state_str
00041a2c   g_psDefaultFilenames
00041cb8   dhcp_coarse_tmr
00041d4c   dhcp_fine_tmr
000420d8   dhcp_set_struct
00042104   dhcp_cleanup
00042138   dhcp_start
000422c4   dhcp_inform
00042410   dhcp_network_changed
00042834   dhcp_renew
00042bb8   dhcp_release
00042d2c   dhcp_stop
00043c30   lwip_init
00043d98   mem_init
00043e48   mem_free
00043f20   mem_trim
0004420c   mem_malloc
000444e0   mem_calloc
00044530   memp_init
00044698   memp_malloc
000447a4   memp_free
00044824   netif_init
0004482c   netif_add
00044908   netif_set_addr
0004494c   netif_remove
00044a3c   netif_find
00044af0   netif_set_ipaddr
00044c54   netif_set_gw
00044c94   netif_set_netmask
00044ccc   netif_set_default
00044cf4   netif_set_up
00044d50   netif_set_down
00044d98   netif_set_link_up
00044e10   netif_set_link_down
00044e44   pbuf_free_ooseq
00044eec   pbuf_alloc
00045254   pbuf_realloc
00045398   pbuf_header
0004552c   pbuf_free
0004563c   pbuf_clen
00045688   pbuf_ref
000456c0   pbuf_cat
00045750   pbuf_chain
00045774   pbuf_dechain
00045804   pbuf_copy
00045a00   pbuf_copy_partial
00045b70   pbuf_take
00045c8c   pbuf_coalesce
00045d04   pbuf_get_at
00045da8   pbuf_memcmp
00045ebc   pbuf_memfind
00045f68   pbuf_strstr
00045fe8   raw_input
00046130   raw_bind
0004616c   raw_connect
000461a8   raw_recv
000461d8   raw_sendto
00046334   raw_send
00046358   raw_remove
00046400   raw_new
0004646c   stats_init
00046470   tcp_init
00046474   tcp_tmr
0004687c   tcp_close
000468b4   tcp_shutdown
00046990   tcp_abandon
00046ad4   tcp_abort
00046aec   tcp_bind
00046ca0   tcp_listen_with_backlog
00046e84   tcp_update_rcv_ann_wnd
00046f5c   tcp_recved
000470bc   tcp_connect
000473b0   tcp_slowtmr
00047aa8   tcp_fasttmr
00047b8c   tcp_process_refused_data
00047cc0   tcp_segs_free
00047d00   tcp_seg_free
00047d40   tcp_setprio
00047d60   tcp_seg_copy
00047dac   tcp_recv_null
00047f9c   tcp_alloc
0004816c   tcp_new
0004817c   tcp_arg
0004819c   tcp_recv
000481bc   tcp_sent
000481dc   tcp_err
000481fc   tcp_accept
0004821c   tcp_poll
0004824c   tcp_pcb_purge
00048314   tcp_pcb_remove
00048440   tcp_next_iss
00048468   tcp_eff_send_mss
000484dc   tcp_debug_state_str
00048504   tcp_input
0004b480   tcp_send_fin
0004b900   tcp_write
0004c000   tcp_enqueue_flags
0004c268   tcp_send_empty_ack
0004c344   tcp_output
0004c9b4   tcp_rst
0004cad8   tcp_rexmit_rto
0004cb70   tcp_rexmit
0004cc5c   tcp_rexmit_fast
0004cd38   tcp_keepalive
0004cdfc   tcp_zero_window_probe
0004cfac   udp_init
0004d064   udp_input
0004d570   udp_send
0004d59c   udp_sendto
0004d608   udp_sendto_if
0004d854   udp_bind
0004d9b4   udp_connect
0004dab4   udp_disconnect
0004daec   udp_recv
0004db1c   udp_remove
0004dbc4   udp_new
0004dc04   icmp_input
0004df60   icmp_dest_unreach
0004e1d4   inet_chksum_pseudo
0004e3a0   inet_chksum_pseudo_partial
0004e594   inet_chksum
0004e5bc   inet_chksum_pbuf
0004e6b8   ip_route
0004e7b4   ip_input
0004ec58   ip_output_if
0004eee8   ip_output
0004ef60   ip4_addr_isbroadcast
0004f030   ip4_addr_netmask_valid
0004f0c4   ipaddr_addr
0004f0f0   ipaddr_aton
0004f42c   ipaddr_ntoa
0004f448   ipaddr_ntoa_r
0004f630   etharp_tmr
0004fc40   etharp_cleanup_netif
0004fcc4   etharp_find_addr
000500bc   etharp_output
00050340   etharp_query
000507a0   etharp_request
000507fc   ethernet_input
000509a4   perf_init
000509b4   sys_arch_protect
000509cc   sys_arch_unprotect
000509e8   sys_now
00050a00   hdkif_swizzle_data
00050a14   hdkif_swizzle_txp
00050a28   hdkif_swizzle_rxp
00050a3c   hdkif_macaddrset
000514a0   hdkif_init
00051540   hdkif_rx_inthandler
000518cc   hdkif_tx_inthandler
00051a30   hdkif_netif_status
00051a5c   hdkif_link_status
00051c1c   LocatorConfig
00051dc8   lwIPInit
00052014   lwIPNetIfStatusGet
00052038   lwIPLinkStatusGet
0005205c   lwIPRxIntHandler
00052080   lwIPTxIntHandler
00052108   selftestFailNotification
00052118   ccmSelfCheck
0005225c   memoryInit
000522a0   stcSelfCheck
0005231c   cpuSelfTest
000523b4   pbistSelfCheck
000525bc   pbistRun
00052688   pbistStop
000526b8   pbistIsTestCompleted
000526d4   pbistIsTestPassed
00052728   pbistPortTestStatus
00052784   efcCheck
0005280c   efcStuckZeroTest
000528b8   efcSelfTest
000528e0   checkefcSelfTest
00052980   fmcBus2Check
000529bc   fmcECCcheck
00052a5c   checkB0RAMECC
00052c4c   checkB1RAMECC
00052e3c   checkFlashECC
00052f18   custom_dabort
00052f1c   stcSelfCheckFail
00052f20   cpuSelfTestFail
00052f24   vimParityCheck
00052fd0   dmaParityCheck
00053080   het1ParityCheck
00053130   htu1ParityCheck
000531f8   het2ParityCheck
000532e0   htu2ParityCheck
00053390   adc1ParityCheck
00053488   adc2ParityCheck
00053538   can1ParityCheck
00053610   can2ParityCheck
000536d8   can3ParityCheck
000537ac   mibspi1ParityCheck
000538b4   mibspi3ParityCheck
000539d8   mibspi5ParityCheck
00053af8   checkRAMECC
00053d40   checkClockMonitor
00053e1c   checkFlashEEPROMECC
00053fb4   checkPLL1Slip
000540b4   checkPLL2Slip
00054178   checkRAMAddrParity
00054298   checkRAMUERRTest
000543fc   fmcBus1ParityCheck
00054528   pbistFail
00054610   pbistGetConfigValue
00054758   stcGetConfigValue
000547f8   efcGetConfigValue
00054890   ccmr4GetConfigValue
000548fc   errata_PBIST_4
00054c60   enableParity
00054cec   disableParity
00054e8c   EMACTxIntPulseEnable
00054ee8   EMACTxIntPulseDisable
00054f44   EMACRxIntPulseEnable
00054fa0   EMACRxIntPulseDisable
00054ffc   EMACRMIISpeedSet
0005503c   EMACMIIEnable
00055060   EMACMIIDisable
00055084   EMACDuplexSet
000550c4   EMACTxEnable
000550e0   EMACTxDisable
000550fc   EMACRxEnable
00055118   EMACRxDisable
00055134   EMACTxHdrDescPtrWrite
00055160   EMACRxHdrDescPtrWrite
0005518c   EMACInit
000552c8   EMACMACSrcAddrSet
0005532c   EMACMACAddrSet
000553b4   EMACCoreIntAck
000553d4   EMACTxCPWrite
00055400   EMACRxCPWrite
0005542c   EMACRxBroadCastEnable
00055470   EMACRxBroadCastDisable
000554ac   EMACRxMultiCastEnable
000554f0   EMACRxMultiCastDisable
0005552c   EMACRxUnicastSet
0005555c   EMACRxUnicastClear
0005558c   EMACNumFreeBufSet
000555b8   EMACIntVectorGet
000555d0   EMACInstConfig
00055634   EMACLinkSetup
0005570c   EMACTxTeardown
00055738   EMACRxTeardown
00055764   EMACFrameSelect
0005579c   EMACTxPrioritySelect
000557fc   EMACSoftReset
00055848   EMACEnableIdleState
0005586c   EMACDisableIdleState
00055890   EMACEnableLoopback
000558f8   EMACDisableLoopback
00055960   EMACTxFlowControlEnable
00055984   EMACTxFlowControlDisable
000559a8   EMACRxFlowControlEnable
000559cc   EMACRxFlowControlDisable
000559f0   EMACRxSetFlowThreshold
00055a44   EMACReadNetStatRegisters
00055a68   EMACTxIntStat
00055ab8   EMACRxIntStat
00055b48   EMACDMAInit
00055d20   EMACHWInit
0005601c   EMACTransmit
00056208   EMACTxIntHandler
000562fc   EMACReceive
00056458   EMACGetConfigValue
0005751c   httpd_init
0005754c   setupPLL
000575ac   trimLPO
000575f4   setupFlash
00057634   periphInit
00057688   mapClocks
000577b0   systemInit
0005787c   systemPowerDown
000578ac   systemGetConfigValue
00057cc0   tcmflashGetConfigValue
00057e6c   sramGetConfigValue
0005807c   vimInit
00058150   vimChannelMap
000581ec   vimEnableInterrupt
000583b4   vimDisableInterrupt
00058460   vimGetConfigValue
00058ac8   muxInit
00058f1c   pinmuxGetConfigValue
00059340   sciInit
0005942c   sciSetFunctional
0005944c   sciSetBaudrate
000594cc   sciIsTxReady
000594e8   sciSendByte
00059518   sciSend
0005964c   sciIsRxReady
00059668   sciIsIdleDetected
00059684   sciRxError
000596b4   sciReceiveByte
000596e0   sciReceive
000597b8   sciEnableLoopback
000597ec   sciDisableLoopback
00059810   sciEnableNotification
00059878   sciDisableNotification
000598e0   scilinGetConfigValue
00059a9c   Dp83640IDGet
00059b14   Dp83640LinkStatusGet
00059bf4   Dp83640AutoNegotiate
00059d84   Dp83640PartnerAbilityGet
00059dac   Dp83640Reset
00059dfc   Dp83640EnableLoopback
00059e8c   Dp83640DisableLoopback
00059f10   Dp83640GetTimeStamp
0005a1ac   esmInit
0005a2d8   esmError
0005a2f4   esmEnableError
0005a320   esmDisableError
0005a34c   esmTriggerErrorPinReset
0005a35c   esmActivateNormalOperation
0005a36c   esmEnableInterrupt
0005a398   esmDisableInterrupt
0005a3c4   esmSetInterruptLevel
0005a448   esmClearStatus
0005a488   esmClearStatusBuffer
0005a4b4   esmSetCounterPreloadValue
0005a4d4   esmGetStatus
0005a548   esmGetStatusBuffer
0005a5a8   esmEnterSelfTest
0005a630   esmSelfTestStatus
0005a680   esmGetConfigValue
0005a7e0   smallDelay
0005a820   EMAC_LwIP_Main
0005aab4   iommUnlock
0005aad0   iommLock
0005aaec   iommMuxEnableMdio
0005ab08   iommMuxEnableRmii
0005ab54   iommMuxEnableMii
0005ac80   IntMasterIRQEnable
0005ac90   IntMasterIRQDisable
0005aca0   IntMasterStatusGet
0005acb4   sciDisplayText
0005ad14   sciNotification
0005ae2c   tcp_timer_needed
0005aee0   sys_timeouts_init
0005af24   sys_timeout
0005b0c8   sys_untimeout
0005b1c4   sys_check_timeouts
0005b2c8   sys_restart_timeouts
0005b304   _coreInitRegisters_
0005b410   _coreInitStackPointer_
0005b45c   _getCPSRValue_
0005b464   _gotoCPUIdle_
0005b47c   _coreEnableVfp_
0005b494   _coreEnableEventBusExport_
0005b4ac   _coreDisableEventBusExport_
0005b4c4   _coreEnableRamEcc_
0005b4dc   _coreDisableRamEcc_
0005b4f4   _coreEnableFlashEcc_
0005b510   _coreDisableFlashEcc_
0005b528   _coreEnableIrqVicOffset_
0005b540   _coreGetDataFault_
0005b548   _coreClearDataFault_
0005b55c   _coreGetInstructionFault_
0005b564   _coreClearInstructionFault_
0005b578   _coreGetDataFaultAddress_
0005b580   _coreClearDataFaultAddress_
0005b594   _coreGetInstructionFaultAddress_
0005b59c   _coreClearInstructionFaultAddress_
0005b5b0   _coreGetAuxiliaryDataFault_
0005b5b8   _coreClearAuxiliaryDataFault_
0005b5cc   _coreGetAuxiliaryInstructionFault_
0005b5d4   _coreClearAuxiliaryInstructionFault_
0005b5e8   _disable_interrupt_
0005b5f0   _disable_FIQ_interrupt_
0005b5f8   _disable_IRQ_interrupt_
0005b600   _enable_interrupt_
0005b608   _esmCcmErrorsClear_
0005b690   _errata_CORTEXR4_57_
0005b6a8   _errata_CORTEXR4_66_
0005b6c0   __TI_PINIT_Base
0005b6c4   __TI_PINIT_Limit
0005b6c8   vimParityErrorHandler
0005b99c   _c_int00
0005bc0c   MDIOPhyRegRead
0005bca4   MDIOPhyRegWrite
0005bd0c   MDIOPhyAliveStatusGet
0005bd24   MDIOPhyLinkStatusGet
0005bd3c   MDIOInit
0005bd84   MDIOEnable
0005bda8   MDIODisable
0005bdd0   esmHighInterrupt
0005bf28   _pmuInit_
0005bf78   _pmuEnableCountersGlobal_
0005bf90   _pmuDisableCountersGlobal_
0005bfa8   _pmuResetCycleCounter_
0005bfc0   _pmuResetEventCounters_
0005bfd8   _pmuResetCounters_
0005bff0   _pmuStartCounters_
0005bff8   _pmuStopCounters_
0005c000   _pmuSetCountEvent_
0005c010   _pmuGetCycleCount_
0005c018   _pmuGetEventCount_
0005c028   _pmuGetOverflow_
0005c03c   fs_open
0005c108   fs_close
0005c118   fs_bytes_left
0005c140   _dabort
0005c228   EMACTxIntISR
0005c28c   EMACRxIntISR
0005c2f4   esmGroup1Notification
0005c304   esmGroup2Notification
0005c314   memoryPort0TestFailNotification
0005c330   memoryPort1TestFailNotification
0005c360   dmaGroupANotification
0005c374   emacTxNotification
0005c384   emacRxNotification
0005c394   EMACCore0RxIsr
0005c3e0   EMACCore0TxIsr
0005c435   __aeabi_memcpy
0005c435   __aeabi_memcpy4
0005c435   __aeabi_memcpy8
0005c435   memcpy
0005c4d1   __TI_auto_init
0005c564   lwip_htons
0005c590   lwip_ntohs
0005c5a4   lwip_htonl
0005c5e0   lwip_ntohl
0005c5f5   __aeabi_memclr
0005c5f5   __aeabi_memclr4
0005c5f5   __aeabi_memclr8
0005c5f7   __aeabi_memset
0005c5f7   __aeabi_memset4
0005c5f7   __aeabi_memset8
0005c5fd   memset
0005c6cc   __aeabi_idivmod
0005c724   __aeabi_uidivmod
0005c779   copy_in
0005c7c1   C$$EXIT
0005c7c5   abort
0005c7cd   exit
0005c805   strncmp
0005c82b   memcmp
0005c84d   strcmp
0005c865   strchr
0005c87b   strlen
0005c891   _register_unlock
0005c897   _register_lock
0005c89f   _nop
0005c8a4   main
0005c8b9   __TI_zero_init
0005c8cb   __TI_decompress_none
0005c8d9   __TI_decompress_rle24
0005c8e0   phantomInterrupt
0005ca7c   __TI_Handler_Table_Base
0005ca88   __TI_Handler_Table_Limit
0005ca90   __TI_CINIT_Base
0005caa0   __TI_CINIT_Limit
08001500   ram_heap
080141cc   lwip_stats
08014418   hdkif_data
08014488   dhcp_rx_options_val
08014518   dhcp_rx_options_given
08014528   current_header
0801452c   current_iphdr_dest
08014530   current_iphdr_src
08014534   current_netif
08014544   netif_default
08014548   netif_list
08014564   tcp_active_pcbs
08014568   tcp_bound_pcbs
0801456c   tcp_input_pcb
08014570   tcp_listen_pcbs
08014574   tcp_ticks
08014578   tcp_tmp_pcb
0801457c   tcp_tw_pcbs
0801458c   txtIPAddrItoA
08014590   udp_pcbs
08014599   pbuf_free_ooseq_pending
0801459b   tcp_active_pcbs_changed
080145a0   txtCRLF
080145a2   txtTitle
080145bc   txtTI
080145ce   txtLittleEndian
080145e3   txtBigEndian
080145f5   txtEnetInit
08014612   txtIPAddrTxt
08014626   txtNote1
08014648   countEMACCore0RxIsr
0801464c   countEMACCore0TxIsr
080146b0   txtErrorInit
08014728   emacAddress
08014730   emacPhyAddress
08014734   _lock
08014738   _unlock
0801473c   __TI_cleanup_ptr
08014740   __TI_dtors_ptr
ffffffff   __binit__
ffffffff   __c_args__
ffffffff   binit
UNDEFED    SHT$$INIT_ARRAY$$Base
UNDEFED    SHT$$INIT_ARRAY$$Limit

[510 symbols]
