******************************************************************************
                  TI ARM Linker PC v5.1.6                      
******************************************************************************
>> Linked Wed May 21 15:07:25 2014

OUTPUT FILE NAME:   <Build-RM48.out>
ENTRY POINT SYMBOL: "_c_int00"  address: 0005b460


MEMORY CONFIGURATION

         name            origin    length      used     unused   attr    fill
----------------------  --------  ---------  --------  --------  ----  --------
  VECTORS               00000000   00000020  00000020  00000000     X
  FLASH0                00000020   0017ffe0  0005c55c  00123a84  R  X
  FLASH1                00180000   00180000  00000000  00180000  R  X
  STACKS                08000000   00001500  00000000  00001500  RW  
  RAM                   08001500   0003eb00  00013242  0002b8be  RW  


SEGMENT ALLOCATION MAP

run origin  load origin   length   init length attrs members
----------  ----------- ---------- ----------- ----- -------
00000000    00000000    0005c580   0005c580    r-x
  00000000    00000000    00000020   00000020    r-x .intvecs
  00000020    00000020    000419b4   000419b4    r-- .const
  000419d4    000419d4    0001a9f0   0001a9f0    r-x .text
  0005c3c8    0005c3c8    000001b8   000001b8    r-- .cinit
08001500    08001500    00013244   00000000    rw-
  08001500    08001500    0001309e   00000000    rw- .bss
  080145a0    080145a0    000001a4   00000000    rw- .data


SECTION ALLOCATION MAP

 output                                  attributes/
section   page    origin      length       input sections
--------  ----  ----------  ----------   ----------------
.intvecs   0    00000000    00000020     
                  00000000    00000020     sys_intvecs.obj (.intvecs)

.const     0    00000020    000419b4     
                  00000020    000363f5     fs.obj (.const:.string:data_img_Hercules_block_diagram_gif)
                  00036415    00007127     fs.obj (.const:.string:data_index_html)
                  0003d53c    0000293b     fs.obj (.const:.string:data_main_css)
                  0003fe77    00000d4b     fs.obj (.const:.string:data_img_ti_logo_gif)
                  00040bc2    00000777     fs.obj (.const:.string:data_IE60Fixes_css)
                  00041339    00000289     fs.obj (.const:.string:data_404_html)
                  000415c2    00000002     --HOLE-- [fill = 0]
                  000415c4    00000180     sys_vim.obj (.const:s_vim_init)
                  00041744    000000a0     fs.obj (.const:.string:data_BreadCrumbs_css)
                  000417e4    0000008c     lwiplib.obj (.const:.string)
                  00041870    0000008c     fs.obj (.const)
                  000418fc    00000044     lwiplib.obj (.const)
                  00041940    00000040     httpd.obj (.const:.string)
                  00041980    0000002c     lwiplib.obj (.const:tcp_state_str)
                  000419ac    00000028     httpd.obj (.const:g_psDefaultFilenames)

.text      0    000419d4    0001a9f0     
                  000419d4    000106b4     lwiplib.obj (.text)
                  00052088    00002d84     sys_selftest.obj (.text)
                  00054e0c    00001788     emac.obj (.text)
                  00056594    00000f38     httpd.obj (.text)
                  000574cc    00000b30     system.obj (.text)
                  00057ffc    00000890     sys_vim.obj (.text)
                  0005888c    0000075c     sci.obj (.text)
                  00058fe8    00000710     phy_dp83640.obj (.text)
                  000596f8    00000634     esm.obj (.text)
                  00059d2c    000005fc     lwip_main.obj (.text)
                  0005a328    000005b8     pinmux.obj (.text)
                  0005a8e0    00000528     timers.obj (.text)
                  0005ae08    000003c4     sys_core.obj (.text)
                  0005b1cc    00000294     sys_vim.obj (.text:retain)
                  0005b460    0000028c     sys_startup.obj (.text:retain)
                  0005b6ec    000001c4     mdio.obj (.text)
                  0005b8b0    00000158     esm.obj (.text:retain)
                  0005ba08    00000114     sys_pmu.obj (.text)
                  0005bb1c    00000104     fs.obj (.text)
                  0005bc20    000000e8     dabort.obj (.text)
                  0005bd08    000000cc     emac.obj (.text:retain)
                  0005bdd4    000000a0     notification.obj (.text)
                  0005be74    000000a0     lwip_main.obj (.text:retain)
                  0005bf14    0000009c     rtsv7R4_T_le_v3D16_eabi.lib : memcpy_t2.obj (.text)
                  0005bfb0    00000094                                 : auto_init.obj (.text)
                  0005c044    00000090     def.obj (.text)
                  0005c0d4    00000078     rtsv7R4_T_le_v3D16_eabi.lib : memset_t2.obj (.text)
                  0005c14c    00000060                                 : copy_decompress_rle.obj (.text)
                  0005c1ac    00000058                                 : i_div32.obj (.text)
                  0005c204    00000054                                 : u_div32.obj (.text)
                  0005c258    00000048                                 : cpy_tbl.obj (.text)
                  0005c2a0    00000044                                 : exit.obj (.text)
                  0005c2e4    00000026                                 : strncmp.obj (.text)
                  0005c30a    00000022                                 : memcmp.obj (.text)
                  0005c32c    00000018                                 : strcmp.obj (.text)
                  0005c344    00000016                                 : strchr.obj (.text)
                  0005c35a    00000016                                 : strlen.obj (.text)
                  0005c370    00000014                                 : _lock.obj (.text)
                  0005c384    00000014     sys_main.obj (.text)
                  0005c398    00000012     rtsv7R4_T_le_v3D16_eabi.lib : copy_zero_init.obj (.text:decompress:ZI)
                  0005c3aa    0000000e                                 : copy_decompress_none.obj (.text:decompress:none)
                  0005c3b8    00000006                                 : copy_decompress_rle.obj (.text:decompress:rle24)
                  0005c3be    00000002     --HOLE-- [fill = 0]
                  0005c3c0    00000004     sys_phantom.obj (.text:retain)

.cinit     0    0005c3c8    000001b8     
                  0005c3c8    00000194     (.cinit..data.load) [load image, compression = rle]
                  0005c55c    0000000c     (__TI_handler_table)
                  0005c568    00000008     (.cinit..bss.load) [load image, compression = zero_init]
                  0005c570    00000010     (__TI_cinit_table)

.bss       0    08001500    0001309e     UNINITIALIZED
                  08001500    00007814     lwiplib.obj (.bss:ram_heap)
                  08008d14    00007594     lwiplib.obj (.bss:memp_memory)
                  080102a8    00003b24     emac.obj (.bss:pbuf_array)
                  08013dcc    00000400     httpd.obj (.bss:httpd_req_buf)
                  080141cc    000000ea     lwiplib.obj (.bss:lwip_stats)
                  080142b6    00000002     (.common:ip_id)
                  080142b8    000000c8     lwiplib.obj (.bss:arp_table)
                  08014380    00000054     lwiplib.obj (.bss:locatorData)
                  080143d4    00000044     lwiplib.obj (.bss:hdkif_data)
                  08014418    0000003c     emac.obj (.bss:hdkif_data)
                  08014454    00000034     lwiplib.obj (.bss:hdkNetIF)
                  08014488    00000028     lwiplib.obj (.bss:dhcp_rx_options_val)
                  080144b0    00000028     sci.obj (.bss:g_sciTransfer_t)
                  080144d8    00000020     (.common:memp_tab)
                  080144f8    00000010     (.common:inseg)
                  08014508    00000010     (.common:str$3)
                  08014518    0000000c     (.common:dhcp_rx_options_given)
                  08014524    00000004     (.common:ackno)
                  08014528    00000004     (.common:current_header)
                  0801452c    00000004     (.common:current_iphdr_dest)
                  08014530    00000004     (.common:current_iphdr_src)
                  08014534    00000004     (.common:current_netif)
                  08014538    00000004     (.common:delayval$1)
                  0801453c    00000004     (.common:iphdr)
                  08014540    00000004     (.common:lfree)
                  08014544    00000004     (.common:netif_default)
                  08014548    00000004     (.common:netif_list)
                  0801454c    00000004     (.common:next_timeout)
                  08014550    00000004     (.common:ram)
                  08014554    00000004     (.common:ram_end)
                  08014558    00000004     (.common:raw_pcbs)
                  0801455c    00000004     (.common:recv_data)
                  08014560    00000004     (.common:seqno)
                  08014564    00000004     (.common:tcp_active_pcbs)
                  08014568    00000004     (.common:tcp_bound_pcbs)
                  0801456c    00000004     (.common:tcp_input_pcb)
                  08014570    00000004     (.common:tcp_listen_pcbs)
                  08014574    00000004     (.common:tcp_ticks)
                  08014578    00000004     (.common:tcp_tmp_pcb)
                  0801457c    00000004     (.common:tcp_tw_pcbs)
                  08014580    00000004     (.common:tcphdr)
                  08014584    00000004     (.common:tcpip_tcp_timer_active)
                  08014588    00000004     (.common:timeouts_last_time)
                  0801458c    00000004     (.common:txtIPAddrItoA)
                  08014590    00000004     (.common:udp_pcbs)
                  08014594    00000002     (.common:tcplen)
                  08014596    00000001     (.common:etharp_cached_entry)
                  08014597    00000001     (.common:flags)
                  08014598    00000001     (.common:netif_num)
                  08014599    00000001     (.common:pbuf_free_ooseq_pending)
                  0801459a    00000001     (.common:recv_flags)
                  0801459b    00000001     (.common:tcp_active_pcbs_changed)
                  0801459c    00000001     (.common:tcp_timer)
                  0801459d    00000001     (.common:tcp_timer_ctr)

.data      0    080145a0    000001a4     UNINITIALIZED
                  080145a0    000000b0     lwip_main.obj (.data)
                  08014650    00000060     lwiplib.obj (.data)
                  080146b0    0000002e     lwip_main.obj (.data:txtErrorInit)
                  080146de    00000025     lwiplib.obj (.data:txtPhyGetAlSts)
                  08014703    00000024     lwiplib.obj (.data:txtPhyGetLnkSts)
                  08014727    00000001     --HOLE--
                  08014728    0000000c     sys_main.obj (.data)
                  08014734    00000008     rtsv7R4_T_le_v3D16_eabi.lib : _lock.obj (.data)
                  0801473c    00000008                                 : exit.obj (.data)


LINKER GENERATED COPY TABLES

__TI_cinit_table @ 0005c570 records: 2, size/record: 8, table size: 16
	.data: load addr=0005c3c8, load size=00000194 bytes, run addr=080145a0, run size=000001a4 bytes, compression=rle
	.bss: load addr=0005c568, load size=00000008 bytes, run addr=08001500, run size=0001309e bytes, compression=zero_init


LINKER GENERATED HANDLER TABLE

__TI_handler_table @ 0005c55c records: 3, size/record: 4, table size: 12
	index: 0, handler: __TI_zero_init
	index: 1, handler: __TI_decompress_rle24
	index: 2, handler: __TI_decompress_none


GLOBAL SYMBOLS: SORTED ALPHABETICALLY BY Name 

address    name
--------   ----
0005c2a1   C$$EXIT
00059140   Dp83640AutoNegotiate
000593d8   Dp83640DisableLoopback
00059348   Dp83640EnableLoopback
0005945c   Dp83640GetTimeStamp
00058fe8   Dp83640IDGet
00059060   Dp83640LinkStatusGet
000592d0   Dp83640PartnerAbilityGet
000592f8   Dp83640Reset
0005be74   EMACCore0RxIsr
0005bec0   EMACCore0TxIsr
00055334   EMACCoreIntAck
00055ac8   EMACDMAInit
000557ec   EMACDisableIdleState
00055878   EMACDisableLoopback
00055004   EMACDuplexSet
000557c8   EMACEnableIdleState
00055810   EMACEnableLoopback
000556e4   EMACFrameSelect
000563d8   EMACGetConfigValue
00055ca0   EMACHWInit
0005510c   EMACInit
00055550   EMACInstConfig
00055538   EMACIntVectorGet
000555b4   EMACLinkSetup
000552ac   EMACMACAddrSet
00055248   EMACMACSrcAddrSet
00054fe0   EMACMIIDisable
00054fbc   EMACMIIEnable
0005550c   EMACNumFreeBufSet
00054f7c   EMACRMIISpeedSet
000559c4   EMACReadNetStatRegisters
0005627c   EMACReceive
000553f0   EMACRxBroadCastDisable
000553ac   EMACRxBroadCastEnable
00055380   EMACRxCPWrite
00055098   EMACRxDisable
0005507c   EMACRxEnable
0005594c   EMACRxFlowControlDisable
00055928   EMACRxFlowControlEnable
000550e0   EMACRxHdrDescPtrWrite
0005bd6c   EMACRxIntISR
00054f20   EMACRxIntPulseDisable
00054ec4   EMACRxIntPulseEnable
00055a38   EMACRxIntStat
00055470   EMACRxMultiCastDisable
0005542c   EMACRxMultiCastEnable
00055970   EMACRxSetFlowThreshold
000556b8   EMACRxTeardown
000554dc   EMACRxUnicastClear
000554ac   EMACRxUnicastSet
0005577c   EMACSoftReset
00055f9c   EMACTransmit
00055354   EMACTxCPWrite
00055060   EMACTxDisable
00055044   EMACTxEnable
00055904   EMACTxFlowControlDisable
000558e0   EMACTxFlowControlEnable
000550b4   EMACTxHdrDescPtrWrite
00056188   EMACTxIntHandler
0005bd08   EMACTxIntISR
00054e68   EMACTxIntPulseDisable
00054e0c   EMACTxIntPulseEnable
000559e8   EMACTxIntStat
0005571c   EMACTxPrioritySelect
0005568c   EMACTxTeardown
00059d6c   EMAC_LwIP_Main
0005a1dc   IntMasterIRQDisable
0005a1cc   IntMasterIRQEnable
0005a1ec   IntMasterStatusGet
00051b9c   LocatorConfig
0005b888   MDIODisable
0005b864   MDIOEnable
0005b81c   MDIOInit
0005b7ec   MDIOPhyAliveStatusGet
0005b804   MDIOPhyLinkStatusGet
0005b6ec   MDIOPhyRegRead
0005b784   MDIOPhyRegWrite
UNDEFED    SHT$$INIT_ARRAY$$Base
UNDEFED    SHT$$INIT_ARRAY$$Limit
0005c570   __TI_CINIT_Base
0005c580   __TI_CINIT_Limit
0005c55c   __TI_Handler_Table_Base
0005c568   __TI_Handler_Table_Limit
0005b1c4   __TI_PINIT_Base
0005b1c8   __TI_PINIT_Limit
0005bfb1   __TI_auto_init
0801473c   __TI_cleanup_ptr
0005c3ab   __TI_decompress_none
0005c3b9   __TI_decompress_rle24
08014740   __TI_dtors_ptr
00000000   __TI_static_base__
0005c399   __TI_zero_init
0005c1ac   __aeabi_idivmod
0005c0d5   __aeabi_memclr
0005c0d5   __aeabi_memclr4
0005c0d5   __aeabi_memclr8
0005bf15   __aeabi_memcpy
0005bf15   __aeabi_memcpy4
0005bf15   __aeabi_memcpy8
0005c0d7   __aeabi_memset
0005c0d7   __aeabi_memset4
0005c0d7   __aeabi_memset8
0005c204   __aeabi_uidivmod
ffffffff   __binit__
ffffffff   __c_args__
0005b460   _c_int00
0005b0bc   _coreClearAuxiliaryDataFault_
0005b0d8   _coreClearAuxiliaryInstructionFault_
0005b084   _coreClearDataFaultAddress_
0005b04c   _coreClearDataFault_
0005b0a0   _coreClearInstructionFaultAddress_
0005b068   _coreClearInstructionFault_
0005afb0   _coreDisableEventBusExport_
0005b014   _coreDisableFlashEcc_
0005afe0   _coreDisableRamEcc_
0005af98   _coreEnableEventBusExport_
0005aff8   _coreEnableFlashEcc_
0005b02c   _coreEnableIrqVicOffset_
0005afc8   _coreEnableRamEcc_
0005af80   _coreEnableVfp_
0005b0b4   _coreGetAuxiliaryDataFault_
0005b0d0   _coreGetAuxiliaryInstructionFault_
0005b07c   _coreGetDataFaultAddress_
0005b044   _coreGetDataFault_
0005b098   _coreGetInstructionFaultAddress_
0005b060   _coreGetInstructionFault_
0005ae08   _coreInitRegisters_
0005af14   _coreInitStackPointer_
0005bc20   _dabort
0005b0f4   _disable_FIQ_interrupt_
0005b0fc   _disable_IRQ_interrupt_
0005b0ec   _disable_interrupt_
0005b104   _enable_interrupt_
0005b194   _errata_CORTEXR4_57_
0005b1ac   _errata_CORTEXR4_66_
0005b10c   _esmCcmErrorsClear_
0005af60   _getCPSRValue_
0005af68   _gotoCPUIdle_
08014734   _lock
0005c37f   _nop
0005ba70   _pmuDisableCountersGlobal_
0005ba58   _pmuEnableCountersGlobal_
0005baf0   _pmuGetCycleCount_
0005baf8   _pmuGetEventCount_
0005bb08   _pmuGetOverflow_
0005ba08   _pmuInit_
0005bab8   _pmuResetCounters_
0005ba88   _pmuResetCycleCounter_
0005baa0   _pmuResetEventCounters_
0005bae0   _pmuSetCountEvent_
0005bad0   _pmuStartCounters_
0005bad8   _pmuStopCounters_
0005c377   _register_lock
0005c371   _register_unlock
08014738   _unlock
0005c2a5   abort
00053310   adc1ParityCheck
00053408   adc2ParityCheck
ffffffff   binit
000534b8   can1ParityCheck
00053590   can2ParityCheck
00053658   can3ParityCheck
00052098   ccmSelfCheck
00054810   ccmr4GetConfigValue
000529dc   checkB0RAMECC
00052bcc   checkB1RAMECC
00053cc0   checkClockMonitor
00052dbc   checkFlashECC
00053d9c   checkFlashEEPROMECC
00053f34   checkPLL1Slip
00054034   checkPLL2Slip
000540f8   checkRAMAddrParity
00053a78   checkRAMECC
00054218   checkRAMUERRTest
00052860   checkefcSelfTest
0005c259   copy_in
08014648   countEMACCore0RxIsr
0801464c   countEMACCore0TxIsr
0005229c   cpuSelfTest
00052ea0   cpuSelfTestFail
08014528   current_header
0801452c   current_iphdr_dest
08014530   current_iphdr_src
08014534   current_netif
00052e98   custom_dabort
00042084   dhcp_cleanup
00041c38   dhcp_coarse_tmr
00041ccc   dhcp_fine_tmr
00042244   dhcp_inform
00042390   dhcp_network_changed
00042b38   dhcp_release
000427b4   dhcp_renew
08014518   dhcp_rx_options_given
08014488   dhcp_rx_options_val
00042058   dhcp_set_struct
000420b8   dhcp_start
00042cac   dhcp_stop
00054c6c   disableParity
0005be40   dmaGroupANotification
00052f50   dmaParityCheck
00052704   efcCheck
00054778   efcGetConfigValue
00052838   efcSelfTest
0005278c   efcStuckZeroTest
08014728   emacAddress
08014730   emacPhyAddress
0005be64   emacRxNotification
0005be54   emacTxNotification
00054be0   enableParity
0005487c   errata_PBIST_4
000598a8   esmActivateNormalOperation
00059994   esmClearStatus
000599d4   esmClearStatusBuffer
0005986c   esmDisableError
000598e4   esmDisableInterrupt
00059840   esmEnableError
000598b8   esmEnableInterrupt
00059af4   esmEnterSelfTest
00059824   esmError
00059bcc   esmGetConfigValue
00059a20   esmGetStatus
00059a94   esmGetStatusBuffer
0005bdd4   esmGroup1Notification
0005bde4   esmGroup2Notification
0005b8b0   esmHighInterrupt
000596f8   esmInit
00059b7c   esmSelfTestStatus
00059a00   esmSetCounterPreloadValue
00059910   esmSetInterruptLevel
00059898   esmTriggerErrorPinReset
0004fbc0   etharp_cleanup_netif
0004fc44   etharp_find_addr
0005003c   etharp_output
000502c0   etharp_query
00050720   etharp_request
0004f5b0   etharp_tmr
00041934   ethbroadcast
0005077c   ethernet_input
0004193a   ethzero
0005c2ad   exit
00041870   file_404_html
00041884   file_BreadCrumbs_css
00041898   file_IE60Fixes_css
000418ac   file_img_Hercules_block_diagram_gif
000418c0   file_img_ti_logo_gif
000418d4   file_index_html
000418e8   file_main_css
0005437c   fmcBus1ParityCheck
00052900   fmcBus2Check
0005293c   fmcECCcheck
0005bbf8   fs_bytes_left
0005bbe8   fs_close
0005bb1c   fs_open
000419ac   g_psDefaultFilenames
08014418   hdkif_data
00051420   hdkif_init
000519dc   hdkif_link_status
000509bc   hdkif_macaddrset
000519b0   hdkif_netif_status
000514c0   hdkif_rx_inthandler
00050980   hdkif_swizzle_data
000509a8   hdkif_swizzle_rxp
00050994   hdkif_swizzle_txp
0005184c   hdkif_tx_inthandler
00053000   het1ParityCheck
00053178   het2ParityCheck
0005749c   httpd_init
000530b0   htu1ParityCheck
00053260   htu2ParityCheck
0004dee0   icmp_dest_unreach
0004db84   icmp_input
0004e514   inet_chksum
0004e53c   inet_chksum_pbuf
0004e154   inet_chksum_pseudo
0004e320   inet_chksum_pseudo_partial
0005a01c   iommLock
0005a038   iommMuxEnableMdio
0005a0a0   iommMuxEnableMii
0005a054   iommMuxEnableRmii
0005a000   iommUnlock
0004eee0   ip4_addr_isbroadcast
0004efb0   ip4_addr_netmask_valid
0004192c   ip_addr_any
00041930   ip_addr_broadcast
0004e734   ip_input
0004ee68   ip_output
0004ebd8   ip_output_if
0004e638   ip_route
0004f044   ipaddr_addr
0004f070   ipaddr_aton
0004f3ac   ipaddr_ntoa
0004f3c8   ipaddr_ntoa_r
00051d48   lwIPInit
00051fb8   lwIPLinkStatusGet
00051f94   lwIPNetIfStatusGet
00051fdc   lwIPRxIntHandler
00052000   lwIPTxIntHandler
0005c084   lwip_htonl
0005c044   lwip_htons
00043bb0   lwip_init
0005c0c0   lwip_ntohl
0005c070   lwip_ntohs
080141cc   lwip_stats
0005c384   main
00057608   mapClocks
00044460   mem_calloc
00043dc8   mem_free
00043d18   mem_init
0004418c   mem_malloc
00043ea0   mem_trim
0005c30b   memcmp
0005bf15   memcpy
000521dc   memoryInit
0005bdf4   memoryPort0TestFailNotification
0005be10   memoryPort1TestFailNotification
00044724   memp_free
000444b0   memp_init
00044618   memp_malloc
0005c0dd   memset
0005372c   mibspi1ParityCheck
00053834   mibspi3ParityCheck
00053958   mibspi5ParityCheck
0005a328   muxInit
000447ac   netif_add
08014544   netif_default
000449bc   netif_find
000447a4   netif_init
08014548   netif_list
000448cc   netif_remove
00044888   netif_set_addr
00044c4c   netif_set_default
00044cd0   netif_set_down
00044bd4   netif_set_gw
00044a70   netif_set_ipaddr
00044d90   netif_set_link_down
00044d18   netif_set_link_up
00044c14   netif_set_netmask
00044c74   netif_set_up
000544a8   pbistFail
00054590   pbistGetConfigValue
00052638   pbistIsTestCompleted
00052654   pbistIsTestPassed
000526a8   pbistPortTestStatus
0005253c   pbistRun
00052334   pbistSelfCheck
00052608   pbistStop
00044e6c   pbuf_alloc
00045640   pbuf_cat
000456d0   pbuf_chain
000455bc   pbuf_clen
00045c0c   pbuf_coalesce
00045784   pbuf_copy
00045980   pbuf_copy_partial
000456f4   pbuf_dechain
000454ac   pbuf_free
00044dc4   pbuf_free_ooseq
08014599   pbuf_free_ooseq_pending
00045c84   pbuf_get_at
00045318   pbuf_header
00045d28   pbuf_memcmp
00045e3c   pbuf_memfind
000451d4   pbuf_realloc
00045608   pbuf_ref
00045ee8   pbuf_strstr
00045af0   pbuf_take
00050924   perf_init
000575b4   periphInit
0005c3c0   phantomInterrupt
0005a618   pinmuxGetConfigValue
08001500   ram_heap
000460b0   raw_bind
000460ec   raw_connect
00045f68   raw_input
00046380   raw_new
00046128   raw_recv
000462d8   raw_remove
000462b4   raw_send
00046158   raw_sendto
00000000   resetEntry
00058d38   sciDisableLoopback
00058dc4   sciDisableNotification
0005a200   sciDisplayText
00058d04   sciEnableLoopback
00058d5c   sciEnableNotification
0005888c   sciInit
00058bb4   sciIsIdleDetected
00058b98   sciIsRxReady
00058a18   sciIsTxReady
0005a260   sciNotification
00058c2c   sciReceive
00058c00   sciReceiveByte
00058bd0   sciRxError
00058a64   sciSend
00058a34   sciSendByte
00058998   sciSetBaudrate
00058978   sciSetFunctional
00058e2c   scilinGetConfigValue
00052088   selftestFailNotification
00057574   setupFlash
000574cc   setupPLL
00059d2c   smallDelay
00057dec   sramGetConfigValue
000463ec   stats_init
000546d8   stcGetConfigValue
00052220   stcSelfCheck
00052e9c   stcSelfCheckFail
0005c345   strchr
0005c32d   strcmp
0005c35b   strlen
0005c2e5   strncmp
00050934   sys_arch_protect
0005094c   sys_arch_unprotect
0005acc8   sys_check_timeouts
00050968   sys_now
0005adcc   sys_restart_timeouts
0005aa28   sys_timeout
0005a9e4   sys_timeouts_init
0005abcc   sys_untimeout
0005782c   systemGetConfigValue
00057730   systemInit
000577fc   systemPowerDown
00057c40   tcmflashGetConfigValue
00046910   tcp_abandon
00046a54   tcp_abort
0004817c   tcp_accept
08014564   tcp_active_pcbs
0801459b   tcp_active_pcbs_changed
00047f1c   tcp_alloc
000480fc   tcp_arg
000417e4   tcp_backoff
00046a6c   tcp_bind
08014568   tcp_bound_pcbs
000467fc   tcp_close
0004703c   tcp_connect
0004845c   tcp_debug_state_str
000483e8   tcp_eff_send_mss
0004bf80   tcp_enqueue_flags
0004815c   tcp_err
00047a28   tcp_fasttmr
000463f0   tcp_init
00048484   tcp_input
0801456c   tcp_input_pcb
0004ccb8   tcp_keepalive
08014570   tcp_listen_pcbs
00046c20   tcp_listen_with_backlog
000480ec   tcp_new
000483c0   tcp_next_iss
0004c2c4   tcp_output
0004191c   tcp_pcb_lists
000481cc   tcp_pcb_purge
00048294   tcp_pcb_remove
000417f1   tcp_persist_backoff
0004819c   tcp_poll
00047b0c   tcp_process_refused_data
0004811c   tcp_recv
00047d2c   tcp_recv_null
00046edc   tcp_recved
0004caf0   tcp_rexmit
0004cbdc   tcp_rexmit_fast
0004ca58   tcp_rexmit_rto
0004c934   tcp_rst
00047ce0   tcp_seg_copy
00047c80   tcp_seg_free
00047c40   tcp_segs_free
0004c1e8   tcp_send_empty_ack
0004b400   tcp_send_fin
0004813c   tcp_sent
00047cc0   tcp_setprio
00046834   tcp_shutdown
00047330   tcp_slowtmr
00041980   tcp_state_str
08014574   tcp_ticks
0005a930   tcp_timer_needed
08014578   tcp_tmp_pcb
000463f4   tcp_tmr
0801457c   tcp_tw_pcbs
00046e04   tcp_update_rcv_ann_wnd
0004b880   tcp_write
0004cd7c   tcp_zero_window_probe
0005752c   trimLPO
080145e3   txtBigEndian
080145a0   txtCRLF
080145f5   txtEnetInit
080146b0   txtErrorInit
0801458c   txtIPAddrItoA
08014612   txtIPAddrTxt
080145ce   txtLittleEndian
08014626   txtNote1
080145bc   txtTI
080145a2   txtTitle
0004d7d4   udp_bind
0004d934   udp_connect
0004da34   udp_disconnect
0004cf2c   udp_init
0004cfe4   udp_input
0004db44   udp_new
08014590   udp_pcbs
0004da6c   udp_recv
0004da9c   udp_remove
0004d4f0   udp_send
0004d51c   udp_sendto
0004d588   udp_sendto_if
000580d0   vimChannelMap
000582c4   vimDisableInterrupt
0005816c   vimEnableInterrupt
00058348   vimGetConfigValue
00057ffc   vimInit
00052ea4   vimParityCheck
0005b1cc   vimParityErrorHandler


GLOBAL SYMBOLS: SORTED BY Symbol Address 

address    name
--------   ----
00000000   __TI_static_base__
00000000   resetEntry
000417e4   tcp_backoff
000417f1   tcp_persist_backoff
00041870   file_404_html
00041884   file_BreadCrumbs_css
00041898   file_IE60Fixes_css
000418ac   file_img_Hercules_block_diagram_gif
000418c0   file_img_ti_logo_gif
000418d4   file_index_html
000418e8   file_main_css
0004191c   tcp_pcb_lists
0004192c   ip_addr_any
00041930   ip_addr_broadcast
00041934   ethbroadcast
0004193a   ethzero
00041980   tcp_state_str
000419ac   g_psDefaultFilenames
00041c38   dhcp_coarse_tmr
00041ccc   dhcp_fine_tmr
00042058   dhcp_set_struct
00042084   dhcp_cleanup
000420b8   dhcp_start
00042244   dhcp_inform
00042390   dhcp_network_changed
000427b4   dhcp_renew
00042b38   dhcp_release
00042cac   dhcp_stop
00043bb0   lwip_init
00043d18   mem_init
00043dc8   mem_free
00043ea0   mem_trim
0004418c   mem_malloc
00044460   mem_calloc
000444b0   memp_init
00044618   memp_malloc
00044724   memp_free
000447a4   netif_init
000447ac   netif_add
00044888   netif_set_addr
000448cc   netif_remove
000449bc   netif_find
00044a70   netif_set_ipaddr
00044bd4   netif_set_gw
00044c14   netif_set_netmask
00044c4c   netif_set_default
00044c74   netif_set_up
00044cd0   netif_set_down
00044d18   netif_set_link_up
00044d90   netif_set_link_down
00044dc4   pbuf_free_ooseq
00044e6c   pbuf_alloc
000451d4   pbuf_realloc
00045318   pbuf_header
000454ac   pbuf_free
000455bc   pbuf_clen
00045608   pbuf_ref
00045640   pbuf_cat
000456d0   pbuf_chain
000456f4   pbuf_dechain
00045784   pbuf_copy
00045980   pbuf_copy_partial
00045af0   pbuf_take
00045c0c   pbuf_coalesce
00045c84   pbuf_get_at
00045d28   pbuf_memcmp
00045e3c   pbuf_memfind
00045ee8   pbuf_strstr
00045f68   raw_input
000460b0   raw_bind
000460ec   raw_connect
00046128   raw_recv
00046158   raw_sendto
000462b4   raw_send
000462d8   raw_remove
00046380   raw_new
000463ec   stats_init
000463f0   tcp_init
000463f4   tcp_tmr
000467fc   tcp_close
00046834   tcp_shutdown
00046910   tcp_abandon
00046a54   tcp_abort
00046a6c   tcp_bind
00046c20   tcp_listen_with_backlog
00046e04   tcp_update_rcv_ann_wnd
00046edc   tcp_recved
0004703c   tcp_connect
00047330   tcp_slowtmr
00047a28   tcp_fasttmr
00047b0c   tcp_process_refused_data
00047c40   tcp_segs_free
00047c80   tcp_seg_free
00047cc0   tcp_setprio
00047ce0   tcp_seg_copy
00047d2c   tcp_recv_null
00047f1c   tcp_alloc
000480ec   tcp_new
000480fc   tcp_arg
0004811c   tcp_recv
0004813c   tcp_sent
0004815c   tcp_err
0004817c   tcp_accept
0004819c   tcp_poll
000481cc   tcp_pcb_purge
00048294   tcp_pcb_remove
000483c0   tcp_next_iss
000483e8   tcp_eff_send_mss
0004845c   tcp_debug_state_str
00048484   tcp_input
0004b400   tcp_send_fin
0004b880   tcp_write
0004bf80   tcp_enqueue_flags
0004c1e8   tcp_send_empty_ack
0004c2c4   tcp_output
0004c934   tcp_rst
0004ca58   tcp_rexmit_rto
0004caf0   tcp_rexmit
0004cbdc   tcp_rexmit_fast
0004ccb8   tcp_keepalive
0004cd7c   tcp_zero_window_probe
0004cf2c   udp_init
0004cfe4   udp_input
0004d4f0   udp_send
0004d51c   udp_sendto
0004d588   udp_sendto_if
0004d7d4   udp_bind
0004d934   udp_connect
0004da34   udp_disconnect
0004da6c   udp_recv
0004da9c   udp_remove
0004db44   udp_new
0004db84   icmp_input
0004dee0   icmp_dest_unreach
0004e154   inet_chksum_pseudo
0004e320   inet_chksum_pseudo_partial
0004e514   inet_chksum
0004e53c   inet_chksum_pbuf
0004e638   ip_route
0004e734   ip_input
0004ebd8   ip_output_if
0004ee68   ip_output
0004eee0   ip4_addr_isbroadcast
0004efb0   ip4_addr_netmask_valid
0004f044   ipaddr_addr
0004f070   ipaddr_aton
0004f3ac   ipaddr_ntoa
0004f3c8   ipaddr_ntoa_r
0004f5b0   etharp_tmr
0004fbc0   etharp_cleanup_netif
0004fc44   etharp_find_addr
0005003c   etharp_output
000502c0   etharp_query
00050720   etharp_request
0005077c   ethernet_input
00050924   perf_init
00050934   sys_arch_protect
0005094c   sys_arch_unprotect
00050968   sys_now
00050980   hdkif_swizzle_data
00050994   hdkif_swizzle_txp
000509a8   hdkif_swizzle_rxp
000509bc   hdkif_macaddrset
00051420   hdkif_init
000514c0   hdkif_rx_inthandler
0005184c   hdkif_tx_inthandler
000519b0   hdkif_netif_status
000519dc   hdkif_link_status
00051b9c   LocatorConfig
00051d48   lwIPInit
00051f94   lwIPNetIfStatusGet
00051fb8   lwIPLinkStatusGet
00051fdc   lwIPRxIntHandler
00052000   lwIPTxIntHandler
00052088   selftestFailNotification
00052098   ccmSelfCheck
000521dc   memoryInit
00052220   stcSelfCheck
0005229c   cpuSelfTest
00052334   pbistSelfCheck
0005253c   pbistRun
00052608   pbistStop
00052638   pbistIsTestCompleted
00052654   pbistIsTestPassed
000526a8   pbistPortTestStatus
00052704   efcCheck
0005278c   efcStuckZeroTest
00052838   efcSelfTest
00052860   checkefcSelfTest
00052900   fmcBus2Check
0005293c   fmcECCcheck
000529dc   checkB0RAMECC
00052bcc   checkB1RAMECC
00052dbc   checkFlashECC
00052e98   custom_dabort
00052e9c   stcSelfCheckFail
00052ea0   cpuSelfTestFail
00052ea4   vimParityCheck
00052f50   dmaParityCheck
00053000   het1ParityCheck
000530b0   htu1ParityCheck
00053178   het2ParityCheck
00053260   htu2ParityCheck
00053310   adc1ParityCheck
00053408   adc2ParityCheck
000534b8   can1ParityCheck
00053590   can2ParityCheck
00053658   can3ParityCheck
0005372c   mibspi1ParityCheck
00053834   mibspi3ParityCheck
00053958   mibspi5ParityCheck
00053a78   checkRAMECC
00053cc0   checkClockMonitor
00053d9c   checkFlashEEPROMECC
00053f34   checkPLL1Slip
00054034   checkPLL2Slip
000540f8   checkRAMAddrParity
00054218   checkRAMUERRTest
0005437c   fmcBus1ParityCheck
000544a8   pbistFail
00054590   pbistGetConfigValue
000546d8   stcGetConfigValue
00054778   efcGetConfigValue
00054810   ccmr4GetConfigValue
0005487c   errata_PBIST_4
00054be0   enableParity
00054c6c   disableParity
00054e0c   EMACTxIntPulseEnable
00054e68   EMACTxIntPulseDisable
00054ec4   EMACRxIntPulseEnable
00054f20   EMACRxIntPulseDisable
00054f7c   EMACRMIISpeedSet
00054fbc   EMACMIIEnable
00054fe0   EMACMIIDisable
00055004   EMACDuplexSet
00055044   EMACTxEnable
00055060   EMACTxDisable
0005507c   EMACRxEnable
00055098   EMACRxDisable
000550b4   EMACTxHdrDescPtrWrite
000550e0   EMACRxHdrDescPtrWrite
0005510c   EMACInit
00055248   EMACMACSrcAddrSet
000552ac   EMACMACAddrSet
00055334   EMACCoreIntAck
00055354   EMACTxCPWrite
00055380   EMACRxCPWrite
000553ac   EMACRxBroadCastEnable
000553f0   EMACRxBroadCastDisable
0005542c   EMACRxMultiCastEnable
00055470   EMACRxMultiCastDisable
000554ac   EMACRxUnicastSet
000554dc   EMACRxUnicastClear
0005550c   EMACNumFreeBufSet
00055538   EMACIntVectorGet
00055550   EMACInstConfig
000555b4   EMACLinkSetup
0005568c   EMACTxTeardown
000556b8   EMACRxTeardown
000556e4   EMACFrameSelect
0005571c   EMACTxPrioritySelect
0005577c   EMACSoftReset
000557c8   EMACEnableIdleState
000557ec   EMACDisableIdleState
00055810   EMACEnableLoopback
00055878   EMACDisableLoopback
000558e0   EMACTxFlowControlEnable
00055904   EMACTxFlowControlDisable
00055928   EMACRxFlowControlEnable
0005594c   EMACRxFlowControlDisable
00055970   EMACRxSetFlowThreshold
000559c4   EMACReadNetStatRegisters
000559e8   EMACTxIntStat
00055a38   EMACRxIntStat
00055ac8   EMACDMAInit
00055ca0   EMACHWInit
00055f9c   EMACTransmit
00056188   EMACTxIntHandler
0005627c   EMACReceive
000563d8   EMACGetConfigValue
0005749c   httpd_init
000574cc   setupPLL
0005752c   trimLPO
00057574   setupFlash
000575b4   periphInit
00057608   mapClocks
00057730   systemInit
000577fc   systemPowerDown
0005782c   systemGetConfigValue
00057c40   tcmflashGetConfigValue
00057dec   sramGetConfigValue
00057ffc   vimInit
000580d0   vimChannelMap
0005816c   vimEnableInterrupt
000582c4   vimDisableInterrupt
00058348   vimGetConfigValue
0005888c   sciInit
00058978   sciSetFunctional
00058998   sciSetBaudrate
00058a18   sciIsTxReady
00058a34   sciSendByte
00058a64   sciSend
00058b98   sciIsRxReady
00058bb4   sciIsIdleDetected
00058bd0   sciRxError
00058c00   sciReceiveByte
00058c2c   sciReceive
00058d04   sciEnableLoopback
00058d38   sciDisableLoopback
00058d5c   sciEnableNotification
00058dc4   sciDisableNotification
00058e2c   scilinGetConfigValue
00058fe8   Dp83640IDGet
00059060   Dp83640LinkStatusGet
00059140   Dp83640AutoNegotiate
000592d0   Dp83640PartnerAbilityGet
000592f8   Dp83640Reset
00059348   Dp83640EnableLoopback
000593d8   Dp83640DisableLoopback
0005945c   Dp83640GetTimeStamp
000596f8   esmInit
00059824   esmError
00059840   esmEnableError
0005986c   esmDisableError
00059898   esmTriggerErrorPinReset
000598a8   esmActivateNormalOperation
000598b8   esmEnableInterrupt
000598e4   esmDisableInterrupt
00059910   esmSetInterruptLevel
00059994   esmClearStatus
000599d4   esmClearStatusBuffer
00059a00   esmSetCounterPreloadValue
00059a20   esmGetStatus
00059a94   esmGetStatusBuffer
00059af4   esmEnterSelfTest
00059b7c   esmSelfTestStatus
00059bcc   esmGetConfigValue
00059d2c   smallDelay
00059d6c   EMAC_LwIP_Main
0005a000   iommUnlock
0005a01c   iommLock
0005a038   iommMuxEnableMdio
0005a054   iommMuxEnableRmii
0005a0a0   iommMuxEnableMii
0005a1cc   IntMasterIRQEnable
0005a1dc   IntMasterIRQDisable
0005a1ec   IntMasterStatusGet
0005a200   sciDisplayText
0005a260   sciNotification
0005a328   muxInit
0005a618   pinmuxGetConfigValue
0005a930   tcp_timer_needed
0005a9e4   sys_timeouts_init
0005aa28   sys_timeout
0005abcc   sys_untimeout
0005acc8   sys_check_timeouts
0005adcc   sys_restart_timeouts
0005ae08   _coreInitRegisters_
0005af14   _coreInitStackPointer_
0005af60   _getCPSRValue_
0005af68   _gotoCPUIdle_
0005af80   _coreEnableVfp_
0005af98   _coreEnableEventBusExport_
0005afb0   _coreDisableEventBusExport_
0005afc8   _coreEnableRamEcc_
0005afe0   _coreDisableRamEcc_
0005aff8   _coreEnableFlashEcc_
0005b014   _coreDisableFlashEcc_
0005b02c   _coreEnableIrqVicOffset_
0005b044   _coreGetDataFault_
0005b04c   _coreClearDataFault_
0005b060   _coreGetInstructionFault_
0005b068   _coreClearInstructionFault_
0005b07c   _coreGetDataFaultAddress_
0005b084   _coreClearDataFaultAddress_
0005b098   _coreGetInstructionFaultAddress_
0005b0a0   _coreClearInstructionFaultAddress_
0005b0b4   _coreGetAuxiliaryDataFault_
0005b0bc   _coreClearAuxiliaryDataFault_
0005b0d0   _coreGetAuxiliaryInstructionFault_
0005b0d8   _coreClearAuxiliaryInstructionFault_
0005b0ec   _disable_interrupt_
0005b0f4   _disable_FIQ_interrupt_
0005b0fc   _disable_IRQ_interrupt_
0005b104   _enable_interrupt_
0005b10c   _esmCcmErrorsClear_
0005b194   _errata_CORTEXR4_57_
0005b1ac   _errata_CORTEXR4_66_
0005b1c4   __TI_PINIT_Base
0005b1c8   __TI_PINIT_Limit
0005b1cc   vimParityErrorHandler
0005b460   _c_int00
0005b6ec   MDIOPhyRegRead
0005b784   MDIOPhyRegWrite
0005b7ec   MDIOPhyAliveStatusGet
0005b804   MDIOPhyLinkStatusGet
0005b81c   MDIOInit
0005b864   MDIOEnable
0005b888   MDIODisable
0005b8b0   esmHighInterrupt
0005ba08   _pmuInit_
0005ba58   _pmuEnableCountersGlobal_
0005ba70   _pmuDisableCountersGlobal_
0005ba88   _pmuResetCycleCounter_
0005baa0   _pmuResetEventCounters_
0005bab8   _pmuResetCounters_
0005bad0   _pmuStartCounters_
0005bad8   _pmuStopCounters_
0005bae0   _pmuSetCountEvent_
0005baf0   _pmuGetCycleCount_
0005baf8   _pmuGetEventCount_
0005bb08   _pmuGetOverflow_
0005bb1c   fs_open
0005bbe8   fs_close
0005bbf8   fs_bytes_left
0005bc20   _dabort
0005bd08   EMACTxIntISR
0005bd6c   EMACRxIntISR
0005bdd4   esmGroup1Notification
0005bde4   esmGroup2Notification
0005bdf4   memoryPort0TestFailNotification
0005be10   memoryPort1TestFailNotification
0005be40   dmaGroupANotification
0005be54   emacTxNotification
0005be64   emacRxNotification
0005be74   EMACCore0RxIsr
0005bec0   EMACCore0TxIsr
0005bf15   __aeabi_memcpy
0005bf15   __aeabi_memcpy4
0005bf15   __aeabi_memcpy8
0005bf15   memcpy
0005bfb1   __TI_auto_init
0005c044   lwip_htons
0005c070   lwip_ntohs
0005c084   lwip_htonl
0005c0c0   lwip_ntohl
0005c0d5   __aeabi_memclr
0005c0d5   __aeabi_memclr4
0005c0d5   __aeabi_memclr8
0005c0d7   __aeabi_memset
0005c0d7   __aeabi_memset4
0005c0d7   __aeabi_memset8
0005c0dd   memset
0005c1ac   __aeabi_idivmod
0005c204   __aeabi_uidivmod
0005c259   copy_in
0005c2a1   C$$EXIT
0005c2a5   abort
0005c2ad   exit
0005c2e5   strncmp
0005c30b   memcmp
0005c32d   strcmp
0005c345   strchr
0005c35b   strlen
0005c371   _register_unlock
0005c377   _register_lock
0005c37f   _nop
0005c384   main
0005c399   __TI_zero_init
0005c3ab   __TI_decompress_none
0005c3b9   __TI_decompress_rle24
0005c3c0   phantomInterrupt
0005c55c   __TI_Handler_Table_Base
0005c568   __TI_Handler_Table_Limit
0005c570   __TI_CINIT_Base
0005c580   __TI_CINIT_Limit
08001500   ram_heap
080141cc   lwip_stats
08014418   hdkif_data
08014488   dhcp_rx_options_val
08014518   dhcp_rx_options_given
08014528   current_header
0801452c   current_iphdr_dest
08014530   current_iphdr_src
08014534   current_netif
08014544   netif_default
08014548   netif_list
08014564   tcp_active_pcbs
08014568   tcp_bound_pcbs
0801456c   tcp_input_pcb
08014570   tcp_listen_pcbs
08014574   tcp_ticks
08014578   tcp_tmp_pcb
0801457c   tcp_tw_pcbs
0801458c   txtIPAddrItoA
08014590   udp_pcbs
08014599   pbuf_free_ooseq_pending
0801459b   tcp_active_pcbs_changed
080145a0   txtCRLF
080145a2   txtTitle
080145bc   txtTI
080145ce   txtLittleEndian
080145e3   txtBigEndian
080145f5   txtEnetInit
08014612   txtIPAddrTxt
08014626   txtNote1
08014648   countEMACCore0RxIsr
0801464c   countEMACCore0TxIsr
080146b0   txtErrorInit
08014728   emacAddress
08014730   emacPhyAddress
08014734   _lock
08014738   _unlock
0801473c   __TI_cleanup_ptr
08014740   __TI_dtors_ptr
ffffffff   __binit__
ffffffff   __c_args__
ffffffff   binit
UNDEFED    SHT$$INIT_ARRAY$$Base
UNDEFED    SHT$$INIT_ARRAY$$Limit

[510 symbols]
