<?xml version="1.0"?>
<link_info>
   <banner>TI ARM Linker PC v5.1.6</banner>
   <copyright>Copyright (c) 1996-2014 Texas Instruments Incorporated</copyright>
   <link_time>0x537c775a</link_time>
   <link_errors>0x0</link_errors>
   <output_file>Build-TMS570LS31x.out</output_file>
   <entry_point>
      <name>_c_int00</name>
      <address>0x5b2f0</address>
   </entry_point>
   <input_file_list>
      <input_file id="fl-2">
         <path>.\HALCoGen-TMS570LS31x\source\</path>
         <kind>object</kind>
         <file>system.obj</file>
         <name>system.obj</name>
      </input_file>
      <input_file id="fl-3">
         <path>.\HALCoGen-TMS570LS31x\source\</path>
         <kind>object</kind>
         <file>sys_vim.obj</file>
         <name>sys_vim.obj</name>
      </input_file>
      <input_file id="fl-4">
         <path>.\HALCoGen-TMS570LS31x\source\</path>
         <kind>object</kind>
         <file>sys_startup.obj</file>
         <name>sys_startup.obj</name>
      </input_file>
      <input_file id="fl-5">
         <path>.\HALCoGen-TMS570LS31x\source\</path>
         <kind>object</kind>
         <file>sys_selftest.obj</file>
         <name>sys_selftest.obj</name>
      </input_file>
      <input_file id="fl-6">
         <path>.\HALCoGen-TMS570LS31x\source\</path>
         <kind>object</kind>
         <file>sys_pmu.obj</file>
         <name>sys_pmu.obj</name>
      </input_file>
      <input_file id="fl-7">
         <path>.\HALCoGen-TMS570LS31x\source\</path>
         <kind>object</kind>
         <file>sys_pmm.obj</file>
         <name>sys_pmm.obj</name>
      </input_file>
      <input_file id="fl-8">
         <path>.\HALCoGen-TMS570LS31x\source\</path>
         <kind>object</kind>
         <file>sys_phantom.obj</file>
         <name>sys_phantom.obj</name>
      </input_file>
      <input_file id="fl-9">
         <path>.\HALCoGen-TMS570LS31x\source\</path>
         <kind>object</kind>
         <file>sys_pcr.obj</file>
         <name>sys_pcr.obj</name>
      </input_file>
      <input_file id="fl-a">
         <path>.\HALCoGen-TMS570LS31x\source\</path>
         <kind>object</kind>
         <file>sys_mpu.obj</file>
         <name>sys_mpu.obj</name>
      </input_file>
      <input_file id="fl-b">
         <path>.\HALCoGen-TMS570LS31x\source\</path>
         <kind>object</kind>
         <file>sys_main.obj</file>
         <name>sys_main.obj</name>
      </input_file>
      <input_file id="fl-c">
         <path>.\HALCoGen-TMS570LS31x\source\</path>
         <kind>object</kind>
         <file>sys_intvecs.obj</file>
         <name>sys_intvecs.obj</name>
      </input_file>
      <input_file id="fl-d">
         <path>.\HALCoGen-TMS570LS31x\source\</path>
         <kind>object</kind>
         <file>sys_dma.obj</file>
         <name>sys_dma.obj</name>
      </input_file>
      <input_file id="fl-e">
         <path>.\HALCoGen-TMS570LS31x\source\</path>
         <kind>object</kind>
         <file>sys_core.obj</file>
         <name>sys_core.obj</name>
      </input_file>
      <input_file id="fl-f">
         <path>.\HALCoGen-TMS570LS31x\source\</path>
         <kind>object</kind>
         <file>sci.obj</file>
         <name>sci.obj</name>
      </input_file>
      <input_file id="fl-10">
         <path>.\HALCoGen-TMS570LS31x\source\</path>
         <kind>object</kind>
         <file>pinmux.obj</file>
         <name>pinmux.obj</name>
      </input_file>
      <input_file id="fl-11">
         <path>.\HALCoGen-TMS570LS31x\source\</path>
         <kind>object</kind>
         <file>phy_dp83640.obj</file>
         <name>phy_dp83640.obj</name>
      </input_file>
      <input_file id="fl-12">
         <path>.\HALCoGen-TMS570LS31x\source\</path>
         <kind>object</kind>
         <file>notification.obj</file>
         <name>notification.obj</name>
      </input_file>
      <input_file id="fl-13">
         <path>.\HALCoGen-TMS570LS31x\source\</path>
         <kind>object</kind>
         <file>mdio.obj</file>
         <name>mdio.obj</name>
      </input_file>
      <input_file id="fl-14">
         <path>.\HALCoGen-TMS570LS31x\source\</path>
         <kind>object</kind>
         <file>esm.obj</file>
         <name>esm.obj</name>
      </input_file>
      <input_file id="fl-15">
         <path>.\HALCoGen-TMS570LS31x\source\</path>
         <kind>object</kind>
         <file>emac.obj</file>
         <name>emac.obj</name>
      </input_file>
      <input_file id="fl-16">
         <path>.\HALCoGen-TMS570LS31x\source\</path>
         <kind>object</kind>
         <file>dabort.obj</file>
         <name>dabort.obj</name>
      </input_file>
      <input_file id="fl-17">
         <path>.\example\hdk\src\</path>
         <kind>object</kind>
         <file>lwip_main.obj</file>
         <name>lwip_main.obj</name>
      </input_file>
      <input_file id="fl-18">
         <path>.\lwip-1.4.1\apps\httpserver_raw\</path>
         <kind>object</kind>
         <file>httpd.obj</file>
         <name>httpd.obj</name>
      </input_file>
      <input_file id="fl-19">
         <path>.\lwip-1.4.1\apps\httpserver_raw\</path>
         <kind>object</kind>
         <file>fs.obj</file>
         <name>fs.obj</name>
      </input_file>
      <input_file id="fl-1a">
         <path>.\lwip-1.4.1\ports\hdk\</path>
         <kind>object</kind>
         <file>lwiplib.obj</file>
         <name>lwiplib.obj</name>
      </input_file>
      <input_file id="fl-1b">
         <path>.\lwip-1.4.1\src\core\</path>
         <kind>object</kind>
         <file>timers.obj</file>
         <name>timers.obj</name>
      </input_file>
      <input_file id="fl-1c">
         <path>.\lwip-1.4.1\src\core\</path>
         <kind>object</kind>
         <file>def.obj</file>
         <name>def.obj</name>
      </input_file>
      <input_file id="fl-1d">
         <path>.\lwip-1.4.1\src\netif\</path>
         <kind>object</kind>
         <file>ethernetif.obj</file>
         <name>ethernetif.obj</name>
      </input_file>
      <input_file id="fl-21">
         <path>c:\ti\ccsv6\tools\compiler\arm_5.1.6\lib\</path>
         <kind>archive</kind>
         <file>rtsv7R4_T_be_v3D16_eabi.lib</file>
         <name>auto_init.obj</name>
      </input_file>
      <input_file id="fl-22">
         <path>c:\ti\ccsv6\tools\compiler\arm_5.1.6\lib\</path>
         <kind>archive</kind>
         <file>rtsv7R4_T_be_v3D16_eabi.lib</file>
         <name>copy_decompress_none.obj</name>
      </input_file>
      <input_file id="fl-23">
         <path>c:\ti\ccsv6\tools\compiler\arm_5.1.6\lib\</path>
         <kind>archive</kind>
         <file>rtsv7R4_T_be_v3D16_eabi.lib</file>
         <name>copy_decompress_rle.obj</name>
      </input_file>
      <input_file id="fl-24">
         <path>c:\ti\ccsv6\tools\compiler\arm_5.1.6\lib\</path>
         <kind>archive</kind>
         <file>rtsv7R4_T_be_v3D16_eabi.lib</file>
         <name>copy_zero_init.obj</name>
      </input_file>
      <input_file id="fl-25">
         <path>c:\ti\ccsv6\tools\compiler\arm_5.1.6\lib\</path>
         <kind>archive</kind>
         <file>rtsv7R4_T_be_v3D16_eabi.lib</file>
         <name>cpy_tbl.obj</name>
      </input_file>
      <input_file id="fl-26">
         <path>c:\ti\ccsv6\tools\compiler\arm_5.1.6\lib\</path>
         <kind>archive</kind>
         <file>rtsv7R4_T_be_v3D16_eabi.lib</file>
         <name>exit.obj</name>
      </input_file>
      <input_file id="fl-27">
         <path>c:\ti\ccsv6\tools\compiler\arm_5.1.6\lib\</path>
         <kind>archive</kind>
         <file>rtsv7R4_T_be_v3D16_eabi.lib</file>
         <name>i_div32.obj</name>
      </input_file>
      <input_file id="fl-28">
         <path>c:\ti\ccsv6\tools\compiler\arm_5.1.6\lib\</path>
         <kind>archive</kind>
         <file>rtsv7R4_T_be_v3D16_eabi.lib</file>
         <name>memcmp.obj</name>
      </input_file>
      <input_file id="fl-29">
         <path>c:\ti\ccsv6\tools\compiler\arm_5.1.6\lib\</path>
         <kind>archive</kind>
         <file>rtsv7R4_T_be_v3D16_eabi.lib</file>
         <name>memcpy_t2.obj</name>
      </input_file>
      <input_file id="fl-2a">
         <path>c:\ti\ccsv6\tools\compiler\arm_5.1.6\lib\</path>
         <kind>archive</kind>
         <file>rtsv7R4_T_be_v3D16_eabi.lib</file>
         <name>memset_t2.obj</name>
      </input_file>
      <input_file id="fl-2b">
         <path>c:\ti\ccsv6\tools\compiler\arm_5.1.6\lib\</path>
         <kind>archive</kind>
         <file>rtsv7R4_T_be_v3D16_eabi.lib</file>
         <name>strchr.obj</name>
      </input_file>
      <input_file id="fl-2c">
         <path>c:\ti\ccsv6\tools\compiler\arm_5.1.6\lib\</path>
         <kind>archive</kind>
         <file>rtsv7R4_T_be_v3D16_eabi.lib</file>
         <name>strcmp.obj</name>
      </input_file>
      <input_file id="fl-2d">
         <path>c:\ti\ccsv6\tools\compiler\arm_5.1.6\lib\</path>
         <kind>archive</kind>
         <file>rtsv7R4_T_be_v3D16_eabi.lib</file>
         <name>strlen.obj</name>
      </input_file>
      <input_file id="fl-2e">
         <path>c:\ti\ccsv6\tools\compiler\arm_5.1.6\lib\</path>
         <kind>archive</kind>
         <file>rtsv7R4_T_be_v3D16_eabi.lib</file>
         <name>strncmp.obj</name>
      </input_file>
      <input_file id="fl-2f">
         <path>c:\ti\ccsv6\tools\compiler\arm_5.1.6\lib\</path>
         <kind>archive</kind>
         <file>rtsv7R4_T_be_v3D16_eabi.lib</file>
         <name>u_div32.obj</name>
      </input_file>
      <input_file id="fl-30">
         <path>c:\ti\ccsv6\tools\compiler\arm_5.1.6\lib\</path>
         <kind>archive</kind>
         <file>rtsv7R4_T_be_v3D16_eabi.lib</file>
         <name>_lock.obj</name>
      </input_file>
   </input_file_list>
   <object_component_list>
      <object_component id="oc-38">
         <name>.intvecs</name>
         <load_address>0x0</load_address>
         <run_address>0x0</run_address>
         <size>0x20</size>
         <input_file_ref idref="fl-c"/>
      </object_component>
      <object_component id="oc-c5">
         <name>.text</name>
         <load_address>0x419d4</load_address>
         <run_address>0x419d4</run_address>
         <size>0x104ac</size>
         <input_file_ref idref="fl-1a"/>
      </object_component>
      <object_component id="oc-5a">
         <name>.text</name>
         <load_address>0x51e80</load_address>
         <run_address>0x51e80</run_address>
         <size>0x2d84</size>
         <input_file_ref idref="fl-5"/>
      </object_component>
      <object_component id="oc-ba">
         <name>.text</name>
         <load_address>0x54c04</load_address>
         <run_address>0x54c04</run_address>
         <size>0x1788</size>
         <input_file_ref idref="fl-15"/>
      </object_component>
      <object_component id="oc-295">
         <name>.text</name>
         <load_address>0x5638c</load_address>
         <run_address>0x5638c</run_address>
         <size>0xf38</size>
         <input_file_ref idref="fl-18"/>
      </object_component>
      <object_component id="oc-54">
         <name>.text</name>
         <load_address>0x572c4</load_address>
         <run_address>0x572c4</run_address>
         <size>0xb30</size>
         <input_file_ref idref="fl-2"/>
      </object_component>
      <object_component id="oc-24">
         <name>.text</name>
         <load_address>0x57df4</load_address>
         <run_address>0x57df4</run_address>
         <size>0x890</size>
         <input_file_ref idref="fl-3"/>
      </object_component>
      <object_component id="oc-28f">
         <name>.text</name>
         <load_address>0x58684</load_address>
         <run_address>0x58684</run_address>
         <size>0x75c</size>
         <input_file_ref idref="fl-f"/>
      </object_component>
      <object_component id="oc-14e">
         <name>.text</name>
         <load_address>0x58de0</load_address>
         <run_address>0x58de0</run_address>
         <size>0x710</size>
         <input_file_ref idref="fl-11"/>
      </object_component>
      <object_component id="oc-d0">
         <name>.text</name>
         <load_address>0x594f0</load_address>
         <run_address>0x594f0</run_address>
         <size>0x650</size>
         <input_file_ref idref="fl-10"/>
      </object_component>
      <object_component id="oc-60">
         <name>.text</name>
         <load_address>0x59b40</load_address>
         <run_address>0x59b40</run_address>
         <size>0x634</size>
         <input_file_ref idref="fl-14"/>
      </object_component>
      <object_component id="oc-ed">
         <name>.text</name>
         <load_address>0x5a174</load_address>
         <run_address>0x5a174</run_address>
         <size>0x5fc</size>
         <input_file_ref idref="fl-17"/>
      </object_component>
      <object_component id="oc-185">
         <name>.text</name>
         <load_address>0x5a770</load_address>
         <run_address>0x5a770</run_address>
         <size>0x528</size>
         <input_file_ref idref="fl-1b"/>
      </object_component>
      <object_component id="oc-4f">
         <name>.text</name>
         <load_address>0x5ac98</load_address>
         <run_address>0x5ac98</run_address>
         <size>0x3c4</size>
         <input_file_ref idref="fl-e"/>
      </object_component>
      <object_component id="oc-23">
         <name>.text:retain</name>
         <load_address>0x5b05c</load_address>
         <run_address>0x5b05c</run_address>
         <size>0x294</size>
         <input_file_ref idref="fl-3"/>
      </object_component>
      <object_component id="oc-b">
         <name>.text:retain</name>
         <load_address>0x5b2f0</load_address>
         <run_address>0x5b2f0</run_address>
         <size>0x28c</size>
         <input_file_ref idref="fl-4"/>
      </object_component>
      <object_component id="oc-154">
         <name>.text</name>
         <load_address>0x5b57c</load_address>
         <run_address>0x5b57c</run_address>
         <size>0x1c4</size>
         <input_file_ref idref="fl-13"/>
      </object_component>
      <object_component id="oc-3d">
         <name>.text:retain</name>
         <load_address>0x5b740</load_address>
         <run_address>0x5b740</run_address>
         <size>0x158</size>
         <input_file_ref idref="fl-14"/>
      </object_component>
      <object_component id="oc-d8">
         <name>.text</name>
         <load_address>0x5b898</load_address>
         <run_address>0x5b898</run_address>
         <size>0x114</size>
         <input_file_ref idref="fl-6"/>
      </object_component>
      <object_component id="oc-34e">
         <name>.text</name>
         <load_address>0x5b9ac</load_address>
         <run_address>0x5b9ac</run_address>
         <size>0x104</size>
         <input_file_ref idref="fl-19"/>
      </object_component>
      <object_component id="oc-b3">
         <name>.text</name>
         <load_address>0x5bab0</load_address>
         <run_address>0x5bab0</run_address>
         <size>0xe8</size>
         <input_file_ref idref="fl-16"/>
      </object_component>
      <object_component id="oc-43">
         <name>.text:retain</name>
         <load_address>0x5bb98</load_address>
         <run_address>0x5bb98</run_address>
         <size>0xcc</size>
         <input_file_ref idref="fl-15"/>
      </object_component>
      <object_component id="oc-98">
         <name>.text</name>
         <load_address>0x5bc64</load_address>
         <run_address>0x5bc64</run_address>
         <size>0xa0</size>
         <input_file_ref idref="fl-12"/>
      </object_component>
      <object_component id="oc-49">
         <name>.text:retain</name>
         <load_address>0x5bd04</load_address>
         <run_address>0x5bd04</run_address>
         <size>0xa0</size>
         <input_file_ref idref="fl-17"/>
      </object_component>
      <object_component id="oc-78">
         <name>.text</name>
         <load_address>0x5bda4</load_address>
         <run_address>0x5bda4</run_address>
         <size>0x9c</size>
         <input_file_ref idref="fl-29"/>
      </object_component>
      <object_component id="oc-66">
         <name>.text</name>
         <load_address>0x5be40</load_address>
         <run_address>0x5be40</run_address>
         <size>0x94</size>
         <input_file_ref idref="fl-21"/>
      </object_component>
      <object_component id="oc-16c">
         <name>.text</name>
         <load_address>0x5bed4</load_address>
         <run_address>0x5bed4</run_address>
         <size>0x78</size>
         <input_file_ref idref="fl-2a"/>
      </object_component>
      <object_component id="oc-8b">
         <name>.text</name>
         <load_address>0x5bf4c</load_address>
         <run_address>0x5bf4c</run_address>
         <size>0x60</size>
         <input_file_ref idref="fl-23"/>
      </object_component>
      <object_component id="oc-167">
         <name>.text</name>
         <load_address>0x5bfac</load_address>
         <run_address>0x5bfac</run_address>
         <size>0x58</size>
         <input_file_ref idref="fl-27"/>
      </object_component>
      <object_component id="oc-171">
         <name>.text</name>
         <load_address>0x5c004</load_address>
         <run_address>0x5c004</run_address>
         <size>0x54</size>
         <input_file_ref idref="fl-2f"/>
      </object_component>
      <object_component id="oc-e6">
         <name>.text</name>
         <load_address>0x5c058</load_address>
         <run_address>0x5c058</run_address>
         <size>0x48</size>
         <input_file_ref idref="fl-25"/>
      </object_component>
      <object_component id="oc-71">
         <name>.text</name>
         <load_address>0x5c0a0</load_address>
         <run_address>0x5c0a0</run_address>
         <size>0x44</size>
         <input_file_ref idref="fl-26"/>
      </object_component>
      <object_component id="oc-348">
         <name>.text</name>
         <load_address>0x5c0e4</load_address>
         <run_address>0x5c0e4</run_address>
         <size>0x26</size>
         <input_file_ref idref="fl-2e"/>
      </object_component>
      <object_component id="oc-1e7">
         <name>.text</name>
         <load_address>0x5c10a</load_address>
         <run_address>0x5c10a</run_address>
         <size>0x22</size>
         <input_file_ref idref="fl-28"/>
      </object_component>
      <object_component id="oc-385">
         <name>.text</name>
         <load_address>0x5c12c</load_address>
         <run_address>0x5c12c</run_address>
         <size>0x18</size>
         <input_file_ref idref="fl-2c"/>
      </object_component>
      <object_component id="oc-354">
         <name>.text</name>
         <load_address>0x5c144</load_address>
         <run_address>0x5c144</run_address>
         <size>0x16</size>
         <input_file_ref idref="fl-2b"/>
      </object_component>
      <object_component id="oc-1a3">
         <name>.text</name>
         <load_address>0x5c15a</load_address>
         <run_address>0x5c15a</run_address>
         <size>0x16</size>
         <input_file_ref idref="fl-2d"/>
      </object_component>
      <object_component id="oc-2a9">
         <name>.text</name>
         <load_address>0x5c170</load_address>
         <run_address>0x5c170</run_address>
         <size>0x14</size>
         <input_file_ref idref="fl-30"/>
      </object_component>
      <object_component id="oc-6b">
         <name>.text</name>
         <load_address>0x5c184</load_address>
         <run_address>0x5c184</run_address>
         <size>0x14</size>
         <input_file_ref idref="fl-b"/>
      </object_component>
      <object_component id="oc-17">
         <name>.text:decompress:ZI</name>
         <load_address>0x5c198</load_address>
         <run_address>0x5c198</run_address>
         <size>0x12</size>
         <input_file_ref idref="fl-24"/>
      </object_component>
      <object_component id="oc-11">
         <name>.text:decompress:none</name>
         <load_address>0x5c1aa</load_address>
         <run_address>0x5c1aa</run_address>
         <size>0xe</size>
         <input_file_ref idref="fl-22"/>
      </object_component>
      <object_component id="oc-1d">
         <name>.text:decompress:rle24</name>
         <load_address>0x5c1b8</load_address>
         <run_address>0x5c1b8</run_address>
         <size>0x6</size>
         <input_file_ref idref="fl-23"/>
      </object_component>
      <object_component id="oc-2f">
         <name>.text:retain</name>
         <load_address>0x5c1c0</load_address>
         <run_address>0x5c1c0</run_address>
         <size>0x4</size>
         <input_file_ref idref="fl-8"/>
      </object_component>
      <object_component id="oc-3b0">
         <name>.const:.string:data_img_Hercules_block_diagram_gif</name>
         <load_address>0x20</load_address>
         <run_address>0x20</run_address>
         <size>0x363f5</size>
         <input_file_ref idref="fl-19"/>
      </object_component>
      <object_component id="oc-3b6">
         <name>.const:.string:data_index_html</name>
         <load_address>0x36415</load_address>
         <run_address>0x36415</run_address>
         <size>0x7127</size>
         <input_file_ref idref="fl-19"/>
      </object_component>
      <object_component id="oc-3b9">
         <name>.const:.string:data_main_css</name>
         <load_address>0x3d53c</load_address>
         <run_address>0x3d53c</run_address>
         <size>0x293b</size>
         <input_file_ref idref="fl-19"/>
      </object_component>
      <object_component id="oc-3b3">
         <name>.const:.string:data_img_ti_logo_gif</name>
         <load_address>0x3fe77</load_address>
         <run_address>0x3fe77</run_address>
         <size>0xd4b</size>
         <input_file_ref idref="fl-19"/>
      </object_component>
      <object_component id="oc-3ad">
         <name>.const:.string:data_IE60Fixes_css</name>
         <load_address>0x40bc2</load_address>
         <run_address>0x40bc2</run_address>
         <size>0x777</size>
         <input_file_ref idref="fl-19"/>
      </object_component>
      <object_component id="oc-3a7">
         <name>.const:.string:data_404_html</name>
         <load_address>0x41339</load_address>
         <run_address>0x41339</run_address>
         <size>0x289</size>
         <input_file_ref idref="fl-19"/>
      </object_component>
      <object_component id="oc-30">
         <name>.const:s_vim_init</name>
         <load_address>0x415c4</load_address>
         <run_address>0x415c4</run_address>
         <size>0x180</size>
         <input_file_ref idref="fl-3"/>
      </object_component>
      <object_component id="oc-3aa">
         <name>.const:.string:data_BreadCrumbs_css</name>
         <load_address>0x41744</load_address>
         <run_address>0x41744</run_address>
         <size>0xa0</size>
         <input_file_ref idref="fl-19"/>
      </object_component>
      <object_component id="oc-1b5">
         <name>.const:.string</name>
         <load_address>0x417e4</load_address>
         <run_address>0x417e4</run_address>
         <size>0x8c</size>
         <input_file_ref idref="fl-1a"/>
      </object_component>
      <object_component id="oc-38b">
         <name>.const</name>
         <load_address>0x41870</load_address>
         <run_address>0x41870</run_address>
         <size>0x8c</size>
         <input_file_ref idref="fl-19"/>
      </object_component>
      <object_component id="oc-176">
         <name>.const</name>
         <load_address>0x418fc</load_address>
         <run_address>0x418fc</run_address>
         <size>0x44</size>
         <input_file_ref idref="fl-1a"/>
      </object_component>
      <object_component id="oc-394">
         <name>.const:.string</name>
         <load_address>0x41940</load_address>
         <run_address>0x41940</run_address>
         <size>0x40</size>
         <input_file_ref idref="fl-18"/>
      </object_component>
      <object_component id="oc-1b9">
         <name>.const:tcp_state_str</name>
         <load_address>0x41980</load_address>
         <run_address>0x41980</run_address>
         <size>0x2c</size>
         <input_file_ref idref="fl-1a"/>
      </object_component>
      <object_component id="oc-35d">
         <name>.const:g_psDefaultFilenames</name>
         <load_address>0x419ac</load_address>
         <run_address>0x419ac</run_address>
         <size>0x28</size>
         <input_file_ref idref="fl-18"/>
      </object_component>
      <object_component id="oc-3f3">
         <name>.cinit..data.load</name>
         <load_address>0x5c1c8</load_address>
         <run_address>0x5c1c8</run_address>
         <size>0x191</size>
      </object_component>
      <object_component id="oc-3f0">
         <name>__TI_handler_table</name>
         <load_address>0x5c35c</load_address>
         <run_address>0x5c35c</run_address>
         <size>0xc</size>
      </object_component>
      <object_component id="oc-3f2">
         <name>.cinit..bss.load</name>
         <load_address>0x5c368</load_address>
         <run_address>0x5c368</run_address>
         <size>0x8</size>
      </object_component>
      <object_component id="oc-3f1">
         <name>__TI_cinit_table</name>
         <load_address>0x5c370</load_address>
         <run_address>0x5c370</run_address>
         <size>0x10</size>
      </object_component>
      <object_component id="oc-c0">
         <name>.bss:hdkif_data</name>
         <uninitialized>true</uninitialized>
         <run_address>0x8014418</run_address>
         <size>0x3c</size>
         <input_file_ref idref="fl-15"/>
      </object_component>
      <object_component id="oc-15a">
         <name>.bss:pbuf_array</name>
         <uninitialized>true</uninitialized>
         <run_address>0x80102a8</run_address>
         <size>0x3b24</size>
         <input_file_ref idref="fl-15"/>
      </object_component>
      <object_component id="oc-17c">
         <name>.bss:dhcp_rx_options_val</name>
         <uninitialized>true</uninitialized>
         <run_address>0x8014488</run_address>
         <size>0x28</size>
         <input_file_ref idref="fl-1a"/>
      </object_component>
      <object_component id="oc-193">
         <name>.bss:ram_heap</name>
         <uninitialized>true</uninitialized>
         <run_address>0x8001500</run_address>
         <size>0x7814</size>
         <input_file_ref idref="fl-1a"/>
      </object_component>
      <object_component id="oc-196">
         <name>.bss:lwip_stats</name>
         <uninitialized>true</uninitialized>
         <run_address>0x80141cc</run_address>
         <size>0xea</size>
         <input_file_ref idref="fl-1a"/>
      </object_component>
      <object_component id="oc-199">
         <name>.bss:memp_memory</name>
         <uninitialized>true</uninitialized>
         <run_address>0x8008d14</run_address>
         <size>0x7594</size>
         <input_file_ref idref="fl-1a"/>
      </object_component>
      <object_component id="oc-1e4">
         <name>.bss:arp_table</name>
         <uninitialized>true</uninitialized>
         <run_address>0x80142b8</run_address>
         <size>0xc8</size>
         <input_file_ref idref="fl-1a"/>
      </object_component>
      <object_component id="oc-1ee">
         <name>.bss:hdkif_data</name>
         <uninitialized>true</uninitialized>
         <run_address>0x80143d4</run_address>
         <size>0x44</size>
         <input_file_ref idref="fl-1a"/>
      </object_component>
      <object_component id="oc-1f7">
         <name>.bss:locatorData</name>
         <uninitialized>true</uninitialized>
         <run_address>0x8014380</run_address>
         <size>0x54</size>
         <input_file_ref idref="fl-1a"/>
      </object_component>
      <object_component id="oc-1fa">
         <name>.bss:hdkNetIF</name>
         <uninitialized>true</uninitialized>
         <run_address>0x8014454</run_address>
         <size>0x34</size>
         <input_file_ref idref="fl-1a"/>
      </object_component>
      <object_component id="oc-343">
         <name>.bss:g_sciTransfer_t</name>
         <uninitialized>true</uninitialized>
         <run_address>0x80144b0</run_address>
         <size>0x28</size>
         <input_file_ref idref="fl-f"/>
      </object_component>
      <object_component id="oc-35a">
         <name>.bss:httpd_req_buf</name>
         <uninitialized>true</uninitialized>
         <run_address>0x8013dcc</run_address>
         <size>0x400</size>
         <input_file_ref idref="fl-18"/>
      </object_component>
      <object_component id="oc-29b">
         <name>.common:delayval$1</name>
         <uninitialized>true</uninitialized>
         <run_address>0x8014538</run_address>
         <size>0x4</size>
      </object_component>
      <object_component id="oc-29f">
         <name>.common:txtIPAddrItoA</name>
         <uninitialized>true</uninitialized>
         <run_address>0x801458c</run_address>
         <size>0x4</size>
      </object_component>
      <object_component id="oc-190">
         <name>.common:ram</name>
         <uninitialized>true</uninitialized>
         <run_address>0x8014550</run_address>
         <size>0x4</size>
      </object_component>
      <object_component id="oc-191">
         <name>.common:ram_end</name>
         <uninitialized>true</uninitialized>
         <run_address>0x8014554</run_address>
         <size>0x4</size>
      </object_component>
      <object_component id="oc-192">
         <name>.common:lfree</name>
         <uninitialized>true</uninitialized>
         <run_address>0x8014540</run_address>
         <size>0x4</size>
      </object_component>
      <object_component id="oc-19c">
         <name>.common:memp_tab</name>
         <uninitialized>true</uninitialized>
         <run_address>0x80144d8</run_address>
         <size>0x20</size>
      </object_component>
      <object_component id="oc-19d">
         <name>.common:netif_num</name>
         <uninitialized>true</uninitialized>
         <run_address>0x8014598</run_address>
         <size>0x1</size>
      </object_component>
      <object_component id="oc-1a9">
         <name>.common:raw_pcbs</name>
         <uninitialized>true</uninitialized>
         <run_address>0x8014558</run_address>
         <size>0x4</size>
      </object_component>
      <object_component id="oc-1ac">
         <name>.common:tcp_timer</name>
         <uninitialized>true</uninitialized>
         <run_address>0x801459c</run_address>
         <size>0x1</size>
      </object_component>
      <object_component id="oc-1b4">
         <name>.common:tcp_timer_ctr</name>
         <uninitialized>true</uninitialized>
         <run_address>0x801459d</run_address>
         <size>0x1</size>
      </object_component>
      <object_component id="oc-1d7">
         <name>.common:inseg</name>
         <uninitialized>true</uninitialized>
         <run_address>0x80144f8</run_address>
         <size>0x10</size>
      </object_component>
      <object_component id="oc-1d8">
         <name>.common:tcphdr</name>
         <uninitialized>true</uninitialized>
         <run_address>0x8014580</run_address>
         <size>0x4</size>
      </object_component>
      <object_component id="oc-1bc">
         <name>.common:iphdr</name>
         <uninitialized>true</uninitialized>
         <run_address>0x801453c</run_address>
         <size>0x4</size>
      </object_component>
      <object_component id="oc-1d1">
         <name>.common:seqno</name>
         <uninitialized>true</uninitialized>
         <run_address>0x8014560</run_address>
         <size>0x4</size>
      </object_component>
      <object_component id="oc-1cf">
         <name>.common:ackno</name>
         <uninitialized>true</uninitialized>
         <run_address>0x8014524</run_address>
         <size>0x4</size>
      </object_component>
      <object_component id="oc-1c0">
         <name>.common:flags</name>
         <uninitialized>true</uninitialized>
         <run_address>0x8014597</run_address>
         <size>0x1</size>
      </object_component>
      <object_component id="oc-1d0">
         <name>.common:tcplen</name>
         <uninitialized>true</uninitialized>
         <run_address>0x8014594</run_address>
         <size>0x2</size>
      </object_component>
      <object_component id="oc-1d6">
         <name>.common:recv_flags</name>
         <uninitialized>true</uninitialized>
         <run_address>0x801459a</run_address>
         <size>0x1</size>
      </object_component>
      <object_component id="oc-1d5">
         <name>.common:recv_data</name>
         <uninitialized>true</uninitialized>
         <run_address>0x801455c</run_address>
         <size>0x4</size>
      </object_component>
      <object_component id="oc-1e2">
         <name>.common:ip_id</name>
         <uninitialized>true</uninitialized>
         <run_address>0x80142b6</run_address>
         <size>0x2</size>
      </object_component>
      <object_component id="oc-1ed">
         <name>.common:etharp_cached_entry</name>
         <uninitialized>true</uninitialized>
         <run_address>0x8014596</run_address>
         <size>0x1</size>
      </object_component>
      <object_component id="oc-1e3">
         <name>.common:str$3</name>
         <uninitialized>true</uninitialized>
         <run_address>0x8014508</run_address>
         <size>0x10</size>
      </object_component>
      <object_component id="oc-18c">
         <name>.common:dhcp_rx_options_given</name>
         <uninitialized>true</uninitialized>
         <run_address>0x8014518</run_address>
         <size>0xc</size>
      </object_component>
      <object_component id="oc-1de">
         <name>.common:netif_list</name>
         <uninitialized>true</uninitialized>
         <run_address>0x8014548</run_address>
         <size>0x4</size>
      </object_component>
      <object_component id="oc-1df">
         <name>.common:netif_default</name>
         <uninitialized>true</uninitialized>
         <run_address>0x8014544</run_address>
         <size>0x4</size>
      </object_component>
      <object_component id="oc-30b">
         <name>.common:pbuf_free_ooseq_pending</name>
         <uninitialized>true</uninitialized>
         <run_address>0x8014599</run_address>
         <size>0x1</size>
      </object_component>
      <object_component id="oc-1da">
         <name>.common:tcp_ticks</name>
         <uninitialized>true</uninitialized>
         <run_address>0x8014574</run_address>
         <size>0x4</size>
      </object_component>
      <object_component id="oc-2d3">
         <name>.common:tcp_bound_pcbs</name>
         <uninitialized>true</uninitialized>
         <run_address>0x8014568</run_address>
         <size>0x4</size>
      </object_component>
      <object_component id="oc-2d2">
         <name>.common:tcp_listen_pcbs</name>
         <uninitialized>true</uninitialized>
         <run_address>0x8014570</run_address>
         <size>0x4</size>
      </object_component>
      <object_component id="oc-304">
         <name>.common:tcp_active_pcbs</name>
         <uninitialized>true</uninitialized>
         <run_address>0x8014564</run_address>
         <size>0x4</size>
      </object_component>
      <object_component id="oc-305">
         <name>.common:tcp_tw_pcbs</name>
         <uninitialized>true</uninitialized>
         <run_address>0x801457c</run_address>
         <size>0x4</size>
      </object_component>
      <object_component id="oc-1b8">
         <name>.common:tcp_tmp_pcb</name>
         <uninitialized>true</uninitialized>
         <run_address>0x8014578</run_address>
         <size>0x4</size>
      </object_component>
      <object_component id="oc-1cd">
         <name>.common:tcp_active_pcbs_changed</name>
         <uninitialized>true</uninitialized>
         <run_address>0x801459b</run_address>
         <size>0x1</size>
      </object_component>
      <object_component id="oc-1d9">
         <name>.common:tcp_input_pcb</name>
         <uninitialized>true</uninitialized>
         <run_address>0x801456c</run_address>
         <size>0x4</size>
      </object_component>
      <object_component id="oc-1db">
         <name>.common:udp_pcbs</name>
         <uninitialized>true</uninitialized>
         <run_address>0x8014590</run_address>
         <size>0x4</size>
      </object_component>
      <object_component id="oc-1e0">
         <name>.common:current_netif</name>
         <uninitialized>true</uninitialized>
         <run_address>0x8014534</run_address>
         <size>0x4</size>
      </object_component>
      <object_component id="oc-1e1">
         <name>.common:current_header</name>
         <uninitialized>true</uninitialized>
         <run_address>0x8014528</run_address>
         <size>0x4</size>
      </object_component>
      <object_component id="oc-1dd">
         <name>.common:current_iphdr_src</name>
         <uninitialized>true</uninitialized>
         <run_address>0x8014530</run_address>
         <size>0x4</size>
      </object_component>
      <object_component id="oc-1dc">
         <name>.common:current_iphdr_dest</name>
         <uninitialized>true</uninitialized>
         <run_address>0x801452c</run_address>
         <size>0x4</size>
      </object_component>
      <object_component id="oc-30a">
         <name>.common:next_timeout</name>
         <uninitialized>true</uninitialized>
         <run_address>0x801454c</run_address>
         <size>0x4</size>
      </object_component>
      <object_component id="oc-309">
         <name>.common:timeouts_last_time</name>
         <uninitialized>true</uninitialized>
         <run_address>0x8014588</run_address>
         <size>0x4</size>
      </object_component>
      <object_component id="oc-306">
         <name>.common:tcpip_tcp_timer_active</name>
         <uninitialized>true</uninitialized>
         <run_address>0x8014584</run_address>
         <size>0x4</size>
      </object_component>
      <object_component id="oc-cb">
         <name>.data</name>
         <load_address>0x80145a0</load_address>
         <run_address>0x80145a0</run_address>
         <size>0xb0</size>
         <input_file_ref idref="fl-17"/>
      </object_component>
      <object_component id="oc-f3">
         <name>.data</name>
         <load_address>0x8014728</load_address>
         <run_address>0x8014728</run_address>
         <size>0xc</size>
         <input_file_ref idref="fl-b"/>
      </object_component>
      <object_component id="oc-f7">
         <name>.data</name>
         <load_address>0x8014734</load_address>
         <run_address>0x8014734</run_address>
         <size>0x8</size>
         <input_file_ref idref="fl-30"/>
      </object_component>
      <object_component id="oc-fa">
         <name>.data</name>
         <load_address>0x801473c</load_address>
         <run_address>0x801473c</run_address>
         <size>0x8</size>
         <input_file_ref idref="fl-26"/>
      </object_component>
      <object_component id="oc-18d">
         <name>.data</name>
         <load_address>0x8014650</load_address>
         <run_address>0x8014650</run_address>
         <size>0x60</size>
         <input_file_ref idref="fl-1a"/>
      </object_component>
      <object_component id="oc-1f1">
         <name>.data:txtPhyGetAlSts</name>
         <load_address>0x80146de</load_address>
         <run_address>0x80146de</run_address>
         <size>0x25</size>
         <input_file_ref idref="fl-1a"/>
      </object_component>
      <object_component id="oc-1f4">
         <name>.data:txtPhyGetLnkSts</name>
         <load_address>0x8014703</load_address>
         <run_address>0x8014703</run_address>
         <size>0x24</size>
         <input_file_ref idref="fl-1a"/>
      </object_component>
      <object_component id="oc-29c">
         <name>.data:txtErrorInit</name>
         <load_address>0x80146b0</load_address>
         <run_address>0x80146b0</run_address>
         <size>0x2e</size>
         <input_file_ref idref="fl-17"/>
      </object_component>
      <object_component id="oc-c">
         <name>.debug_info</name>
         <load_address>0x0</load_address>
         <run_address>0x0</run_address>
         <size>0x6f7</size>
         <input_file_ref idref="fl-4"/>
      </object_component>
      <object_component id="oc-15">
         <name>.debug_info</name>
         <load_address>0x6f7</load_address>
         <run_address>0x6f7</run_address>
         <size>0x194</size>
         <input_file_ref idref="fl-22"/>
      </object_component>
      <object_component id="oc-1a">
         <name>.debug_info</name>
         <load_address>0x88b</load_address>
         <run_address>0x88b</run_address>
         <size>0x16a</size>
         <input_file_ref idref="fl-24"/>
      </object_component>
      <object_component id="oc-20">
         <name>.debug_info</name>
         <load_address>0x9f5</load_address>
         <run_address>0x9f5</run_address>
         <size>0x18e</size>
         <input_file_ref idref="fl-23"/>
      </object_component>
      <object_component id="oc-25">
         <name>.debug_info</name>
         <load_address>0xb83</load_address>
         <run_address>0xb83</run_address>
         <size>0x8ec</size>
         <input_file_ref idref="fl-3"/>
      </object_component>
      <object_component id="oc-2a">
         <name>.debug_info</name>
         <load_address>0x146f</load_address>
         <run_address>0x146f</run_address>
         <size>0x355</size>
         <input_file_ref idref="fl-3"/>
      </object_component>
      <object_component id="oc-31">
         <name>.debug_info</name>
         <load_address>0x17c4</load_address>
         <run_address>0x17c4</run_address>
         <size>0x172</size>
         <input_file_ref idref="fl-3"/>
      </object_component>
      <object_component id="oc-33">
         <name>.debug_info</name>
         <load_address>0x1936</load_address>
         <run_address>0x1936</run_address>
         <size>0x292</size>
         <input_file_ref idref="fl-8"/>
      </object_component>
      <object_component id="oc-39">
         <name>.debug_info</name>
         <load_address>0x1bc8</load_address>
         <run_address>0x1bc8</run_address>
         <size>0x202</size>
         <input_file_ref idref="fl-c"/>
      </object_component>
      <object_component id="oc-3e">
         <name>.debug_info</name>
         <load_address>0x1dca</load_address>
         <run_address>0x1dca</run_address>
         <size>0x2fd</size>
         <input_file_ref idref="fl-14"/>
      </object_component>
      <object_component id="oc-44">
         <name>.debug_info</name>
         <load_address>0x20c7</load_address>
         <run_address>0x20c7</run_address>
         <size>0x44a</size>
         <input_file_ref idref="fl-15"/>
      </object_component>
      <object_component id="oc-4a">
         <name>.debug_info</name>
         <load_address>0x2511</load_address>
         <run_address>0x2511</run_address>
         <size>0x36e</size>
         <input_file_ref idref="fl-17"/>
      </object_component>
      <object_component id="oc-50">
         <name>.debug_info</name>
         <load_address>0x287f</load_address>
         <run_address>0x287f</run_address>
         <size>0x14e3</size>
         <input_file_ref idref="fl-e"/>
      </object_component>
      <object_component id="oc-55">
         <name>.debug_info</name>
         <load_address>0x3d62</load_address>
         <run_address>0x3d62</run_address>
         <size>0xf93</size>
         <input_file_ref idref="fl-2"/>
      </object_component>
      <object_component id="oc-5b">
         <name>.debug_info</name>
         <load_address>0x4cf5</load_address>
         <run_address>0x4cf5</run_address>
         <size>0x5994</size>
         <input_file_ref idref="fl-5"/>
      </object_component>
      <object_component id="oc-61">
         <name>.debug_info</name>
         <load_address>0xa689</load_address>
         <run_address>0xa689</run_address>
         <size>0x1943</size>
         <input_file_ref idref="fl-14"/>
      </object_component>
      <object_component id="oc-68">
         <name>.debug_info</name>
         <load_address>0xbfcc</load_address>
         <run_address>0xbfcc</run_address>
         <size>0x13d</size>
         <input_file_ref idref="fl-21"/>
      </object_component>
      <object_component id="oc-6c">
         <name>.debug_info</name>
         <load_address>0xc109</load_address>
         <run_address>0xc109</run_address>
         <size>0x285</size>
         <input_file_ref idref="fl-b"/>
      </object_component>
      <object_component id="oc-74">
         <name>.debug_info</name>
         <load_address>0xc38e</load_address>
         <run_address>0xc38e</run_address>
         <size>0x1c2</size>
         <input_file_ref idref="fl-26"/>
      </object_component>
      <object_component id="oc-7a">
         <name>.debug_info</name>
         <load_address>0xc550</load_address>
         <run_address>0xc550</run_address>
         <size>0xcc</size>
         <input_file_ref idref="fl-29"/>
      </object_component>
      <object_component id="oc-7e">
         <name>.debug_info</name>
         <load_address>0xc61c</load_address>
         <run_address>0xc61c</run_address>
         <size>0x46</size>
         <input_file_ref idref="fl-22"/>
      </object_component>
      <object_component id="oc-83">
         <name>.debug_info</name>
         <load_address>0xc662</load_address>
         <run_address>0xc662</run_address>
         <size>0xf2</size>
         <input_file_ref idref="fl-22"/>
      </object_component>
      <object_component id="oc-85">
         <name>.debug_info</name>
         <load_address>0xc754</load_address>
         <run_address>0xc754</run_address>
         <size>0x46</size>
         <input_file_ref idref="fl-24"/>
      </object_component>
      <object_component id="oc-8a">
         <name>.debug_info</name>
         <load_address>0xc79a</load_address>
         <run_address>0xc79a</run_address>
         <size>0xad</size>
         <input_file_ref idref="fl-24"/>
      </object_component>
      <object_component id="oc-8c">
         <name>.debug_info</name>
         <load_address>0xc847</load_address>
         <run_address>0xc847</run_address>
         <size>0x1ef</size>
         <input_file_ref idref="fl-23"/>
      </object_component>
      <object_component id="oc-92">
         <name>.debug_info</name>
         <load_address>0xca36</load_address>
         <run_address>0xca36</run_address>
         <size>0xb7</size>
         <input_file_ref idref="fl-23"/>
      </object_component>
      <object_component id="oc-93">
         <name>.debug_info</name>
         <load_address>0xcaed</load_address>
         <run_address>0xcaed</run_address>
         <size>0x39</size>
         <input_file_ref idref="fl-23"/>
      </object_component>
      <object_component id="oc-99">
         <name>.debug_info</name>
         <load_address>0xcb26</load_address>
         <run_address>0xcb26</run_address>
         <size>0xe6b</size>
         <input_file_ref idref="fl-12"/>
      </object_component>
      <object_component id="oc-9f">
         <name>.debug_info</name>
         <load_address>0xd991</load_address>
         <run_address>0xd991</run_address>
         <size>0xae</size>
         <input_file_ref idref="fl-2"/>
      </object_component>
      <object_component id="oc-a4">
         <name>.debug_info</name>
         <load_address>0xda3f</load_address>
         <run_address>0xda3f</run_address>
         <size>0x18c</size>
         <input_file_ref idref="fl-2"/>
      </object_component>
      <object_component id="oc-a9">
         <name>.debug_info</name>
         <load_address>0xdbcb</load_address>
         <run_address>0xdbcb</run_address>
         <size>0x37b</size>
         <input_file_ref idref="fl-3"/>
      </object_component>
      <object_component id="oc-aa">
         <name>.debug_info</name>
         <load_address>0xdf46</load_address>
         <run_address>0xdf46</run_address>
         <size>0x86</size>
         <input_file_ref idref="fl-2"/>
      </object_component>
      <object_component id="oc-b4">
         <name>.debug_info</name>
         <load_address>0xdfcc</load_address>
         <run_address>0xdfcc</run_address>
         <size>0x1fa</size>
         <input_file_ref idref="fl-16"/>
      </object_component>
      <object_component id="oc-bb">
         <name>.debug_info</name>
         <load_address>0xe1c6</load_address>
         <run_address>0xe1c6</run_address>
         <size>0x5a8f</size>
         <input_file_ref idref="fl-15"/>
      </object_component>
      <object_component id="oc-c1">
         <name>.debug_info</name>
         <load_address>0x13c55</load_address>
         <run_address>0x13c55</run_address>
         <size>0x170</size>
         <input_file_ref idref="fl-15"/>
      </object_component>
      <object_component id="oc-c4">
         <name>.debug_info</name>
         <load_address>0x13dc5</load_address>
         <run_address>0x13dc5</run_address>
         <size>0x468</size>
         <input_file_ref idref="fl-15"/>
      </object_component>
      <object_component id="oc-c6">
         <name>.debug_info</name>
         <load_address>0x1422d</load_address>
         <run_address>0x1422d</run_address>
         <size>0x16b79</size>
         <input_file_ref idref="fl-1a"/>
      </object_component>
      <object_component id="oc-cc">
         <name>.debug_info</name>
         <load_address>0x2ada6</load_address>
         <run_address>0x2ada6</run_address>
         <size>0x2ca</size>
         <input_file_ref idref="fl-17"/>
      </object_component>
      <object_component id="oc-d1">
         <name>.debug_info</name>
         <load_address>0x2b070</load_address>
         <run_address>0x2b070</run_address>
         <size>0x403</size>
         <input_file_ref idref="fl-10"/>
      </object_component>
      <object_component id="oc-d7">
         <name>.debug_info</name>
         <load_address>0x2b473</load_address>
         <run_address>0x2b473</run_address>
         <size>0x3f1</size>
         <input_file_ref idref="fl-2"/>
      </object_component>
      <object_component id="oc-d9">
         <name>.debug_info</name>
         <load_address>0x2b864</load_address>
         <run_address>0x2b864</run_address>
         <size>0x8c1</size>
         <input_file_ref idref="fl-6"/>
      </object_component>
      <object_component id="oc-de">
         <name>.debug_info</name>
         <load_address>0x2c125</load_address>
         <run_address>0x2c125</run_address>
         <size>0x5a3</size>
         <input_file_ref idref="fl-5"/>
      </object_component>
      <object_component id="oc-e0">
         <name>.debug_info</name>
         <load_address>0x2c6c8</load_address>
         <run_address>0x2c6c8</run_address>
         <size>0x129</size>
         <input_file_ref idref="fl-2"/>
      </object_component>
      <object_component id="oc-e5">
         <name>.debug_info</name>
         <load_address>0x2c7f1</load_address>
         <run_address>0x2c7f1</run_address>
         <size>0x1fe</size>
         <input_file_ref idref="fl-14"/>
      </object_component>
      <object_component id="oc-e9">
         <name>.debug_info</name>
         <load_address>0x2c9ef</load_address>
         <run_address>0x2c9ef</run_address>
         <size>0x14b</size>
         <input_file_ref idref="fl-25"/>
      </object_component>
      <object_component id="oc-ee">
         <name>.debug_info</name>
         <load_address>0x2cb3a</load_address>
         <run_address>0x2cb3a</run_address>
         <size>0x11d1</size>
         <input_file_ref idref="fl-17"/>
      </object_component>
      <object_component id="oc-f4">
         <name>.debug_info</name>
         <load_address>0x2dd0b</load_address>
         <run_address>0x2dd0b</run_address>
         <size>0x1a3</size>
         <input_file_ref idref="fl-b"/>
      </object_component>
      <object_component id="oc-f8">
         <name>.debug_info</name>
         <load_address>0x2deae</load_address>
         <run_address>0x2deae</run_address>
         <size>0xc8</size>
         <input_file_ref idref="fl-30"/>
      </object_component>
      <object_component id="oc-fb">
         <name>.debug_info</name>
         <load_address>0x2df76</load_address>
         <run_address>0x2df76</run_address>
         <size>0xeb</size>
         <input_file_ref idref="fl-26"/>
      </object_component>
      <object_component id="oc-fe">
         <name>.debug_info</name>
         <load_address>0x2e061</load_address>
         <run_address>0x2e061</run_address>
         <size>0x84</size>
         <input_file_ref idref="fl-2"/>
      </object_component>
      <object_component id="oc-103">
         <name>.debug_info</name>
         <load_address>0x2e0e5</load_address>
         <run_address>0x2e0e5</run_address>
         <size>0x146</size>
         <input_file_ref idref="fl-26"/>
      </object_component>
      <object_component id="oc-106">
         <name>.debug_info</name>
         <load_address>0x2e22b</load_address>
         <run_address>0x2e22b</run_address>
         <size>0x2c</size>
         <input_file_ref idref="fl-22"/>
      </object_component>
      <object_component id="oc-10d">
         <name>.debug_info</name>
         <load_address>0x2e257</load_address>
         <run_address>0x2e257</run_address>
         <size>0x2c</size>
         <input_file_ref idref="fl-2"/>
      </object_component>
      <object_component id="oc-118">
         <name>.debug_info</name>
         <load_address>0x2e283</load_address>
         <run_address>0x2e283</run_address>
         <size>0x41e</size>
         <input_file_ref idref="fl-12"/>
      </object_component>
      <object_component id="oc-119">
         <name>.debug_info</name>
         <load_address>0x2e6a1</load_address>
         <run_address>0x2e6a1</run_address>
         <size>0x657</size>
         <input_file_ref idref="fl-d"/>
      </object_component>
      <object_component id="oc-11e">
         <name>.debug_info</name>
         <load_address>0x2ecf8</load_address>
         <run_address>0x2ecf8</run_address>
         <size>0x18b</size>
         <input_file_ref idref="fl-2"/>
      </object_component>
      <object_component id="oc-123">
         <name>.debug_info</name>
         <load_address>0x2ee83</load_address>
         <run_address>0x2ee83</run_address>
         <size>0x2c</size>
         <input_file_ref idref="fl-2"/>
      </object_component>
      <object_component id="oc-12a">
         <name>.debug_info</name>
         <load_address>0x2eeaf</load_address>
         <run_address>0x2eeaf</run_address>
         <size>0x1f2</size>
         <input_file_ref idref="fl-2"/>
      </object_component>
      <object_component id="oc-12f">
         <name>.debug_info</name>
         <load_address>0x2f0a1</load_address>
         <run_address>0x2f0a1</run_address>
         <size>0x435</size>
         <input_file_ref idref="fl-2"/>
      </object_component>
      <object_component id="oc-134">
         <name>.debug_info</name>
         <load_address>0x2f4d6</load_address>
         <run_address>0x2f4d6</run_address>
         <size>0x1d1</size>
         <input_file_ref idref="fl-2"/>
      </object_component>
      <object_component id="oc-139">
         <name>.debug_info</name>
         <load_address>0x2f6a7</load_address>
         <run_address>0x2f6a7</run_address>
         <size>0x6a6</size>
         <input_file_ref idref="fl-2"/>
      </object_component>
      <object_component id="oc-13e">
         <name>.debug_info</name>
         <load_address>0x2fd4d</load_address>
         <run_address>0x2fd4d</run_address>
         <size>0x13e</size>
         <input_file_ref idref="fl-2"/>
      </object_component>
      <object_component id="oc-143">
         <name>.debug_info</name>
         <load_address>0x2fe8b</load_address>
         <run_address>0x2fe8b</run_address>
         <size>0x2cf</size>
         <input_file_ref idref="fl-2"/>
      </object_component>
      <object_component id="oc-148">
         <name>.debug_info</name>
         <load_address>0x3015a</load_address>
         <run_address>0x3015a</run_address>
         <size>0x4f</size>
         <input_file_ref idref="fl-3"/>
      </object_component>
      <object_component id="oc-14f">
         <name>.debug_info</name>
         <load_address>0x301a9</load_address>
         <run_address>0x301a9</run_address>
         <size>0x1325</size>
         <input_file_ref idref="fl-11"/>
      </object_component>
      <object_component id="oc-155">
         <name>.debug_info</name>
         <load_address>0x314ce</load_address>
         <run_address>0x314ce</run_address>
         <size>0xca1</size>
         <input_file_ref idref="fl-13"/>
      </object_component>
      <object_component id="oc-15b">
         <name>.debug_info</name>
         <load_address>0x3216f</load_address>
         <run_address>0x3216f</run_address>
         <size>0x16f</size>
         <input_file_ref idref="fl-15"/>
      </object_component>
      <object_component id="oc-162">
         <name>.debug_info</name>
         <load_address>0x322de</load_address>
         <run_address>0x322de</run_address>
         <size>0x506</size>
         <input_file_ref idref="fl-12"/>
      </object_component>
      <object_component id="oc-169">
         <name>.debug_info</name>
         <load_address>0x327e4</load_address>
         <run_address>0x327e4</run_address>
         <size>0x144</size>
         <input_file_ref idref="fl-27"/>
      </object_component>
      <object_component id="oc-16f">
         <name>.debug_info</name>
         <load_address>0x32928</load_address>
         <run_address>0x32928</run_address>
         <size>0xfc</size>
         <input_file_ref idref="fl-2a"/>
      </object_component>
      <object_component id="oc-172">
         <name>.debug_info</name>
         <load_address>0x32a24</load_address>
         <run_address>0x32a24</run_address>
         <size>0x146</size>
         <input_file_ref idref="fl-2f"/>
      </object_component>
      <object_component id="oc-177">
         <name>.debug_info</name>
         <load_address>0x32b6a</load_address>
         <run_address>0x32b6a</run_address>
         <size>0x24c</size>
         <input_file_ref idref="fl-1a"/>
      </object_component>
      <object_component id="oc-17a">
         <name>.debug_info</name>
         <load_address>0x32db6</load_address>
         <run_address>0x32db6</run_address>
         <size>0x13bd</size>
         <input_file_ref idref="fl-1a"/>
      </object_component>
      <object_component id="oc-17d">
         <name>.debug_info</name>
         <load_address>0x34173</load_address>
         <run_address>0x34173</run_address>
         <size>0x172</size>
         <input_file_ref idref="fl-1a"/>
      </object_component>
      <object_component id="oc-186">
         <name>.debug_info</name>
         <load_address>0x342e5</load_address>
         <run_address>0x342e5</run_address>
         <size>0xece</size>
         <input_file_ref idref="fl-1b"/>
      </object_component>
      <object_component id="oc-18e">
         <name>.debug_info</name>
         <load_address>0x351b3</load_address>
         <run_address>0x351b3</run_address>
         <size>0x25f</size>
         <input_file_ref idref="fl-1a"/>
      </object_component>
      <object_component id="oc-194">
         <name>.debug_info</name>
         <load_address>0x35412</load_address>
         <run_address>0x35412</run_address>
         <size>0x15c</size>
         <input_file_ref idref="fl-1a"/>
      </object_component>
      <object_component id="oc-197">
         <name>.debug_info</name>
         <load_address>0x3556e</load_address>
         <run_address>0x3556e</run_address>
         <size>0x160</size>
         <input_file_ref idref="fl-1a"/>
      </object_component>
      <object_component id="oc-19a">
         <name>.debug_info</name>
         <load_address>0x356ce</load_address>
         <run_address>0x356ce</run_address>
         <size>0x161</size>
         <input_file_ref idref="fl-1a"/>
      </object_component>
      <object_component id="oc-1a7">
         <name>.debug_info</name>
         <load_address>0x3582f</load_address>
         <run_address>0x3582f</run_address>
         <size>0x153</size>
         <input_file_ref idref="fl-2d"/>
      </object_component>
      <object_component id="oc-1b6">
         <name>.debug_info</name>
         <load_address>0x35982</load_address>
         <run_address>0x35982</run_address>
         <size>0x199</size>
         <input_file_ref idref="fl-1a"/>
      </object_component>
      <object_component id="oc-1ba">
         <name>.debug_info</name>
         <load_address>0x35b1b</load_address>
         <run_address>0x35b1b</run_address>
         <size>0x166</size>
         <input_file_ref idref="fl-1a"/>
      </object_component>
      <object_component id="oc-1e5">
         <name>.debug_info</name>
         <load_address>0x35c81</load_address>
         <run_address>0x35c81</run_address>
         <size>0x15d</size>
         <input_file_ref idref="fl-1a"/>
      </object_component>
      <object_component id="oc-1e8">
         <name>.debug_info</name>
         <load_address>0x35dde</load_address>
         <run_address>0x35dde</run_address>
         <size>0x1a0</size>
         <input_file_ref idref="fl-28"/>
      </object_component>
      <object_component id="oc-1ef">
         <name>.debug_info</name>
         <load_address>0x35f7e</load_address>
         <run_address>0x35f7e</run_address>
         <size>0x15f</size>
         <input_file_ref idref="fl-1a"/>
      </object_component>
      <object_component id="oc-1f2">
         <name>.debug_info</name>
         <load_address>0x360dd</load_address>
         <run_address>0x360dd</run_address>
         <size>0x168</size>
         <input_file_ref idref="fl-1a"/>
      </object_component>
      <object_component id="oc-1f5">
         <name>.debug_info</name>
         <load_address>0x36245</load_address>
         <run_address>0x36245</run_address>
         <size>0x16a</size>
         <input_file_ref idref="fl-1a"/>
      </object_component>
      <object_component id="oc-1f8">
         <name>.debug_info</name>
         <load_address>0x363af</load_address>
         <run_address>0x363af</run_address>
         <size>0x161</size>
         <input_file_ref idref="fl-1a"/>
      </object_component>
      <object_component id="oc-1fb">
         <name>.debug_info</name>
         <load_address>0x36510</load_address>
         <run_address>0x36510</run_address>
         <size>0x15b</size>
         <input_file_ref idref="fl-1a"/>
      </object_component>
      <object_component id="oc-1fe">
         <name>.debug_info</name>
         <load_address>0x3666b</load_address>
         <run_address>0x3666b</run_address>
         <size>0x9f</size>
         <input_file_ref idref="fl-17"/>
      </object_component>
      <object_component id="oc-203">
         <name>.debug_info</name>
         <load_address>0x3670a</load_address>
         <run_address>0x3670a</run_address>
         <size>0x2c</size>
         <input_file_ref idref="fl-17"/>
      </object_component>
      <object_component id="oc-208">
         <name>.debug_info</name>
         <load_address>0x36736</load_address>
         <run_address>0x36736</run_address>
         <size>0x2c</size>
         <input_file_ref idref="fl-1a"/>
      </object_component>
      <object_component id="oc-20d">
         <name>.debug_info</name>
         <load_address>0x36762</load_address>
         <run_address>0x36762</run_address>
         <size>0x7a</size>
         <input_file_ref idref="fl-17"/>
      </object_component>
      <object_component id="oc-212">
         <name>.debug_info</name>
         <load_address>0x367dc</load_address>
         <run_address>0x367dc</run_address>
         <size>0x2fa</size>
         <input_file_ref idref="fl-1a"/>
      </object_component>
      <object_component id="oc-217">
         <name>.debug_info</name>
         <load_address>0x36ad6</load_address>
         <run_address>0x36ad6</run_address>
         <size>0xf5</size>
         <input_file_ref idref="fl-17"/>
      </object_component>
      <object_component id="oc-21c">
         <name>.debug_info</name>
         <load_address>0x36bcb</load_address>
         <run_address>0x36bcb</run_address>
         <size>0x2c</size>
         <input_file_ref idref="fl-17"/>
      </object_component>
      <object_component id="oc-221">
         <name>.debug_info</name>
         <load_address>0x36bf7</load_address>
         <run_address>0x36bf7</run_address>
         <size>0x87</size>
         <input_file_ref idref="fl-17"/>
      </object_component>
      <object_component id="oc-226">
         <name>.debug_info</name>
         <load_address>0x36c7e</load_address>
         <run_address>0x36c7e</run_address>
         <size>0x1a7</size>
         <input_file_ref idref="fl-1a"/>
      </object_component>
      <object_component id="oc-22b">
         <name>.debug_info</name>
         <load_address>0x36e25</load_address>
         <run_address>0x36e25</run_address>
         <size>0x12f</size>
         <input_file_ref idref="fl-17"/>
      </object_component>
      <object_component id="oc-230">
         <name>.debug_info</name>
         <load_address>0x36f54</load_address>
         <run_address>0x36f54</run_address>
         <size>0xee</size>
         <input_file_ref idref="fl-1a"/>
      </object_component>
      <object_component id="oc-235">
         <name>.debug_info</name>
         <load_address>0x37042</load_address>
         <run_address>0x37042</run_address>
         <size>0x651</size>
         <input_file_ref idref="fl-1a"/>
      </object_component>
      <object_component id="oc-23a">
         <name>.debug_info</name>
         <load_address>0x37693</load_address>
         <run_address>0x37693</run_address>
         <size>0x174</size>
         <input_file_ref idref="fl-17"/>
      </object_component>
      <object_component id="oc-23f">
         <name>.debug_info</name>
         <load_address>0x37807</load_address>
         <run_address>0x37807</run_address>
         <size>0x14d</size>
         <input_file_ref idref="fl-1a"/>
      </object_component>
      <object_component id="oc-246">
         <name>.debug_info</name>
         <load_address>0x37954</load_address>
         <run_address>0x37954</run_address>
         <size>0x758</size>
         <input_file_ref idref="fl-17"/>
      </object_component>
      <object_component id="oc-249">
         <name>.debug_info</name>
         <load_address>0x380ac</load_address>
         <run_address>0x380ac</run_address>
         <size>0x1b4</size>
         <input_file_ref idref="fl-10"/>
      </object_component>
      <object_component id="oc-24c">
         <name>.debug_info</name>
         <load_address>0x38260</load_address>
         <run_address>0x38260</run_address>
         <size>0x60e</size>
         <input_file_ref idref="fl-2"/>
      </object_component>
      <object_component id="oc-251">
         <name>.debug_info</name>
         <load_address>0x3886e</load_address>
         <run_address>0x3886e</run_address>
         <size>0x4de</size>
         <input_file_ref idref="fl-2"/>
      </object_component>
      <object_component id="oc-256">
         <name>.debug_info</name>
         <load_address>0x38d4c</load_address>
         <run_address>0x38d4c</run_address>
         <size>0x3ce</size>
         <input_file_ref idref="fl-2"/>
      </object_component>
      <object_component id="oc-25b">
         <name>.debug_info</name>
         <load_address>0x3911a</load_address>
         <run_address>0x3911a</run_address>
         <size>0x437</size>
         <input_file_ref idref="fl-2"/>
      </object_component>
      <object_component id="oc-260">
         <name>.debug_info</name>
         <load_address>0x39551</load_address>
         <run_address>0x39551</run_address>
         <size>0x1ca</size>
         <input_file_ref idref="fl-2"/>
      </object_component>
      <object_component id="oc-265">
         <name>.debug_info</name>
         <load_address>0x3971b</load_address>
         <run_address>0x3971b</run_address>
         <size>0x3d3</size>
         <input_file_ref idref="fl-2"/>
      </object_component>
      <object_component id="oc-26a">
         <name>.debug_info</name>
         <load_address>0x39aee</load_address>
         <run_address>0x39aee</run_address>
         <size>0x3a4</size>
         <input_file_ref idref="fl-2"/>
      </object_component>
      <object_component id="oc-26f">
         <name>.debug_info</name>
         <load_address>0x39e92</load_address>
         <run_address>0x39e92</run_address>
         <size>0x1de</size>
         <input_file_ref idref="fl-2"/>
      </object_component>
      <object_component id="oc-274">
         <name>.debug_info</name>
         <load_address>0x3a070</load_address>
         <run_address>0x3a070</run_address>
         <size>0x2af</size>
         <input_file_ref idref="fl-2"/>
      </object_component>
      <object_component id="oc-279">
         <name>.debug_info</name>
         <load_address>0x3a31f</load_address>
         <run_address>0x3a31f</run_address>
         <size>0x530</size>
         <input_file_ref idref="fl-2"/>
      </object_component>
      <object_component id="oc-27e">
         <name>.debug_info</name>
         <load_address>0x3a84f</load_address>
         <run_address>0x3a84f</run_address>
         <size>0x17a</size>
         <input_file_ref idref="fl-2"/>
      </object_component>
      <object_component id="oc-286">
         <name>.debug_info</name>
         <load_address>0x3a9c9</load_address>
         <run_address>0x3a9c9</run_address>
         <size>0x37b</size>
         <input_file_ref idref="fl-2"/>
      </object_component>
      <object_component id="oc-28e">
         <name>.debug_info</name>
         <load_address>0x3ad44</load_address>
         <run_address>0x3ad44</run_address>
         <size>0x148</size>
         <input_file_ref idref="fl-25"/>
      </object_component>
      <object_component id="oc-290">
         <name>.debug_info</name>
         <load_address>0x3ae8c</load_address>
         <run_address>0x3ae8c</run_address>
         <size>0x1863</size>
         <input_file_ref idref="fl-f"/>
      </object_component>
      <object_component id="oc-296">
         <name>.debug_info</name>
         <load_address>0x3c6ef</load_address>
         <run_address>0x3c6ef</run_address>
         <size>0x2939</size>
         <input_file_ref idref="fl-18"/>
      </object_component>
      <object_component id="oc-29d">
         <name>.debug_info</name>
         <load_address>0x3f028</load_address>
         <run_address>0x3f028</run_address>
         <size>0x161</size>
         <input_file_ref idref="fl-17"/>
      </object_component>
      <object_component id="oc-2a1">
         <name>.debug_info</name>
         <load_address>0x3f189</load_address>
         <run_address>0x3f189</run_address>
         <size>0x41</size>
         <input_file_ref idref="fl-17"/>
      </object_component>
      <object_component id="oc-2a8">
         <name>.debug_info</name>
         <load_address>0x3f1ca</load_address>
         <run_address>0x3f1ca</run_address>
         <size>0x197</size>
         <input_file_ref idref="fl-b"/>
      </object_component>
      <object_component id="oc-2aa">
         <name>.debug_info</name>
         <load_address>0x3f361</load_address>
         <run_address>0x3f361</run_address>
         <size>0x1d4</size>
         <input_file_ref idref="fl-30"/>
      </object_component>
      <object_component id="oc-2b1">
         <name>.debug_info</name>
         <load_address>0x3f535</load_address>
         <run_address>0x3f535</run_address>
         <size>0xd9</size>
         <input_file_ref idref="fl-30"/>
      </object_component>
      <object_component id="oc-2b9">
         <name>.debug_info</name>
         <load_address>0x3f60e</load_address>
         <run_address>0x3f60e</run_address>
         <size>0x7cd</size>
         <input_file_ref idref="fl-d"/>
      </object_component>
      <object_component id="oc-2be">
         <name>.debug_info</name>
         <load_address>0x3fddb</load_address>
         <run_address>0x3fddb</run_address>
         <size>0x243</size>
         <input_file_ref idref="fl-f"/>
      </object_component>
      <object_component id="oc-2c3">
         <name>.debug_info</name>
         <load_address>0x4001e</load_address>
         <run_address>0x4001e</run_address>
         <size>0x1d6</size>
         <input_file_ref idref="fl-d"/>
      </object_component>
      <object_component id="oc-2c5">
         <name>.debug_info</name>
         <load_address>0x401f4</load_address>
         <run_address>0x401f4</run_address>
         <size>0x22c</size>
         <input_file_ref idref="fl-11"/>
      </object_component>
      <object_component id="oc-2c6">
         <name>.debug_info</name>
         <load_address>0x40420</load_address>
         <run_address>0x40420</run_address>
         <size>0x4c</size>
         <input_file_ref idref="fl-11"/>
      </object_component>
      <object_component id="oc-2cc">
         <name>.debug_info</name>
         <load_address>0x4046c</load_address>
         <run_address>0x4046c</run_address>
         <size>0x15c</size>
         <input_file_ref idref="fl-13"/>
      </object_component>
      <object_component id="oc-2da">
         <name>.debug_info</name>
         <load_address>0x405c8</load_address>
         <run_address>0x405c8</run_address>
         <size>0x295</size>
         <input_file_ref idref="fl-1a"/>
      </object_component>
      <object_component id="oc-2df">
         <name>.debug_info</name>
         <load_address>0x4085d</load_address>
         <run_address>0x4085d</run_address>
         <size>0xd7</size>
         <input_file_ref idref="fl-1a"/>
      </object_component>
      <object_component id="oc-2e4">
         <name>.debug_info</name>
         <load_address>0x40934</load_address>
         <run_address>0x40934</run_address>
         <size>0x167</size>
         <input_file_ref idref="fl-17"/>
      </object_component>
      <object_component id="oc-2e9">
         <name>.debug_info</name>
         <load_address>0x40a9b</load_address>
         <run_address>0x40a9b</run_address>
         <size>0x69</size>
         <input_file_ref idref="fl-1a"/>
      </object_component>
      <object_component id="oc-2ee">
         <name>.debug_info</name>
         <load_address>0x40b04</load_address>
         <run_address>0x40b04</run_address>
         <size>0x41</size>
         <input_file_ref idref="fl-1a"/>
      </object_component>
      <object_component id="oc-2f3">
         <name>.debug_info</name>
         <load_address>0x40b45</load_address>
         <run_address>0x40b45</run_address>
         <size>0x3f9</size>
         <input_file_ref idref="fl-17"/>
      </object_component>
      <object_component id="oc-2f8">
         <name>.debug_info</name>
         <load_address>0x40f3e</load_address>
         <run_address>0x40f3e</run_address>
         <size>0x8a</size>
         <input_file_ref idref="fl-1a"/>
      </object_component>
      <object_component id="oc-2fd">
         <name>.debug_info</name>
         <load_address>0x40fc8</load_address>
         <run_address>0x40fc8</run_address>
         <size>0x17e</size>
         <input_file_ref idref="fl-1a"/>
      </object_component>
      <object_component id="oc-307">
         <name>.debug_info</name>
         <load_address>0x41146</load_address>
         <run_address>0x41146</run_address>
         <size>0x584</size>
         <input_file_ref idref="fl-1b"/>
      </object_component>
      <object_component id="oc-316">
         <name>.debug_info</name>
         <load_address>0x416ca</load_address>
         <run_address>0x416ca</run_address>
         <size>0x9f</size>
         <input_file_ref idref="fl-2d"/>
      </object_component>
      <object_component id="oc-31e">
         <name>.debug_info</name>
         <load_address>0x41769</load_address>
         <run_address>0x41769</run_address>
         <size>0xaa</size>
         <input_file_ref idref="fl-28"/>
      </object_component>
      <object_component id="oc-32b">
         <name>.debug_info</name>
         <load_address>0x41813</load_address>
         <run_address>0x41813</run_address>
         <size>0x1b0</size>
         <input_file_ref idref="fl-17"/>
      </object_component>
      <object_component id="oc-330">
         <name>.debug_info</name>
         <load_address>0x419c3</load_address>
         <run_address>0x419c3</run_address>
         <size>0x65a</size>
         <input_file_ref idref="fl-17"/>
      </object_component>
      <object_component id="oc-337">
         <name>.debug_info</name>
         <load_address>0x4201d</load_address>
         <run_address>0x4201d</run_address>
         <size>0x2c7</size>
         <input_file_ref idref="fl-2"/>
      </object_component>
      <object_component id="oc-33e">
         <name>.debug_info</name>
         <load_address>0x422e4</load_address>
         <run_address>0x422e4</run_address>
         <size>0xcd</size>
         <input_file_ref idref="fl-25"/>
      </object_component>
      <object_component id="oc-344">
         <name>.debug_info</name>
         <load_address>0x423b1</load_address>
         <run_address>0x423b1</run_address>
         <size>0x178</size>
         <input_file_ref idref="fl-f"/>
      </object_component>
      <object_component id="oc-347">
         <name>.debug_info</name>
         <load_address>0x42529</load_address>
         <run_address>0x42529</run_address>
         <size>0x1a8</size>
         <input_file_ref idref="fl-f"/>
      </object_component>
      <object_component id="oc-349">
         <name>.debug_info</name>
         <load_address>0x426d1</load_address>
         <run_address>0x426d1</run_address>
         <size>0x1b0</size>
         <input_file_ref idref="fl-2e"/>
      </object_component>
      <object_component id="oc-34f">
         <name>.debug_info</name>
         <load_address>0x42881</load_address>
         <run_address>0x42881</run_address>
         <size>0x506</size>
         <input_file_ref idref="fl-19"/>
      </object_component>
      <object_component id="oc-358">
         <name>.debug_info</name>
         <load_address>0x42d87</load_address>
         <run_address>0x42d87</run_address>
         <size>0x16d</size>
         <input_file_ref idref="fl-2b"/>
      </object_component>
      <object_component id="oc-35b">
         <name>.debug_info</name>
         <load_address>0x42ef4</load_address>
         <run_address>0x42ef4</run_address>
         <size>0x16e</size>
         <input_file_ref idref="fl-18"/>
      </object_component>
      <object_component id="oc-35e">
         <name>.debug_info</name>
         <load_address>0x43062</load_address>
         <run_address>0x43062</run_address>
         <size>0x17d</size>
         <input_file_ref idref="fl-18"/>
      </object_component>
      <object_component id="oc-361">
         <name>.debug_info</name>
         <load_address>0x431df</load_address>
         <run_address>0x431df</run_address>
         <size>0x84a</size>
         <input_file_ref idref="fl-18"/>
      </object_component>
      <object_component id="oc-379">
         <name>.debug_info</name>
         <load_address>0x43a29</load_address>
         <run_address>0x43a29</run_address>
         <size>0x91</size>
         <input_file_ref idref="fl-f"/>
      </object_component>
      <object_component id="oc-37e">
         <name>.debug_info</name>
         <load_address>0x43aba</load_address>
         <run_address>0x43aba</run_address>
         <size>0x18e</size>
         <input_file_ref idref="fl-f"/>
      </object_component>
      <object_component id="oc-384">
         <name>.debug_info</name>
         <load_address>0x43c48</load_address>
         <run_address>0x43c48</run_address>
         <size>0xa0</size>
         <input_file_ref idref="fl-2e"/>
      </object_component>
      <object_component id="oc-388">
         <name>.debug_info</name>
         <load_address>0x43ce8</load_address>
         <run_address>0x43ce8</run_address>
         <size>0x17e</size>
         <input_file_ref idref="fl-2c"/>
      </object_component>
      <object_component id="oc-38c">
         <name>.debug_info</name>
         <load_address>0x43e66</load_address>
[...]
         <object_component_ref idref="oc-c5"/>
      </symbol>
      <symbol id="sm-1118">
         <name>tcp_enqueue_flags</name>
         <value>0x4be50</value>
         <object_component_ref idref="oc-c5"/>
      </symbol>
      <symbol id="sm-1119">
         <name>ip_addr_broadcast</name>
         <value>0x41930</value>
         <object_component_ref idref="oc-176"/>
      </symbol>
      <symbol id="sm-111a">
         <name>tcp_pcb_lists</name>
         <value>0x4191c</value>
         <object_component_ref idref="oc-176"/>
      </symbol>
      <symbol id="sm-111b">
         <name>tcp_input</name>
         <value>0x48458</value>
         <object_component_ref idref="oc-c5"/>
      </symbol>
      <symbol id="sm-111c">
         <name>hdkif_netif_status</name>
         <value>0x517b4</value>
         <object_component_ref idref="oc-c5"/>
      </symbol>
      <symbol id="sm-111d">
         <name>lwIPLinkStatusGet</name>
         <value>0x51dac</value>
         <object_component_ref idref="oc-c5"/>
      </symbol>
      <symbol id="sm-111e">
         <name>netif_set_down</name>
         <value>0x44ca4</value>
         <object_component_ref idref="oc-c5"/>
      </symbol>
      <symbol id="sm-111f">
         <name>netif_set_addr</name>
         <value>0x4485c</value>
         <object_component_ref idref="oc-c5"/>
      </symbol>
      <symbol id="sm-1120">
         <name>raw_sendto</name>
         <value>0x4612c</value>
         <object_component_ref idref="oc-c5"/>
      </symbol>
      <symbol id="sm-1121">
         <name>stats_init</name>
         <value>0x463c0</value>
         <object_component_ref idref="oc-c5"/>
      </symbol>
      <symbol id="sm-1122">
         <name>udp_input</name>
         <value>0x4ce24</value>
         <object_component_ref idref="oc-c5"/>
      </symbol>
      <symbol id="sm-1123">
         <name>tcp_send_fin</name>
         <value>0x4b2f8</value>
         <object_component_ref idref="oc-c5"/>
      </symbol>
      <symbol id="sm-1124">
         <name>lwIPInit</name>
         <value>0x51b4c</value>
         <object_component_ref idref="oc-c5"/>
      </symbol>
      <symbol id="sm-1125">
         <name>pbuf_take</name>
         <value>0x45ac4</value>
         <object_component_ref idref="oc-c5"/>
      </symbol>
      <symbol id="sm-1126">
         <name>raw_input</name>
         <value>0x45f3c</value>
         <object_component_ref idref="oc-c5"/>
      </symbol>
      <symbol id="sm-1127">
         <name>raw_recv</name>
         <value>0x460fc</value>
         <object_component_ref idref="oc-c5"/>
      </symbol>
      <symbol id="sm-1128">
         <name>tcp_poll</name>
         <value>0x48170</value>
         <object_component_ref idref="oc-c5"/>
      </symbol>
      <symbol id="sm-1129">
         <name>udp_new</name>
         <value>0x4d970</value>
         <object_component_ref idref="oc-c5"/>
      </symbol>
      <symbol id="sm-112a">
         <name>ram_heap</name>
         <value>0x8001500</value>
         <object_component_ref idref="oc-193"/>
      </symbol>
      <symbol id="sm-112b">
         <name>udp_recv</name>
         <value>0x4d898</value>
         <object_component_ref idref="oc-c5"/>
      </symbol>
      <symbol id="sm-112c">
         <name>tcp_next_iss</name>
         <value>0x48394</value>
         <object_component_ref idref="oc-c5"/>
      </symbol>
      <symbol id="sm-112d">
         <name>tcp_zero_window_probe</name>
         <value>0x4cbc8</value>
         <object_component_ref idref="oc-c5"/>
      </symbol>
      <symbol id="sm-112e">
         <name>udp_init</name>
         <value>0x4cd6c</value>
         <object_component_ref idref="oc-c5"/>
      </symbol>
      <symbol id="sm-112f">
         <name>pbuf_copy_partial</name>
         <value>0x45954</value>
         <object_component_ref idref="oc-c5"/>
      </symbol>
      <symbol id="sm-1130">
         <name>pbuf_alloc</name>
         <value>0x44e40</value>
         <object_component_ref idref="oc-c5"/>
      </symbol>
      <symbol id="sm-1131">
         <name>lwIPNetIfStatusGet</name>
         <value>0x51d8c</value>
         <object_component_ref idref="oc-c5"/>
      </symbol>
      <symbol id="sm-1132">
         <name>pbuf_memfind</name>
         <value>0x45e10</value>
         <object_component_ref idref="oc-c5"/>
      </symbol>
      <symbol id="sm-1133">
         <name>ipaddr_ntoa_r</name>
         <value>0x4f1d0</value>
         <object_component_ref idref="oc-c5"/>
      </symbol>
      <symbol id="sm-1134">
         <name>udp_send</name>
         <value>0x4d328</value>
         <object_component_ref idref="oc-c5"/>
      </symbol>
      <symbol id="sm-1135">
         <name>icmp_input</name>
         <value>0x4d9b0</value>
         <object_component_ref idref="oc-c5"/>
      </symbol>
      <symbol id="sm-1136">
         <name>pbuf_strstr</name>
         <value>0x45ebc</value>
         <object_component_ref idref="oc-c5"/>
      </symbol>
      <symbol id="sm-1137">
         <name>netif_set_gw</name>
         <value>0x44ba8</value>
         <object_component_ref idref="oc-c5"/>
      </symbol>
      <symbol id="sm-1138">
         <name>inet_chksum_pbuf</name>
         <value>0x4e35c</value>
         <object_component_ref idref="oc-c5"/>
      </symbol>
      <symbol id="sm-1139">
         <name>netif_find</name>
         <value>0x44990</value>
         <object_component_ref idref="oc-c5"/>
      </symbol>
      <symbol id="sm-113a">
         <name>ip_output</name>
         <value>0x4ec78</value>
         <object_component_ref idref="oc-c5"/>
      </symbol>
      <symbol id="sm-113b">
         <name>hdkif_swizzle_rxp</name>
         <value>0x507a8</value>
         <object_component_ref idref="oc-c5"/>
      </symbol>
      <symbol id="sm-113c">
         <name>lwIPRxIntHandler</name>
         <value>0x51dd4</value>
         <object_component_ref idref="oc-c5"/>
      </symbol>
      <symbol id="sm-113d">
         <name>pbuf_copy</name>
         <value>0x45758</value>
         <object_component_ref idref="oc-c5"/>
      </symbol>
      <symbol id="sm-113e">
         <name>dhcp_cleanup</name>
         <value>0x4206c</value>
         <object_component_ref idref="oc-c5"/>
      </symbol>
      <symbol id="sm-113f">
         <name>tcp_segs_free</name>
         <value>0x47c14</value>
         <object_component_ref idref="oc-c5"/>
      </symbol>
      <symbol id="sm-1140">
         <name>ipaddr_aton</name>
         <value>0x4ee80</value>
         <object_component_ref idref="oc-c5"/>
      </symbol>
      <symbol id="sm-1141">
         <name>tcp_close</name>
         <value>0x467d0</value>
         <object_component_ref idref="oc-c5"/>
      </symbol>
      <symbol id="sm-1142">
         <name>pbuf_coalesce</name>
         <value>0x45be0</value>
         <object_component_ref idref="oc-c5"/>
      </symbol>
      <symbol id="sm-1143">
         <name>LocatorConfig</name>
         <value>0x519a0</value>
         <object_component_ref idref="oc-c5"/>
      </symbol>
      <symbol id="sm-1144">
         <name>hdkif_swizzle_data</name>
         <value>0x50780</value>
         <object_component_ref idref="oc-c5"/>
      </symbol>
      <symbol id="sm-1145">
         <name>ethzero</name>
         <value>0x4193a</value>
         <object_component_ref idref="oc-176"/>
      </symbol>
      <symbol id="sm-1146">
         <name>tcp_update_rcv_ann_wnd</name>
         <value>0x46dd8</value>
         <object_component_ref idref="oc-c5"/>
      </symbol>
      <symbol id="sm-1147">
         <name>tcp_new</name>
         <value>0x480c0</value>
         <object_component_ref idref="oc-c5"/>
      </symbol>
      <symbol id="sm-1148">
         <name>ethbroadcast</name>
         <value>0x41934</value>
         <object_component_ref idref="oc-176"/>
      </symbol>
      <symbol id="sm-1149">
         <name>lwip_init</name>
         <value>0x43b84</value>
         <object_component_ref idref="oc-c5"/>
      </symbol>
      <symbol id="sm-114a">
         <name>inet_chksum_pseudo</name>
         <value>0x4df84</value>
         <object_component_ref idref="oc-c5"/>
      </symbol>
      <symbol id="sm-114b">
         <name>dhcp_inform</name>
         <value>0x4222c</value>
         <object_component_ref idref="oc-c5"/>
      </symbol>
      <symbol id="sm-114c">
         <name>tcp_sent</name>
         <value>0x48110</value>
         <object_component_ref idref="oc-c5"/>
      </symbol>
      <symbol id="sm-114d">
         <name>tcp_tmr</name>
         <value>0x463c8</value>
         <object_component_ref idref="oc-c5"/>
      </symbol>
      <symbol id="sm-114e">
         <name>pbuf_memcmp</name>
         <value>0x45cfc</value>
         <object_component_ref idref="oc-c5"/>
      </symbol>
      <symbol id="sm-114f">
         <name>tcp_eff_send_mss</name>
         <value>0x483bc</value>
         <object_component_ref idref="oc-c5"/>
      </symbol>
      <symbol id="sm-1150">
         <name>hdkif_macaddrset</name>
         <value>0x507bc</value>
         <object_component_ref idref="oc-c5"/>
      </symbol>
      <symbol id="sm-1151">
         <name>tcp_process_refused_data</name>
         <value>0x47ae0</value>
         <object_component_ref idref="oc-c5"/>
      </symbol>
      <symbol id="sm-1152">
         <name>tcp_listen_with_backlog</name>
         <value>0x46bf4</value>
         <object_component_ref idref="oc-c5"/>
      </symbol>
      <symbol id="sm-1153">
         <name>udp_remove</name>
         <value>0x4d8c8</value>
         <object_component_ref idref="oc-c5"/>
      </symbol>
      <symbol id="sm-1154">
         <name>dhcp_rx_options_val</name>
         <value>0x8014488</value>
         <object_component_ref idref="oc-17c"/>
      </symbol>
      <symbol id="sm-1155">
         <name>udp_connect</name>
         <value>0x4d760</value>
         <object_component_ref idref="oc-c5"/>
      </symbol>
      <symbol id="sm-1156">
         <name>ip4_addr_netmask_valid</name>
         <value>0x4edc0</value>
         <object_component_ref idref="oc-c5"/>
      </symbol>
      <symbol id="sm-1157">
         <name>etharp_find_addr</name>
         <value>0x4fa4c</value>
         <object_component_ref idref="oc-c5"/>
      </symbol>
      <symbol id="sm-1158">
         <name>netif_add</name>
         <value>0x44780</value>
         <object_component_ref idref="oc-c5"/>
      </symbol>
      <symbol id="sm-1159">
         <name>tcp_seg_copy</name>
         <value>0x47cb4</value>
         <object_component_ref idref="oc-c5"/>
      </symbol>
      <symbol id="sm-115a">
         <name>netif_set_default</name>
         <value>0x44c20</value>
         <object_component_ref idref="oc-c5"/>
      </symbol>
      <symbol id="sm-115b">
         <name>hdkif_init</name>
         <value>0x51224</value>
         <object_component_ref idref="oc-c5"/>
      </symbol>
      <symbol id="sm-115c">
         <name>tcp_accept</name>
         <value>0x48150</value>
         <object_component_ref idref="oc-c5"/>
      </symbol>
      <symbol id="sm-115d">
         <name>netif_remove</name>
         <value>0x448a0</value>
         <object_component_ref idref="oc-c5"/>
      </symbol>
      <symbol id="sm-115e">
         <name>sys_now</name>
         <value>0x50768</value>
         <object_component_ref idref="oc-c5"/>
      </symbol>
      <symbol id="sm-115f">
         <name>ip_route</name>
         <value>0x4e458</value>
         <object_component_ref idref="oc-c5"/>
      </symbol>
      <symbol id="sm-1160">
         <name>netif_init</name>
         <value>0x44778</value>
         <object_component_ref idref="oc-c5"/>
      </symbol>
      <symbol id="sm-1161">
         <name>tcp_pcb_remove</name>
         <value>0x48268</value>
         <object_component_ref idref="oc-c5"/>
      </symbol>
      <symbol id="sm-1162">
         <name>tcp_debug_state_str</name>
         <value>0x48430</value>
         <object_component_ref idref="oc-c5"/>
      </symbol>
      <symbol id="sm-1163">
         <name>tcp_state_str</name>
         <value>0x41980</value>
         <object_component_ref idref="oc-1b9"/>
      </symbol>
      <symbol id="sm-1164">
         <name>etharp_tmr</name>
         <value>0x4f3b8</value>
         <object_component_ref idref="oc-c5"/>
      </symbol>
      <symbol id="sm-1165">
         <name>lwIPTxIntHandler</name>
         <value>0x51df8</value>
         <object_component_ref idref="oc-c5"/>
      </symbol>
      <symbol id="sm-1166">
         <name>tcp_abort</name>
         <value>0x46a28</value>
         <object_component_ref idref="oc-c5"/>
      </symbol>
      <symbol id="sm-1167">
         <name>mem_trim</name>
         <value>0x43e74</value>
         <object_component_ref idref="oc-c5"/>
      </symbol>
      <symbol id="sm-1168">
         <name>dhcp_renew</name>
         <value>0x4279c</value>
         <object_component_ref idref="oc-c5"/>
      </symbol>
      <symbol id="sm-1169">
         <name>tcp_shutdown</name>
         <value>0x46808</value>
         <object_component_ref idref="oc-c5"/>
      </symbol>
      <symbol id="sm-116a">
         <name>tcp_setprio</name>
         <value>0x47c94</value>
         <object_component_ref idref="oc-c5"/>
      </symbol>
      <symbol id="sm-116b">
         <name>lwip_stats</name>
         <value>0x80141cc</value>
         <object_component_ref idref="oc-196"/>
      </symbol>
      <symbol id="sm-11ab">
         <name>sys_restart_timeouts</name>
         <value>0x5ac5c</value>
         <object_component_ref idref="oc-185"/>
      </symbol>
      <symbol id="sm-11ac">
         <name>tcp_timer_needed</name>
         <value>0x5a7c0</value>
         <object_component_ref idref="oc-185"/>
      </symbol>
      <symbol id="sm-11ad">
         <name>sys_timeouts_init</name>
         <value>0x5a874</value>
         <object_component_ref idref="oc-185"/>
      </symbol>
      <symbol id="sm-11ae">
         <name>sys_untimeout</name>
         <value>0x5aa5c</value>
         <object_component_ref idref="oc-185"/>
      </symbol>
      <symbol id="sm-11af">
         <name>sys_check_timeouts</name>
         <value>0x5ab58</value>
         <object_component_ref idref="oc-185"/>
      </symbol>
      <symbol id="sm-11b0">
         <name>sys_timeout</name>
         <value>0x5a8b8</value>
         <object_component_ref idref="oc-185"/>
      </symbol>
      <symbol id="sm-11cf">
         <name>__TI_auto_init</name>
         <value>0x5be41</value>
         <object_component_ref idref="oc-66"/>
      </symbol>
      <symbol id="sm-11e6">
         <name>__TI_decompress_none</name>
         <value>0x5c1ab</value>
         <object_component_ref idref="oc-11"/>
      </symbol>
      <symbol id="sm-120a">
         <name>__TI_decompress_rle24</name>
         <value>0x5c1b9</value>
         <object_component_ref idref="oc-1d"/>
      </symbol>
      <symbol id="sm-121e">
         <name>__TI_zero_init</name>
         <value>0x5c199</value>
         <object_component_ref idref="oc-17"/>
      </symbol>
      <symbol id="sm-1237">
         <name>copy_in</name>
         <value>0x5c059</value>
         <object_component_ref idref="oc-e6"/>
      </symbol>
      <symbol id="sm-1256">
         <name>C$$EXIT</name>
         <value>0x5c0a1</value>
         <object_component_ref idref="oc-71"/>
      </symbol>
      <symbol id="sm-1257">
         <name>abort</name>
         <value>0x5c0a5</value>
         <object_component_ref idref="oc-71"/>
      </symbol>
      <symbol id="sm-1258">
         <name>exit</name>
         <value>0x5c0ad</value>
         <object_component_ref idref="oc-71"/>
      </symbol>
      <symbol id="sm-1259">
         <name>__TI_dtors_ptr</name>
         <value>0x8014740</value>
         <object_component_ref idref="oc-fa"/>
      </symbol>
      <symbol id="sm-125a">
         <name>__TI_cleanup_ptr</name>
         <value>0x801473c</value>
         <object_component_ref idref="oc-fa"/>
      </symbol>
      <symbol id="sm-1267">
         <name>__aeabi_idivmod</name>
         <value>0x5bfac</value>
         <object_component_ref idref="oc-167"/>
      </symbol>
      <symbol id="sm-1277">
         <name>memcmp</name>
         <value>0x5c10b</value>
         <object_component_ref idref="oc-1e7"/>
      </symbol>
      <symbol id="sm-1292">
         <name>memcpy</name>
         <value>0x5bda5</value>
         <object_component_ref idref="oc-78"/>
      </symbol>
      <symbol id="sm-1293">
         <name>__aeabi_memcpy</name>
         <value>0x5bda5</value>
         <object_component_ref idref="oc-78"/>
      </symbol>
      <symbol id="sm-1294">
         <name>__aeabi_memcpy8</name>
         <value>0x5bda5</value>
         <object_component_ref idref="oc-78"/>
      </symbol>
      <symbol id="sm-1295">
         <name>__aeabi_memcpy4</name>
         <value>0x5bda5</value>
         <object_component_ref idref="oc-78"/>
      </symbol>
      <symbol id="sm-12a4">
         <name>__aeabi_memset</name>
         <value>0x5bed7</value>
         <object_component_ref idref="oc-16c"/>
      </symbol>
      <symbol id="sm-12a5">
         <name>memset</name>
         <value>0x5bedd</value>
         <object_component_ref idref="oc-16c"/>
      </symbol>
      <symbol id="sm-12a6">
         <name>__aeabi_memset8</name>
         <value>0x5bed7</value>
         <object_component_ref idref="oc-16c"/>
      </symbol>
      <symbol id="sm-12a7">
         <name>__aeabi_memset4</name>
         <value>0x5bed7</value>
         <object_component_ref idref="oc-16c"/>
      </symbol>
      <symbol id="sm-12a8">
         <name>__aeabi_memclr8</name>
         <value>0x5bed5</value>
         <object_component_ref idref="oc-16c"/>
      </symbol>
      <symbol id="sm-12a9">
         <name>__aeabi_memclr4</name>
         <value>0x5bed5</value>
         <object_component_ref idref="oc-16c"/>
      </symbol>
      <symbol id="sm-12aa">
         <name>__aeabi_memclr</name>
         <value>0x5bed5</value>
         <object_component_ref idref="oc-16c"/>
      </symbol>
      <symbol id="sm-12ba">
         <name>strchr</name>
         <value>0x5c145</value>
         <object_component_ref idref="oc-354"/>
      </symbol>
      <symbol id="sm-12c9">
         <name>strcmp</name>
         <value>0x5c12d</value>
         <object_component_ref idref="oc-385"/>
      </symbol>
      <symbol id="sm-12d7">
         <name>strlen</name>
         <value>0x5c15b</value>
         <object_component_ref idref="oc-1a3"/>
      </symbol>
      <symbol id="sm-12e7">
         <name>strncmp</name>
         <value>0x5c0e5</value>
         <object_component_ref idref="oc-348"/>
      </symbol>
      <symbol id="sm-12f4">
         <name>__aeabi_uidivmod</name>
         <value>0x5c004</value>
         <object_component_ref idref="oc-171"/>
      </symbol>
      <symbol id="sm-130d">
         <name>_nop</name>
         <value>0x5c17f</value>
         <object_component_ref idref="oc-2a9"/>
      </symbol>
      <symbol id="sm-130e">
         <name>_lock</name>
         <value>0x8014734</value>
         <object_component_ref idref="oc-f7"/>
      </symbol>
      <symbol id="sm-130f">
         <name>_unlock</name>
         <value>0x8014738</value>
         <object_component_ref idref="oc-f7"/>
      </symbol>
      <symbol id="sm-1310">
         <name>_register_lock</name>
         <value>0x5c177</value>
         <object_component_ref idref="oc-2a9"/>
      </symbol>
      <symbol id="sm-1311">
         <name>_register_unlock</name>
         <value>0x5c171</value>
         <object_component_ref idref="oc-2a9"/>
      </symbol>
      <symbol id="sm-1312">
         <name>__TI_static_base__</name>
         <value>0x0</value>
      </symbol>
      <symbol id="sm-1313">
         <name>SHT$$INIT_ARRAY$$Limit</name>
         <value>0x0</value>
      </symbol>
      <symbol id="sm-1314">
         <name>SHT$$INIT_ARRAY$$Base</name>
         <value>0x0</value>
      </symbol>
   </symbol_table>
   <title>Link successful</title>
</link_info>
