<?xml version="1.0"?>
<link_info>
   <banner>TI ARM Linker PC v5.1.6</banner>
   <copyright>Copyright (c) 1996-2014 Texas Instruments Incorporated</copyright>
   <link_time>0x537c749b</link_time>
   <link_errors>0x0</link_errors>
   <output_file>Build-TMS570LS12x.out</output_file>
   <entry_point>
      <name>_c_int00</name>
      <address>0x5b838</address>
   </entry_point>
   <input_file_list>
      <input_file id="fl-2">
         <path>.\HALCoGen-TMS570LS12x\source\</path>
         <kind>object</kind>
         <file>system.obj</file>
         <name>system.obj</name>
      </input_file>
      <input_file id="fl-3">
         <path>.\HALCoGen-TMS570LS12x\source\</path>
         <kind>object</kind>
         <file>sys_vim.obj</file>
         <name>sys_vim.obj</name>
      </input_file>
      <input_file id="fl-4">
         <path>.\HALCoGen-TMS570LS12x\source\</path>
         <kind>object</kind>
         <file>sys_startup.obj</file>
         <name>sys_startup.obj</name>
      </input_file>
      <input_file id="fl-5">
         <path>.\HALCoGen-TMS570LS12x\source\</path>
         <kind>object</kind>
         <file>sys_selftest.obj</file>
         <name>sys_selftest.obj</name>
      </input_file>
      <input_file id="fl-6">
         <path>.\HALCoGen-TMS570LS12x\source\</path>
         <kind>object</kind>
         <file>sys_pmu.obj</file>
         <name>sys_pmu.obj</name>
      </input_file>
      <input_file id="fl-7">
         <path>.\HALCoGen-TMS570LS12x\source\</path>
         <kind>object</kind>
         <file>sys_pmm.obj</file>
         <name>sys_pmm.obj</name>
      </input_file>
      <input_file id="fl-8">
         <path>.\HALCoGen-TMS570LS12x\source\</path>
         <kind>object</kind>
         <file>sys_phantom.obj</file>
         <name>sys_phantom.obj</name>
      </input_file>
      <input_file id="fl-9">
         <path>.\HALCoGen-TMS570LS12x\source\</path>
         <kind>object</kind>
         <file>sys_pcr.obj</file>
         <name>sys_pcr.obj</name>
      </input_file>
      <input_file id="fl-a">
         <path>.\HALCoGen-TMS570LS12x\source\</path>
         <kind>object</kind>
         <file>sys_mpu.obj</file>
         <name>sys_mpu.obj</name>
      </input_file>
      <input_file id="fl-b">
         <path>.\HALCoGen-TMS570LS12x\source\</path>
         <kind>object</kind>
         <file>sys_main.obj</file>
         <name>sys_main.obj</name>
      </input_file>
      <input_file id="fl-c">
         <path>.\HALCoGen-TMS570LS12x\source\</path>
         <kind>object</kind>
         <file>sys_intvecs.obj</file>
         <name>sys_intvecs.obj</name>
      </input_file>
      <input_file id="fl-d">
         <path>.\HALCoGen-TMS570LS12x\source\</path>
         <kind>object</kind>
         <file>sys_dma.obj</file>
         <name>sys_dma.obj</name>
      </input_file>
      <input_file id="fl-e">
         <path>.\HALCoGen-TMS570LS12x\source\</path>
         <kind>object</kind>
         <file>sys_core.obj</file>
         <name>sys_core.obj</name>
      </input_file>
      <input_file id="fl-f">
         <path>.\HALCoGen-TMS570LS12x\source\</path>
         <kind>object</kind>
         <file>sci.obj</file>
         <name>sci.obj</name>
      </input_file>
      <input_file id="fl-10">
         <path>.\HALCoGen-TMS570LS12x\source\</path>
         <kind>object</kind>
         <file>pinmux.obj</file>
         <name>pinmux.obj</name>
      </input_file>
      <input_file id="fl-11">
         <path>.\HALCoGen-TMS570LS12x\source\</path>
         <kind>object</kind>
         <file>phy_dp83640.obj</file>
         <name>phy_dp83640.obj</name>
      </input_file>
      <input_file id="fl-12">
         <path>.\HALCoGen-TMS570LS12x\source\</path>
         <kind>object</kind>
         <file>notification.obj</file>
         <name>notification.obj</name>
      </input_file>
      <input_file id="fl-13">
         <path>.\HALCoGen-TMS570LS12x\source\</path>
         <kind>object</kind>
         <file>mdio.obj</file>
         <name>mdio.obj</name>
      </input_file>
      <input_file id="fl-14">
         <path>.\HALCoGen-TMS570LS12x\source\</path>
         <kind>object</kind>
         <file>esm.obj</file>
         <name>esm.obj</name>
      </input_file>
      <input_file id="fl-15">
         <path>.\HALCoGen-TMS570LS12x\source\</path>
         <kind>object</kind>
         <file>emac.obj</file>
         <name>emac.obj</name>
      </input_file>
      <input_file id="fl-16">
         <path>.\HALCoGen-TMS570LS12x\source\</path>
         <kind>object</kind>
         <file>dabort.obj</file>
         <name>dabort.obj</name>
      </input_file>
      <input_file id="fl-17">
         <path>.\example\hdk\src\</path>
         <kind>object</kind>
         <file>lwip_main.obj</file>
         <name>lwip_main.obj</name>
      </input_file>
      <input_file id="fl-18">
         <path>.\lwip-1.4.1\apps\httpserver_raw\</path>
         <kind>object</kind>
         <file>httpd.obj</file>
         <name>httpd.obj</name>
      </input_file>
      <input_file id="fl-19">
         <path>.\lwip-1.4.1\apps\httpserver_raw\</path>
         <kind>object</kind>
         <file>fs.obj</file>
         <name>fs.obj</name>
      </input_file>
      <input_file id="fl-1a">
         <path>.\lwip-1.4.1\ports\hdk\</path>
         <kind>object</kind>
         <file>lwiplib.obj</file>
         <name>lwiplib.obj</name>
      </input_file>
      <input_file id="fl-1b">
         <path>.\lwip-1.4.1\src\core\</path>
         <kind>object</kind>
         <file>timers.obj</file>
         <name>timers.obj</name>
      </input_file>
      <input_file id="fl-1c">
         <path>.\lwip-1.4.1\src\core\</path>
         <kind>object</kind>
         <file>def.obj</file>
         <name>def.obj</name>
      </input_file>
      <input_file id="fl-1d">
         <path>.\lwip-1.4.1\src\netif\</path>
         <kind>object</kind>
         <file>ethernetif.obj</file>
         <name>ethernetif.obj</name>
      </input_file>
      <input_file id="fl-21">
         <path>c:\ti\ccsv6\tools\compiler\arm_5.1.6\lib\</path>
         <kind>archive</kind>
         <file>rtsv7R4_T_be_v3D16_eabi.lib</file>
         <name>auto_init.obj</name>
      </input_file>
      <input_file id="fl-22">
         <path>c:\ti\ccsv6\tools\compiler\arm_5.1.6\lib\</path>
         <kind>archive</kind>
         <file>rtsv7R4_T_be_v3D16_eabi.lib</file>
         <name>copy_decompress_none.obj</name>
      </input_file>
      <input_file id="fl-23">
         <path>c:\ti\ccsv6\tools\compiler\arm_5.1.6\lib\</path>
         <kind>archive</kind>
         <file>rtsv7R4_T_be_v3D16_eabi.lib</file>
         <name>copy_decompress_rle.obj</name>
      </input_file>
      <input_file id="fl-24">
         <path>c:\ti\ccsv6\tools\compiler\arm_5.1.6\lib\</path>
         <kind>archive</kind>
         <file>rtsv7R4_T_be_v3D16_eabi.lib</file>
         <name>copy_zero_init.obj</name>
      </input_file>
      <input_file id="fl-25">
         <path>c:\ti\ccsv6\tools\compiler\arm_5.1.6\lib\</path>
         <kind>archive</kind>
         <file>rtsv7R4_T_be_v3D16_eabi.lib</file>
         <name>cpy_tbl.obj</name>
      </input_file>
      <input_file id="fl-26">
         <path>c:\ti\ccsv6\tools\compiler\arm_5.1.6\lib\</path>
         <kind>archive</kind>
         <file>rtsv7R4_T_be_v3D16_eabi.lib</file>
         <name>exit.obj</name>
      </input_file>
      <input_file id="fl-27">
         <path>c:\ti\ccsv6\tools\compiler\arm_5.1.6\lib\</path>
         <kind>archive</kind>
         <file>rtsv7R4_T_be_v3D16_eabi.lib</file>
         <name>i_div32.obj</name>
      </input_file>
      <input_file id="fl-28">
         <path>c:\ti\ccsv6\tools\compiler\arm_5.1.6\lib\</path>
         <kind>archive</kind>
         <file>rtsv7R4_T_be_v3D16_eabi.lib</file>
         <name>memcmp.obj</name>
      </input_file>
      <input_file id="fl-29">
         <path>c:\ti\ccsv6\tools\compiler\arm_5.1.6\lib\</path>
         <kind>archive</kind>
         <file>rtsv7R4_T_be_v3D16_eabi.lib</file>
         <name>memcpy_t2.obj</name>
      </input_file>
      <input_file id="fl-2a">
         <path>c:\ti\ccsv6\tools\compiler\arm_5.1.6\lib\</path>
         <kind>archive</kind>
         <file>rtsv7R4_T_be_v3D16_eabi.lib</file>
         <name>memset_t2.obj</name>
      </input_file>
      <input_file id="fl-2b">
         <path>c:\ti\ccsv6\tools\compiler\arm_5.1.6\lib\</path>
         <kind>archive</kind>
         <file>rtsv7R4_T_be_v3D16_eabi.lib</file>
         <name>strchr.obj</name>
      </input_file>
      <input_file id="fl-2c">
         <path>c:\ti\ccsv6\tools\compiler\arm_5.1.6\lib\</path>
         <kind>archive</kind>
         <file>rtsv7R4_T_be_v3D16_eabi.lib</file>
         <name>strcmp.obj</name>
      </input_file>
      <input_file id="fl-2d">
         <path>c:\ti\ccsv6\tools\compiler\arm_5.1.6\lib\</path>
         <kind>archive</kind>
         <file>rtsv7R4_T_be_v3D16_eabi.lib</file>
         <name>strlen.obj</name>
      </input_file>
      <input_file id="fl-2e">
         <path>c:\ti\ccsv6\tools\compiler\arm_5.1.6\lib\</path>
         <kind>archive</kind>
         <file>rtsv7R4_T_be_v3D16_eabi.lib</file>
         <name>strncmp.obj</name>
      </input_file>
      <input_file id="fl-2f">
         <path>c:\ti\ccsv6\tools\compiler\arm_5.1.6\lib\</path>
         <kind>archive</kind>
         <file>rtsv7R4_T_be_v3D16_eabi.lib</file>
         <name>u_div32.obj</name>
      </input_file>
      <input_file id="fl-30">
         <path>c:\ti\ccsv6\tools\compiler\arm_5.1.6\lib\</path>
         <kind>archive</kind>
         <file>rtsv7R4_T_be_v3D16_eabi.lib</file>
         <name>_lock.obj</name>
      </input_file>
   </input_file_list>
   <object_component_list>
      <object_component id="oc-38">
         <name>.intvecs</name>
         <load_address>0x0</load_address>
         <run_address>0x0</run_address>
         <size>0x20</size>
         <input_file_ref idref="fl-c"/>
      </object_component>
      <object_component id="oc-c5">
         <name>.text</name>
         <load_address>0x41a54</load_address>
         <run_address>0x41a54</run_address>
         <size>0x104ac</size>
         <input_file_ref idref="fl-1a"/>
      </object_component>
      <object_component id="oc-5a">
         <name>.text</name>
         <load_address>0x51f00</load_address>
         <run_address>0x51f00</run_address>
         <size>0x2d84</size>
         <input_file_ref idref="fl-5"/>
      </object_component>
      <object_component id="oc-ba">
         <name>.text</name>
         <load_address>0x54c84</load_address>
         <run_address>0x54c84</run_address>
         <size>0x1788</size>
         <input_file_ref idref="fl-15"/>
      </object_component>
      <object_component id="oc-295">
         <name>.text</name>
         <load_address>0x5640c</load_address>
         <run_address>0x5640c</run_address>
         <size>0xf38</size>
         <input_file_ref idref="fl-18"/>
      </object_component>
      <object_component id="oc-54">
         <name>.text</name>
         <load_address>0x57344</load_address>
         <run_address>0x57344</run_address>
         <size>0xb30</size>
         <input_file_ref idref="fl-2"/>
      </object_component>
      <object_component id="oc-24">
         <name>.text</name>
         <load_address>0x57e74</load_address>
         <run_address>0x57e74</run_address>
         <size>0xa4c</size>
         <input_file_ref idref="fl-3"/>
      </object_component>
      <object_component id="oc-d0">
         <name>.text</name>
         <load_address>0x588c0</load_address>
         <run_address>0x588c0</run_address>
         <size>0x91c</size>
         <input_file_ref idref="fl-10"/>
      </object_component>
      <object_component id="oc-28f">
         <name>.text</name>
         <load_address>0x591dc</load_address>
         <run_address>0x591dc</run_address>
         <size>0x75c</size>
         <input_file_ref idref="fl-f"/>
      </object_component>
      <object_component id="oc-14e">
         <name>.text</name>
         <load_address>0x59938</load_address>
         <run_address>0x59938</run_address>
         <size>0x710</size>
         <input_file_ref idref="fl-11"/>
      </object_component>
      <object_component id="oc-60">
         <name>.text</name>
         <load_address>0x5a048</load_address>
         <run_address>0x5a048</run_address>
         <size>0x634</size>
         <input_file_ref idref="fl-14"/>
      </object_component>
      <object_component id="oc-ed">
         <name>.text</name>
         <load_address>0x5a67c</load_address>
         <run_address>0x5a67c</run_address>
         <size>0x5fc</size>
         <input_file_ref idref="fl-17"/>
      </object_component>
      <object_component id="oc-185">
         <name>.text</name>
         <load_address>0x5ac78</load_address>
         <run_address>0x5ac78</run_address>
         <size>0x528</size>
         <input_file_ref idref="fl-1b"/>
      </object_component>
      <object_component id="oc-4f">
         <name>.text</name>
         <load_address>0x5b1a0</load_address>
         <run_address>0x5b1a0</run_address>
         <size>0x3c4</size>
         <input_file_ref idref="fl-e"/>
      </object_component>
      <object_component id="oc-23">
         <name>.text:retain</name>
         <load_address>0x5b564</load_address>
         <run_address>0x5b564</run_address>
         <size>0x2d4</size>
         <input_file_ref idref="fl-3"/>
      </object_component>
      <object_component id="oc-b">
         <name>.text:retain</name>
         <load_address>0x5b838</load_address>
         <run_address>0x5b838</run_address>
         <size>0x270</size>
         <input_file_ref idref="fl-4"/>
      </object_component>
      <object_component id="oc-154">
         <name>.text</name>
         <load_address>0x5baa8</load_address>
         <run_address>0x5baa8</run_address>
         <size>0x1c4</size>
         <input_file_ref idref="fl-13"/>
      </object_component>
      <object_component id="oc-3d">
         <name>.text:retain</name>
         <load_address>0x5bc6c</load_address>
         <run_address>0x5bc6c</run_address>
         <size>0x158</size>
         <input_file_ref idref="fl-14"/>
      </object_component>
      <object_component id="oc-d8">
         <name>.text</name>
         <load_address>0x5bdc4</load_address>
         <run_address>0x5bdc4</run_address>
         <size>0x114</size>
         <input_file_ref idref="fl-6"/>
      </object_component>
      <object_component id="oc-34e">
         <name>.text</name>
         <load_address>0x5bed8</load_address>
         <run_address>0x5bed8</run_address>
         <size>0x104</size>
         <input_file_ref idref="fl-19"/>
      </object_component>
      <object_component id="oc-b3">
         <name>.text</name>
         <load_address>0x5bfdc</load_address>
         <run_address>0x5bfdc</run_address>
         <size>0xe8</size>
         <input_file_ref idref="fl-16"/>
      </object_component>
      <object_component id="oc-43">
         <name>.text:retain</name>
         <load_address>0x5c0c4</load_address>
         <run_address>0x5c0c4</run_address>
         <size>0xcc</size>
         <input_file_ref idref="fl-15"/>
      </object_component>
      <object_component id="oc-98">
         <name>.text</name>
         <load_address>0x5c190</load_address>
         <run_address>0x5c190</run_address>
         <size>0xa0</size>
         <input_file_ref idref="fl-12"/>
      </object_component>
      <object_component id="oc-49">
         <name>.text:retain</name>
         <load_address>0x5c230</load_address>
         <run_address>0x5c230</run_address>
         <size>0xa0</size>
         <input_file_ref idref="fl-17"/>
      </object_component>
      <object_component id="oc-78">
         <name>.text</name>
         <load_address>0x5c2d0</load_address>
         <run_address>0x5c2d0</run_address>
         <size>0x9c</size>
         <input_file_ref idref="fl-29"/>
      </object_component>
      <object_component id="oc-66">
         <name>.text</name>
         <load_address>0x5c36c</load_address>
         <run_address>0x5c36c</run_address>
         <size>0x94</size>
         <input_file_ref idref="fl-21"/>
      </object_component>
      <object_component id="oc-16c">
         <name>.text</name>
         <load_address>0x5c400</load_address>
         <run_address>0x5c400</run_address>
         <size>0x78</size>
         <input_file_ref idref="fl-2a"/>
      </object_component>
      <object_component id="oc-8b">
         <name>.text</name>
         <load_address>0x5c478</load_address>
         <run_address>0x5c478</run_address>
         <size>0x60</size>
         <input_file_ref idref="fl-23"/>
      </object_component>
      <object_component id="oc-167">
         <name>.text</name>
         <load_address>0x5c4d8</load_address>
         <run_address>0x5c4d8</run_address>
         <size>0x58</size>
         <input_file_ref idref="fl-27"/>
      </object_component>
      <object_component id="oc-171">
         <name>.text</name>
         <load_address>0x5c530</load_address>
         <run_address>0x5c530</run_address>
         <size>0x54</size>
         <input_file_ref idref="fl-2f"/>
      </object_component>
      <object_component id="oc-e6">
         <name>.text</name>
         <load_address>0x5c584</load_address>
         <run_address>0x5c584</run_address>
         <size>0x48</size>
         <input_file_ref idref="fl-25"/>
      </object_component>
      <object_component id="oc-71">
         <name>.text</name>
         <load_address>0x5c5cc</load_address>
         <run_address>0x5c5cc</run_address>
         <size>0x44</size>
         <input_file_ref idref="fl-26"/>
      </object_component>
      <object_component id="oc-348">
         <name>.text</name>
         <load_address>0x5c610</load_address>
         <run_address>0x5c610</run_address>
         <size>0x26</size>
         <input_file_ref idref="fl-2e"/>
      </object_component>
      <object_component id="oc-1e7">
         <name>.text</name>
         <load_address>0x5c636</load_address>
         <run_address>0x5c636</run_address>
         <size>0x22</size>
         <input_file_ref idref="fl-28"/>
      </object_component>
      <object_component id="oc-385">
         <name>.text</name>
         <load_address>0x5c658</load_address>
         <run_address>0x5c658</run_address>
         <size>0x18</size>
         <input_file_ref idref="fl-2c"/>
      </object_component>
      <object_component id="oc-354">
         <name>.text</name>
         <load_address>0x5c670</load_address>
         <run_address>0x5c670</run_address>
         <size>0x16</size>
         <input_file_ref idref="fl-2b"/>
      </object_component>
      <object_component id="oc-1a3">
         <name>.text</name>
         <load_address>0x5c686</load_address>
         <run_address>0x5c686</run_address>
         <size>0x16</size>
         <input_file_ref idref="fl-2d"/>
      </object_component>
      <object_component id="oc-2a9">
         <name>.text</name>
         <load_address>0x5c69c</load_address>
         <run_address>0x5c69c</run_address>
         <size>0x14</size>
         <input_file_ref idref="fl-30"/>
      </object_component>
      <object_component id="oc-6b">
         <name>.text</name>
         <load_address>0x5c6b0</load_address>
         <run_address>0x5c6b0</run_address>
         <size>0x14</size>
         <input_file_ref idref="fl-b"/>
      </object_component>
      <object_component id="oc-17">
         <name>.text:decompress:ZI</name>
         <load_address>0x5c6c4</load_address>
         <run_address>0x5c6c4</run_address>
         <size>0x12</size>
         <input_file_ref idref="fl-24"/>
      </object_component>
      <object_component id="oc-11">
         <name>.text:decompress:none</name>
         <load_address>0x5c6d6</load_address>
         <run_address>0x5c6d6</run_address>
         <size>0xe</size>
         <input_file_ref idref="fl-22"/>
      </object_component>
      <object_component id="oc-1d">
         <name>.text:decompress:rle24</name>
         <load_address>0x5c6e4</load_address>
         <run_address>0x5c6e4</run_address>
         <size>0x6</size>
         <input_file_ref idref="fl-23"/>
      </object_component>
      <object_component id="oc-2f">
         <name>.text:retain</name>
         <load_address>0x5c6ec</load_address>
         <run_address>0x5c6ec</run_address>
         <size>0x4</size>
         <input_file_ref idref="fl-8"/>
      </object_component>
      <object_component id="oc-3b0">
         <name>.const:.string:data_img_Hercules_block_diagram_gif</name>
         <load_address>0x20</load_address>
         <run_address>0x20</run_address>
         <size>0x363f5</size>
         <input_file_ref idref="fl-19"/>
      </object_component>
      <object_component id="oc-3b6">
         <name>.const:.string:data_index_html</name>
         <load_address>0x36415</load_address>
         <run_address>0x36415</run_address>
         <size>0x7127</size>
         <input_file_ref idref="fl-19"/>
      </object_component>
      <object_component id="oc-3b9">
         <name>.const:.string:data_main_css</name>
         <load_address>0x3d53c</load_address>
         <run_address>0x3d53c</run_address>
         <size>0x293b</size>
         <input_file_ref idref="fl-19"/>
      </object_component>
      <object_component id="oc-3b3">
         <name>.const:.string:data_img_ti_logo_gif</name>
         <load_address>0x3fe77</load_address>
         <run_address>0x3fe77</run_address>
         <size>0xd4b</size>
         <input_file_ref idref="fl-19"/>
      </object_component>
      <object_component id="oc-3ad">
         <name>.const:.string:data_IE60Fixes_css</name>
         <load_address>0x40bc2</load_address>
         <run_address>0x40bc2</run_address>
         <size>0x777</size>
         <input_file_ref idref="fl-19"/>
      </object_component>
      <object_component id="oc-3a7">
         <name>.const:.string:data_404_html</name>
         <load_address>0x41339</load_address>
         <run_address>0x41339</run_address>
         <size>0x289</size>
         <input_file_ref idref="fl-19"/>
      </object_component>
      <object_component id="oc-30">
         <name>.const:s_vim_init</name>
         <load_address>0x415c4</load_address>
         <run_address>0x415c4</run_address>
         <size>0x200</size>
         <input_file_ref idref="fl-3"/>
      </object_component>
      <object_component id="oc-3aa">
         <name>.const:.string:data_BreadCrumbs_css</name>
         <load_address>0x417c4</load_address>
         <run_address>0x417c4</run_address>
         <size>0xa0</size>
         <input_file_ref idref="fl-19"/>
      </object_component>
      <object_component id="oc-1b5">
         <name>.const:.string</name>
         <load_address>0x41864</load_address>
         <run_address>0x41864</run_address>
         <size>0x8c</size>
         <input_file_ref idref="fl-1a"/>
      </object_component>
      <object_component id="oc-38b">
         <name>.const</name>
         <load_address>0x418f0</load_address>
         <run_address>0x418f0</run_address>
         <size>0x8c</size>
         <input_file_ref idref="fl-19"/>
      </object_component>
      <object_component id="oc-176">
         <name>.const</name>
         <load_address>0x4197c</load_address>
         <run_address>0x4197c</run_address>
         <size>0x44</size>
         <input_file_ref idref="fl-1a"/>
      </object_component>
      <object_component id="oc-394">
         <name>.const:.string</name>
         <load_address>0x419c0</load_address>
         <run_address>0x419c0</run_address>
         <size>0x40</size>
         <input_file_ref idref="fl-18"/>
      </object_component>
      <object_component id="oc-1b9">
         <name>.const:tcp_state_str</name>
         <load_address>0x41a00</load_address>
         <run_address>0x41a00</run_address>
         <size>0x2c</size>
         <input_file_ref idref="fl-1a"/>
      </object_component>
      <object_component id="oc-35d">
         <name>.const:g_psDefaultFilenames</name>
         <load_address>0x41a2c</load_address>
         <run_address>0x41a2c</run_address>
         <size>0x28</size>
         <input_file_ref idref="fl-18"/>
      </object_component>
      <object_component id="oc-3f3">
         <name>.cinit..data.load</name>
         <load_address>0x5c6f0</load_address>
         <run_address>0x5c6f0</run_address>
         <size>0x191</size>
      </object_component>
      <object_component id="oc-3f0">
         <name>__TI_handler_table</name>
         <load_address>0x5c884</load_address>
         <run_address>0x5c884</run_address>
         <size>0xc</size>
      </object_component>
      <object_component id="oc-3f2">
         <name>.cinit..bss.load</name>
         <load_address>0x5c890</load_address>
         <run_address>0x5c890</run_address>
         <size>0x8</size>
      </object_component>
      <object_component id="oc-3f1">
         <name>__TI_cinit_table</name>
         <load_address>0x5c898</load_address>
         <run_address>0x5c898</run_address>
         <size>0x10</size>
      </object_component>
      <object_component id="oc-c0">
         <name>.bss:hdkif_data</name>
         <uninitialized>true</uninitialized>
         <run_address>0x8014418</run_address>
         <size>0x3c</size>
         <input_file_ref idref="fl-15"/>
      </object_component>
      <object_component id="oc-15a">
         <name>.bss:pbuf_array</name>
         <uninitialized>true</uninitialized>
         <run_address>0x80102a8</run_address>
         <size>0x3b24</size>
         <input_file_ref idref="fl-15"/>
      </object_component>
      <object_component id="oc-17c">
         <name>.bss:dhcp_rx_options_val</name>
         <uninitialized>true</uninitialized>
         <run_address>0x8014488</run_address>
         <size>0x28</size>
         <input_file_ref idref="fl-1a"/>
      </object_component>
      <object_component id="oc-193">
         <name>.bss:ram_heap</name>
         <uninitialized>true</uninitialized>
         <run_address>0x8001500</run_address>
         <size>0x7814</size>
         <input_file_ref idref="fl-1a"/>
      </object_component>
      <object_component id="oc-196">
         <name>.bss:lwip_stats</name>
         <uninitialized>true</uninitialized>
         <run_address>0x80141cc</run_address>
         <size>0xea</size>
         <input_file_ref idref="fl-1a"/>
      </object_component>
      <object_component id="oc-199">
         <name>.bss:memp_memory</name>
         <uninitialized>true</uninitialized>
         <run_address>0x8008d14</run_address>
         <size>0x7594</size>
         <input_file_ref idref="fl-1a"/>
      </object_component>
      <object_component id="oc-1e4">
         <name>.bss:arp_table</name>
         <uninitialized>true</uninitialized>
         <run_address>0x80142b8</run_address>
         <size>0xc8</size>
         <input_file_ref idref="fl-1a"/>
      </object_component>
      <object_component id="oc-1ee">
         <name>.bss:hdkif_data</name>
         <uninitialized>true</uninitialized>
         <run_address>0x80143d4</run_address>
         <size>0x44</size>
         <input_file_ref idref="fl-1a"/>
      </object_component>
      <object_component id="oc-1f7">
         <name>.bss:locatorData</name>
         <uninitialized>true</uninitialized>
         <run_address>0x8014380</run_address>
         <size>0x54</size>
         <input_file_ref idref="fl-1a"/>
      </object_component>
      <object_component id="oc-1fa">
         <name>.bss:hdkNetIF</name>
         <uninitialized>true</uninitialized>
         <run_address>0x8014454</run_address>
         <size>0x34</size>
         <input_file_ref idref="fl-1a"/>
      </object_component>
      <object_component id="oc-343">
         <name>.bss:g_sciTransfer_t</name>
         <uninitialized>true</uninitialized>
         <run_address>0x80144b0</run_address>
         <size>0x28</size>
         <input_file_ref idref="fl-f"/>
      </object_component>
      <object_component id="oc-35a">
         <name>.bss:httpd_req_buf</name>
         <uninitialized>true</uninitialized>
         <run_address>0x8013dcc</run_address>
         <size>0x400</size>
         <input_file_ref idref="fl-18"/>
      </object_component>
      <object_component id="oc-29b">
         <name>.common:delayval$1</name>
         <uninitialized>true</uninitialized>
         <run_address>0x8014538</run_address>
         <size>0x4</size>
      </object_component>
      <object_component id="oc-29f">
         <name>.common:txtIPAddrItoA</name>
         <uninitialized>true</uninitialized>
         <run_address>0x801458c</run_address>
         <size>0x4</size>
      </object_component>
      <object_component id="oc-190">
         <name>.common:ram</name>
         <uninitialized>true</uninitialized>
         <run_address>0x8014550</run_address>
         <size>0x4</size>
      </object_component>
      <object_component id="oc-191">
         <name>.common:ram_end</name>
         <uninitialized>true</uninitialized>
         <run_address>0x8014554</run_address>
         <size>0x4</size>
      </object_component>
      <object_component id="oc-192">
         <name>.common:lfree</name>
         <uninitialized>true</uninitialized>
         <run_address>0x8014540</run_address>
         <size>0x4</size>
      </object_component>
      <object_component id="oc-19c">
         <name>.common:memp_tab</name>
         <uninitialized>true</uninitialized>
         <run_address>0x80144d8</run_address>
         <size>0x20</size>
      </object_component>
      <object_component id="oc-19d">
         <name>.common:netif_num</name>
         <uninitialized>true</uninitialized>
         <run_address>0x8014598</run_address>
         <size>0x1</size>
      </object_component>
      <object_component id="oc-1a9">
         <name>.common:raw_pcbs</name>
         <uninitialized>true</uninitialized>
         <run_address>0x8014558</run_address>
         <size>0x4</size>
      </object_component>
      <object_component id="oc-1ac">
         <name>.common:tcp_timer</name>
         <uninitialized>true</uninitialized>
         <run_address>0x801459c</run_address>
         <size>0x1</size>
      </object_component>
      <object_component id="oc-1b4">
         <name>.common:tcp_timer_ctr</name>
         <uninitialized>true</uninitialized>
         <run_address>0x801459d</run_address>
         <size>0x1</size>
      </object_component>
      <object_component id="oc-1d7">
         <name>.common:inseg</name>
         <uninitialized>true</uninitialized>
         <run_address>0x80144f8</run_address>
         <size>0x10</size>
      </object_component>
      <object_component id="oc-1d8">
         <name>.common:tcphdr</name>
         <uninitialized>true</uninitialized>
         <run_address>0x8014580</run_address>
         <size>0x4</size>
      </object_component>
      <object_component id="oc-1bc">
         <name>.common:iphdr</name>
         <uninitialized>true</uninitialized>
         <run_address>0x801453c</run_address>
         <size>0x4</size>
      </object_component>
      <object_component id="oc-1d1">
         <name>.common:seqno</name>
         <uninitialized>true</uninitialized>
         <run_address>0x8014560</run_address>
         <size>0x4</size>
      </object_component>
      <object_component id="oc-1cf">
         <name>.common:ackno</name>
         <uninitialized>true</uninitialized>
         <run_address>0x8014524</run_address>
         <size>0x4</size>
      </object_component>
      <object_component id="oc-1c0">
         <name>.common:flags</name>
         <uninitialized>true</uninitialized>
         <run_address>0x8014597</run_address>
         <size>0x1</size>
      </object_component>
      <object_component id="oc-1d0">
         <name>.common:tcplen</name>
         <uninitialized>true</uninitialized>
         <run_address>0x8014594</run_address>
         <size>0x2</size>
      </object_component>
      <object_component id="oc-1d6">
         <name>.common:recv_flags</name>
         <uninitialized>true</uninitialized>
         <run_address>0x801459a</run_address>
         <size>0x1</size>
      </object_component>
      <object_component id="oc-1d5">
         <name>.common:recv_data</name>
         <uninitialized>true</uninitialized>
         <run_address>0x801455c</run_address>
         <size>0x4</size>
      </object_component>
      <object_component id="oc-1e2">
         <name>.common:ip_id</name>
         <uninitialized>true</uninitialized>
         <run_address>0x80142b6</run_address>
         <size>0x2</size>
      </object_component>
      <object_component id="oc-1ed">
         <name>.common:etharp_cached_entry</name>
         <uninitialized>true</uninitialized>
         <run_address>0x8014596</run_address>
         <size>0x1</size>
      </object_component>
      <object_component id="oc-1e3">
         <name>.common:str$3</name>
         <uninitialized>true</uninitialized>
         <run_address>0x8014508</run_address>
         <size>0x10</size>
      </object_component>
      <object_component id="oc-18c">
         <name>.common:dhcp_rx_options_given</name>
         <uninitialized>true</uninitialized>
         <run_address>0x8014518</run_address>
         <size>0xc</size>
      </object_component>
      <object_component id="oc-1de">
         <name>.common:netif_list</name>
         <uninitialized>true</uninitialized>
         <run_address>0x8014548</run_address>
         <size>0x4</size>
      </object_component>
      <object_component id="oc-1df">
         <name>.common:netif_default</name>
         <uninitialized>true</uninitialized>
         <run_address>0x8014544</run_address>
         <size>0x4</size>
      </object_component>
      <object_component id="oc-30b">
         <name>.common:pbuf_free_ooseq_pending</name>
         <uninitialized>true</uninitialized>
         <run_address>0x8014599</run_address>
         <size>0x1</size>
      </object_component>
      <object_component id="oc-1da">
         <name>.common:tcp_ticks</name>
         <uninitialized>true</uninitialized>
         <run_address>0x8014574</run_address>
         <size>0x4</size>
      </object_component>
      <object_component id="oc-2d3">
         <name>.common:tcp_bound_pcbs</name>
         <uninitialized>true</uninitialized>
         <run_address>0x8014568</run_address>
         <size>0x4</size>
      </object_component>
      <object_component id="oc-2d2">
         <name>.common:tcp_listen_pcbs</name>
         <uninitialized>true</uninitialized>
         <run_address>0x8014570</run_address>
         <size>0x4</size>
      </object_component>
      <object_component id="oc-304">
         <name>.common:tcp_active_pcbs</name>
         <uninitialized>true</uninitialized>
         <run_address>0x8014564</run_address>
         <size>0x4</size>
      </object_component>
      <object_component id="oc-305">
         <name>.common:tcp_tw_pcbs</name>
         <uninitialized>true</uninitialized>
         <run_address>0x801457c</run_address>
         <size>0x4</size>
      </object_component>
      <object_component id="oc-1b8">
         <name>.common:tcp_tmp_pcb</name>
         <uninitialized>true</uninitialized>
         <run_address>0x8014578</run_address>
         <size>0x4</size>
      </object_component>
      <object_component id="oc-1cd">
         <name>.common:tcp_active_pcbs_changed</name>
         <uninitialized>true</uninitialized>
         <run_address>0x801459b</run_address>
         <size>0x1</size>
      </object_component>
      <object_component id="oc-1d9">
         <name>.common:tcp_input_pcb</name>
         <uninitialized>true</uninitialized>
         <run_address>0x801456c</run_address>
         <size>0x4</size>
      </object_component>
      <object_component id="oc-1db">
         <name>.common:udp_pcbs</name>
         <uninitialized>true</uninitialized>
         <run_address>0x8014590</run_address>
         <size>0x4</size>
      </object_component>
      <object_component id="oc-1e0">
         <name>.common:current_netif</name>
         <uninitialized>true</uninitialized>
         <run_address>0x8014534</run_address>
         <size>0x4</size>
      </object_component>
      <object_component id="oc-1e1">
         <name>.common:current_header</name>
         <uninitialized>true</uninitialized>
         <run_address>0x8014528</run_address>
         <size>0x4</size>
      </object_component>
      <object_component id="oc-1dd">
         <name>.common:current_iphdr_src</name>
         <uninitialized>true</uninitialized>
         <run_address>0x8014530</run_address>
         <size>0x4</size>
      </object_component>
      <object_component id="oc-1dc">
         <name>.common:current_iphdr_dest</name>
         <uninitialized>true</uninitialized>
         <run_address>0x801452c</run_address>
         <size>0x4</size>
      </object_component>
      <object_component id="oc-30a">
         <name>.common:next_timeout</name>
         <uninitialized>true</uninitialized>
         <run_address>0x801454c</run_address>
         <size>0x4</size>
      </object_component>
      <object_component id="oc-309">
         <name>.common:timeouts_last_time</name>
         <uninitialized>true</uninitialized>
         <run_address>0x8014588</run_address>
         <size>0x4</size>
      </object_component>
      <object_component id="oc-306">
         <name>.common:tcpip_tcp_timer_active</name>
         <uninitialized>true</uninitialized>
         <run_address>0x8014584</run_address>
         <size>0x4</size>
      </object_component>
      <object_component id="oc-cb">
         <name>.data</name>
         <load_address>0x80145a0</load_address>
         <run_address>0x80145a0</run_address>
         <size>0xb0</size>
         <input_file_ref idref="fl-17"/>
      </object_component>
      <object_component id="oc-f3">
         <name>.data</name>
         <load_address>0x8014728</load_address>
         <run_address>0x8014728</run_address>
         <size>0xc</size>
         <input_file_ref idref="fl-b"/>
      </object_component>
      <object_component id="oc-f7">
         <name>.data</name>
         <load_address>0x8014734</load_address>
         <run_address>0x8014734</run_address>
         <size>0x8</size>
         <input_file_ref idref="fl-30"/>
      </object_component>
      <object_component id="oc-fa">
         <name>.data</name>
         <load_address>0x801473c</load_address>
         <run_address>0x801473c</run_address>
         <size>0x8</size>
         <input_file_ref idref="fl-26"/>
      </object_component>
      <object_component id="oc-18d">
         <name>.data</name>
         <load_address>0x8014650</load_address>
         <run_address>0x8014650</run_address>
         <size>0x60</size>
         <input_file_ref idref="fl-1a"/>
      </object_component>
      <object_component id="oc-1f1">
         <name>.data:txtPhyGetAlSts</name>
         <load_address>0x80146de</load_address>
         <run_address>0x80146de</run_address>
         <size>0x25</size>
         <input_file_ref idref="fl-1a"/>
      </object_component>
      <object_component id="oc-1f4">
         <name>.data:txtPhyGetLnkSts</name>
         <load_address>0x8014703</load_address>
         <run_address>0x8014703</run_address>
         <size>0x24</size>
         <input_file_ref idref="fl-1a"/>
      </object_component>
      <object_component id="oc-29c">
         <name>.data:txtErrorInit</name>
         <load_address>0x80146b0</load_address>
         <run_address>0x80146b0</run_address>
         <size>0x2e</size>
         <input_file_ref idref="fl-17"/>
      </object_component>
      <object_component id="oc-c">
         <name>.debug_info</name>
         <load_address>0x0</load_address>
         <run_address>0x0</run_address>
         <size>0x6dd</size>
         <input_file_ref idref="fl-4"/>
      </object_component>
      <object_component id="oc-15">
         <name>.debug_info</name>
         <load_address>0x6dd</load_address>
         <run_address>0x6dd</run_address>
         <size>0x194</size>
         <input_file_ref idref="fl-22"/>
      </object_component>
      <object_component id="oc-1a">
         <name>.debug_info</name>
         <load_address>0x871</load_address>
         <run_address>0x871</run_address>
         <size>0x16a</size>
         <input_file_ref idref="fl-24"/>
      </object_component>
      <object_component id="oc-20">
         <name>.debug_info</name>
         <load_address>0x9db</load_address>
         <run_address>0x9db</run_address>
         <size>0x18e</size>
         <input_file_ref idref="fl-23"/>
      </object_component>
      <object_component id="oc-25">
         <name>.debug_info</name>
         <load_address>0xb69</load_address>
         <run_address>0xb69</run_address>
         <size>0x8ec</size>
         <input_file_ref idref="fl-3"/>
      </object_component>
      <object_component id="oc-2a">
         <name>.debug_info</name>
         <load_address>0x1455</load_address>
         <run_address>0x1455</run_address>
         <size>0x355</size>
         <input_file_ref idref="fl-3"/>
      </object_component>
      <object_component id="oc-31">
         <name>.debug_info</name>
         <load_address>0x17aa</load_address>
         <run_address>0x17aa</run_address>
         <size>0x172</size>
         <input_file_ref idref="fl-3"/>
      </object_component>
      <object_component id="oc-33">
         <name>.debug_info</name>
         <load_address>0x191c</load_address>
         <run_address>0x191c</run_address>
         <size>0x292</size>
         <input_file_ref idref="fl-8"/>
      </object_component>
      <object_component id="oc-39">
         <name>.debug_info</name>
         <load_address>0x1bae</load_address>
         <run_address>0x1bae</run_address>
         <size>0x202</size>
         <input_file_ref idref="fl-c"/>
      </object_component>
      <object_component id="oc-3e">
         <name>.debug_info</name>
         <load_address>0x1db0</load_address>
         <run_address>0x1db0</run_address>
         <size>0x2fd</size>
         <input_file_ref idref="fl-14"/>
      </object_component>
      <object_component id="oc-44">
         <name>.debug_info</name>
         <load_address>0x20ad</load_address>
         <run_address>0x20ad</run_address>
         <size>0x44a</size>
         <input_file_ref idref="fl-15"/>
      </object_component>
      <object_component id="oc-4a">
         <name>.debug_info</name>
         <load_address>0x24f7</load_address>
         <run_address>0x24f7</run_address>
         <size>0x36e</size>
         <input_file_ref idref="fl-17"/>
      </object_component>
      <object_component id="oc-50">
         <name>.debug_info</name>
         <load_address>0x2865</load_address>
         <run_address>0x2865</run_address>
         <size>0x14e3</size>
         <input_file_ref idref="fl-e"/>
      </object_component>
      <object_component id="oc-55">
         <name>.debug_info</name>
         <load_address>0x3d48</load_address>
         <run_address>0x3d48</run_address>
         <size>0xf93</size>
         <input_file_ref idref="fl-2"/>
      </object_component>
      <object_component id="oc-5b">
         <name>.debug_info</name>
         <load_address>0x4cdb</load_address>
         <run_address>0x4cdb</run_address>
         <size>0x5994</size>
         <input_file_ref idref="fl-5"/>
      </object_component>
      <object_component id="oc-61">
         <name>.debug_info</name>
         <load_address>0xa66f</load_address>
         <run_address>0xa66f</run_address>
         <size>0x1943</size>
         <input_file_ref idref="fl-14"/>
      </object_component>
      <object_component id="oc-68">
         <name>.debug_info</name>
         <load_address>0xbfb2</load_address>
         <run_address>0xbfb2</run_address>
         <size>0x13d</size>
         <input_file_ref idref="fl-21"/>
      </object_component>
      <object_component id="oc-6c">
         <name>.debug_info</name>
         <load_address>0xc0ef</load_address>
         <run_address>0xc0ef</run_address>
         <size>0x285</size>
         <input_file_ref idref="fl-b"/>
      </object_component>
      <object_component id="oc-74">
         <name>.debug_info</name>
         <load_address>0xc374</load_address>
         <run_address>0xc374</run_address>
         <size>0x1c2</size>
         <input_file_ref idref="fl-26"/>
      </object_component>
      <object_component id="oc-7a">
         <name>.debug_info</name>
         <load_address>0xc536</load_address>
         <run_address>0xc536</run_address>
         <size>0xcc</size>
         <input_file_ref idref="fl-29"/>
      </object_component>
      <object_component id="oc-7e">
         <name>.debug_info</name>
         <load_address>0xc602</load_address>
         <run_address>0xc602</run_address>
         <size>0x46</size>
         <input_file_ref idref="fl-22"/>
      </object_component>
      <object_component id="oc-83">
         <name>.debug_info</name>
         <load_address>0xc648</load_address>
         <run_address>0xc648</run_address>
         <size>0xf2</size>
         <input_file_ref idref="fl-22"/>
      </object_component>
      <object_component id="oc-85">
         <name>.debug_info</name>
         <load_address>0xc73a</load_address>
         <run_address>0xc73a</run_address>
         <size>0x46</size>
         <input_file_ref idref="fl-24"/>
      </object_component>
      <object_component id="oc-8a">
         <name>.debug_info</name>
         <load_address>0xc780</load_address>
         <run_address>0xc780</run_address>
         <size>0xad</size>
         <input_file_ref idref="fl-24"/>
      </object_component>
      <object_component id="oc-8c">
         <name>.debug_info</name>
         <load_address>0xc82d</load_address>
         <run_address>0xc82d</run_address>
         <size>0x1ef</size>
         <input_file_ref idref="fl-23"/>
      </object_component>
      <object_component id="oc-92">
         <name>.debug_info</name>
         <load_address>0xca1c</load_address>
         <run_address>0xca1c</run_address>
         <size>0xb7</size>
         <input_file_ref idref="fl-23"/>
      </object_component>
      <object_component id="oc-93">
         <name>.debug_info</name>
         <load_address>0xcad3</load_address>
         <run_address>0xcad3</run_address>
         <size>0x39</size>
         <input_file_ref idref="fl-23"/>
      </object_component>
      <object_component id="oc-99">
         <name>.debug_info</name>
         <load_address>0xcb0c</load_address>
         <run_address>0xcb0c</run_address>
         <size>0xe6b</size>
         <input_file_ref idref="fl-12"/>
      </object_component>
      <object_component id="oc-9f">
         <name>.debug_info</name>
         <load_address>0xd977</load_address>
         <run_address>0xd977</run_address>
         <size>0xae</size>
         <input_file_ref idref="fl-2"/>
      </object_component>
      <object_component id="oc-a4">
         <name>.debug_info</name>
         <load_address>0xda25</load_address>
         <run_address>0xda25</run_address>
         <size>0x18c</size>
         <input_file_ref idref="fl-2"/>
      </object_component>
      <object_component id="oc-a9">
         <name>.debug_info</name>
         <load_address>0xdbb1</load_address>
         <run_address>0xdbb1</run_address>
         <size>0x37b</size>
         <input_file_ref idref="fl-3"/>
      </object_component>
      <object_component id="oc-aa">
         <name>.debug_info</name>
         <load_address>0xdf2c</load_address>
         <run_address>0xdf2c</run_address>
         <size>0x86</size>
         <input_file_ref idref="fl-2"/>
      </object_component>
      <object_component id="oc-b4">
         <name>.debug_info</name>
         <load_address>0xdfb2</load_address>
         <run_address>0xdfb2</run_address>
         <size>0x1fa</size>
         <input_file_ref idref="fl-16"/>
      </object_component>
      <object_component id="oc-bb">
         <name>.debug_info</name>
         <load_address>0xe1ac</load_address>
         <run_address>0xe1ac</run_address>
         <size>0x5a8f</size>
         <input_file_ref idref="fl-15"/>
      </object_component>
      <object_component id="oc-c1">
         <name>.debug_info</name>
         <load_address>0x13c3b</load_address>
         <run_address>0x13c3b</run_address>
         <size>0x170</size>
         <input_file_ref idref="fl-15"/>
      </object_component>
      <object_component id="oc-c4">
         <name>.debug_info</name>
         <load_address>0x13dab</load_address>
         <run_address>0x13dab</run_address>
         <size>0x468</size>
         <input_file_ref idref="fl-15"/>
      </object_component>
      <object_component id="oc-c6">
         <name>.debug_info</name>
         <load_address>0x14213</load_address>
         <run_address>0x14213</run_address>
         <size>0x16b79</size>
         <input_file_ref idref="fl-1a"/>
      </object_component>
      <object_component id="oc-cc">
         <name>.debug_info</name>
         <load_address>0x2ad8c</load_address>
         <run_address>0x2ad8c</run_address>
         <size>0x2ca</size>
         <input_file_ref idref="fl-17"/>
      </object_component>
      <object_component id="oc-d1">
         <name>.debug_info</name>
         <load_address>0x2b056</load_address>
         <run_address>0x2b056</run_address>
         <size>0x407</size>
         <input_file_ref idref="fl-10"/>
      </object_component>
      <object_component id="oc-d7">
         <name>.debug_info</name>
         <load_address>0x2b45d</load_address>
         <run_address>0x2b45d</run_address>
         <size>0x404</size>
         <input_file_ref idref="fl-2"/>
      </object_component>
      <object_component id="oc-d9">
         <name>.debug_info</name>
         <load_address>0x2b861</load_address>
         <run_address>0x2b861</run_address>
         <size>0x8c1</size>
         <input_file_ref idref="fl-6"/>
      </object_component>
      <object_component id="oc-de">
         <name>.debug_info</name>
         <load_address>0x2c122</load_address>
         <run_address>0x2c122</run_address>
         <size>0x5b6</size>
         <input_file_ref idref="fl-5"/>
      </object_component>
      <object_component id="oc-e0">
         <name>.debug_info</name>
         <load_address>0x2c6d8</load_address>
         <run_address>0x2c6d8</run_address>
         <size>0x129</size>
         <input_file_ref idref="fl-2"/>
      </object_component>
      <object_component id="oc-e5">
         <name>.debug_info</name>
         <load_address>0x2c801</load_address>
         <run_address>0x2c801</run_address>
         <size>0x1fe</size>
         <input_file_ref idref="fl-14"/>
      </object_component>
      <object_component id="oc-e9">
         <name>.debug_info</name>
         <load_address>0x2c9ff</load_address>
         <run_address>0x2c9ff</run_address>
         <size>0x14b</size>
         <input_file_ref idref="fl-25"/>
      </object_component>
      <object_component id="oc-ee">
         <name>.debug_info</name>
         <load_address>0x2cb4a</load_address>
         <run_address>0x2cb4a</run_address>
         <size>0x11d1</size>
         <input_file_ref idref="fl-17"/>
      </object_component>
      <object_component id="oc-f4">
         <name>.debug_info</name>
         <load_address>0x2dd1b</load_address>
         <run_address>0x2dd1b</run_address>
         <size>0x1a3</size>
         <input_file_ref idref="fl-b"/>
      </object_component>
      <object_component id="oc-f8">
         <name>.debug_info</name>
         <load_address>0x2debe</load_address>
         <run_address>0x2debe</run_address>
         <size>0xc8</size>
         <input_file_ref idref="fl-30"/>
      </object_component>
      <object_component id="oc-fb">
         <name>.debug_info</name>
         <load_address>0x2df86</load_address>
         <run_address>0x2df86</run_address>
         <size>0xeb</size>
         <input_file_ref idref="fl-26"/>
      </object_component>
      <object_component id="oc-fe">
         <name>.debug_info</name>
         <load_address>0x2e071</load_address>
         <run_address>0x2e071</run_address>
         <size>0x84</size>
         <input_file_ref idref="fl-2"/>
      </object_component>
      <object_component id="oc-103">
         <name>.debug_info</name>
         <load_address>0x2e0f5</load_address>
         <run_address>0x2e0f5</run_address>
         <size>0x146</size>
         <input_file_ref idref="fl-26"/>
      </object_component>
      <object_component id="oc-106">
         <name>.debug_info</name>
         <load_address>0x2e23b</load_address>
         <run_address>0x2e23b</run_address>
         <size>0x2c</size>
         <input_file_ref idref="fl-22"/>
      </object_component>
      <object_component id="oc-10d">
         <name>.debug_info</name>
         <load_address>0x2e267</load_address>
         <run_address>0x2e267</run_address>
         <size>0x2c</size>
         <input_file_ref idref="fl-2"/>
      </object_component>
      <object_component id="oc-118">
         <name>.debug_info</name>
         <load_address>0x2e293</load_address>
         <run_address>0x2e293</run_address>
         <size>0x431</size>
         <input_file_ref idref="fl-12"/>
      </object_component>
      <object_component id="oc-119">
         <name>.debug_info</name>
         <load_address>0x2e6c4</load_address>
         <run_address>0x2e6c4</run_address>
         <size>0x657</size>
         <input_file_ref idref="fl-d"/>
      </object_component>
      <object_component id="oc-11e">
         <name>.debug_info</name>
         <load_address>0x2ed1b</load_address>
         <run_address>0x2ed1b</run_address>
         <size>0x18b</size>
         <input_file_ref idref="fl-2"/>
      </object_component>
      <object_component id="oc-123">
         <name>.debug_info</name>
         <load_address>0x2eea6</load_address>
         <run_address>0x2eea6</run_address>
         <size>0x2c</size>
         <input_file_ref idref="fl-2"/>
      </object_component>
      <object_component id="oc-12a">
         <name>.debug_info</name>
         <load_address>0x2eed2</load_address>
         <run_address>0x2eed2</run_address>
         <size>0x1f2</size>
         <input_file_ref idref="fl-2"/>
      </object_component>
      <object_component id="oc-12f">
         <name>.debug_info</name>
         <load_address>0x2f0c4</load_address>
         <run_address>0x2f0c4</run_address>
         <size>0x435</size>
         <input_file_ref idref="fl-2"/>
      </object_component>
      <object_component id="oc-134">
         <name>.debug_info</name>
         <load_address>0x2f4f9</load_address>
         <run_address>0x2f4f9</run_address>
         <size>0x1d1</size>
         <input_file_ref idref="fl-2"/>
      </object_component>
      <object_component id="oc-139">
         <name>.debug_info</name>
         <load_address>0x2f6ca</load_address>
         <run_address>0x2f6ca</run_address>
         <size>0x6a6</size>
         <input_file_ref idref="fl-2"/>
      </object_component>
      <object_component id="oc-13e">
         <name>.debug_info</name>
         <load_address>0x2fd70</load_address>
         <run_address>0x2fd70</run_address>
         <size>0x13e</size>
         <input_file_ref idref="fl-2"/>
      </object_component>
      <object_component id="oc-143">
         <name>.debug_info</name>
         <load_address>0x2feae</load_address>
         <run_address>0x2feae</run_address>
         <size>0x2d0</size>
         <input_file_ref idref="fl-2"/>
      </object_component>
      <object_component id="oc-148">
         <name>.debug_info</name>
         <load_address>0x3017e</load_address>
         <run_address>0x3017e</run_address>
         <size>0x4f</size>
         <input_file_ref idref="fl-3"/>
      </object_component>
      <object_component id="oc-14f">
         <name>.debug_info</name>
         <load_address>0x301cd</load_address>
         <run_address>0x301cd</run_address>
         <size>0x1325</size>
         <input_file_ref idref="fl-11"/>
      </object_component>
      <object_component id="oc-155">
         <name>.debug_info</name>
         <load_address>0x314f2</load_address>
         <run_address>0x314f2</run_address>
         <size>0xca1</size>
         <input_file_ref idref="fl-13"/>
      </object_component>
      <object_component id="oc-15b">
         <name>.debug_info</name>
         <load_address>0x32193</load_address>
         <run_address>0x32193</run_address>
         <size>0x16f</size>
         <input_file_ref idref="fl-15"/>
      </object_component>
      <object_component id="oc-162">
         <name>.debug_info</name>
         <load_address>0x32302</load_address>
         <run_address>0x32302</run_address>
         <size>0x506</size>
         <input_file_ref idref="fl-12"/>
      </object_component>
      <object_component id="oc-169">
         <name>.debug_info</name>
         <load_address>0x32808</load_address>
         <run_address>0x32808</run_address>
         <size>0x144</size>
         <input_file_ref idref="fl-27"/>
      </object_component>
      <object_component id="oc-16f">
         <name>.debug_info</name>
         <load_address>0x3294c</load_address>
         <run_address>0x3294c</run_address>
         <size>0xfc</size>
         <input_file_ref idref="fl-2a"/>
      </object_component>
      <object_component id="oc-172">
         <name>.debug_info</name>
         <load_address>0x32a48</load_address>
         <run_address>0x32a48</run_address>
         <size>0x146</size>
         <input_file_ref idref="fl-2f"/>
      </object_component>
      <object_component id="oc-177">
         <name>.debug_info</name>
         <load_address>0x32b8e</load_address>
         <run_address>0x32b8e</run_address>
         <size>0x24c</size>
         <input_file_ref idref="fl-1a"/>
      </object_component>
      <object_component id="oc-17a">
         <name>.debug_info</name>
         <load_address>0x32dda</load_address>
         <run_address>0x32dda</run_address>
         <size>0x13bd</size>
         <input_file_ref idref="fl-1a"/>
      </object_component>
      <object_component id="oc-17d">
         <name>.debug_info</name>
         <load_address>0x34197</load_address>
         <run_address>0x34197</run_address>
         <size>0x172</size>
         <input_file_ref idref="fl-1a"/>
      </object_component>
      <object_component id="oc-186">
         <name>.debug_info</name>
         <load_address>0x34309</load_address>
         <run_address>0x34309</run_address>
         <size>0xece</size>
         <input_file_ref idref="fl-1b"/>
      </object_component>
      <object_component id="oc-18e">
         <name>.debug_info</name>
         <load_address>0x351d7</load_address>
         <run_address>0x351d7</run_address>
         <size>0x25f</size>
         <input_file_ref idref="fl-1a"/>
      </object_component>
      <object_component id="oc-194">
         <name>.debug_info</name>
         <load_address>0x35436</load_address>
         <run_address>0x35436</run_address>
         <size>0x15c</size>
         <input_file_ref idref="fl-1a"/>
      </object_component>
      <object_component id="oc-197">
         <name>.debug_info</name>
         <load_address>0x35592</load_address>
         <run_address>0x35592</run_address>
         <size>0x160</size>
         <input_file_ref idref="fl-1a"/>
      </object_component>
      <object_component id="oc-19a">
         <name>.debug_info</name>
         <load_address>0x356f2</load_address>
         <run_address>0x356f2</run_address>
         <size>0x161</size>
         <input_file_ref idref="fl-1a"/>
      </object_component>
      <object_component id="oc-1a7">
         <name>.debug_info</name>
         <load_address>0x35853</load_address>
         <run_address>0x35853</run_address>
         <size>0x153</size>
         <input_file_ref idref="fl-2d"/>
      </object_component>
      <object_component id="oc-1b6">
         <name>.debug_info</name>
         <load_address>0x359a6</load_address>
         <run_address>0x359a6</run_address>
         <size>0x199</size>
         <input_file_ref idref="fl-1a"/>
      </object_component>
      <object_component id="oc-1ba">
         <name>.debug_info</name>
         <load_address>0x35b3f</load_address>
         <run_address>0x35b3f</run_address>
         <size>0x166</size>
         <input_file_ref idref="fl-1a"/>
      </object_component>
      <object_component id="oc-1e5">
         <name>.debug_info</name>
         <load_address>0x35ca5</load_address>
         <run_address>0x35ca5</run_address>
         <size>0x15d</size>
         <input_file_ref idref="fl-1a"/>
      </object_component>
      <object_component id="oc-1e8">
         <name>.debug_info</name>
         <load_address>0x35e02</load_address>
         <run_address>0x35e02</run_address>
         <size>0x1a0</size>
         <input_file_ref idref="fl-28"/>
      </object_component>
      <object_component id="oc-1ef">
         <name>.debug_info</name>
         <load_address>0x35fa2</load_address>
         <run_address>0x35fa2</run_address>
         <size>0x15f</size>
         <input_file_ref idref="fl-1a"/>
      </object_component>
      <object_component id="oc-1f2">
         <name>.debug_info</name>
         <load_address>0x36101</load_address>
         <run_address>0x36101</run_address>
         <size>0x168</size>
         <input_file_ref idref="fl-1a"/>
      </object_component>
      <object_component id="oc-1f5">
         <name>.debug_info</name>
         <load_address>0x36269</load_address>
         <run_address>0x36269</run_address>
         <size>0x16a</size>
         <input_file_ref idref="fl-1a"/>
      </object_component>
      <object_component id="oc-1f8">
         <name>.debug_info</name>
         <load_address>0x363d3</load_address>
         <run_address>0x363d3</run_address>
         <size>0x161</size>
         <input_file_ref idref="fl-1a"/>
      </object_component>
      <object_component id="oc-1fb">
         <name>.debug_info</name>
         <load_address>0x36534</load_address>
         <run_address>0x36534</run_address>
         <size>0x15b</size>
         <input_file_ref idref="fl-1a"/>
      </object_component>
      <object_component id="oc-1fe">
         <name>.debug_info</name>
         <load_address>0x3668f</load_address>
         <run_address>0x3668f</run_address>
         <size>0x9f</size>
         <input_file_ref idref="fl-17"/>
      </object_component>
      <object_component id="oc-203">
         <name>.debug_info</name>
         <load_address>0x3672e</load_address>
         <run_address>0x3672e</run_address>
         <size>0x2c</size>
         <input_file_ref idref="fl-17"/>
      </object_component>
      <object_component id="oc-208">
         <name>.debug_info</name>
         <load_address>0x3675a</load_address>
         <run_address>0x3675a</run_address>
         <size>0x2c</size>
         <input_file_ref idref="fl-1a"/>
      </object_component>
      <object_component id="oc-20d">
         <name>.debug_info</name>
         <load_address>0x36786</load_address>
         <run_address>0x36786</run_address>
         <size>0x7a</size>
         <input_file_ref idref="fl-17"/>
      </object_component>
      <object_component id="oc-212">
         <name>.debug_info</name>
         <load_address>0x36800</load_address>
         <run_address>0x36800</run_address>
         <size>0x2fa</size>
         <input_file_ref idref="fl-1a"/>
      </object_component>
      <object_component id="oc-217">
         <name>.debug_info</name>
         <load_address>0x36afa</load_address>
         <run_address>0x36afa</run_address>
         <size>0xf5</size>
         <input_file_ref idref="fl-17"/>
      </object_component>
      <object_component id="oc-21c">
         <name>.debug_info</name>
         <load_address>0x36bef</load_address>
         <run_address>0x36bef</run_address>
         <size>0x2c</size>
         <input_file_ref idref="fl-17"/>
      </object_component>
      <object_component id="oc-221">
         <name>.debug_info</name>
         <load_address>0x36c1b</load_address>
         <run_address>0x36c1b</run_address>
         <size>0x87</size>
         <input_file_ref idref="fl-17"/>
      </object_component>
      <object_component id="oc-226">
         <name>.debug_info</name>
         <load_address>0x36ca2</load_address>
         <run_address>0x36ca2</run_address>
         <size>0x1a7</size>
         <input_file_ref idref="fl-1a"/>
      </object_component>
      <object_component id="oc-22b">
         <name>.debug_info</name>
         <load_address>0x36e49</load_address>
         <run_address>0x36e49</run_address>
         <size>0x12f</size>
         <input_file_ref idref="fl-17"/>
      </object_component>
      <object_component id="oc-230">
         <name>.debug_info</name>
         <load_address>0x36f78</load_address>
         <run_address>0x36f78</run_address>
         <size>0xee</size>
         <input_file_ref idref="fl-1a"/>
      </object_component>
      <object_component id="oc-235">
         <name>.debug_info</name>
         <load_address>0x37066</load_address>
         <run_address>0x37066</run_address>
         <size>0x651</size>
         <input_file_ref idref="fl-1a"/>
      </object_component>
      <object_component id="oc-23a">
         <name>.debug_info</name>
         <load_address>0x376b7</load_address>
         <run_address>0x376b7</run_address>
         <size>0x174</size>
         <input_file_ref idref="fl-17"/>
      </object_component>
      <object_component id="oc-23f">
         <name>.debug_info</name>
         <load_address>0x3782b</load_address>
         <run_address>0x3782b</run_address>
         <size>0x14d</size>
         <input_file_ref idref="fl-1a"/>
      </object_component>
      <object_component id="oc-246">
         <name>.debug_info</name>
         <load_address>0x37978</load_address>
         <run_address>0x37978</run_address>
         <size>0x758</size>
         <input_file_ref idref="fl-17"/>
      </object_component>
      <object_component id="oc-249">
         <name>.debug_info</name>
         <load_address>0x380d0</load_address>
         <run_address>0x380d0</run_address>
         <size>0x1b4</size>
         <input_file_ref idref="fl-10"/>
      </object_component>
      <object_component id="oc-24c">
         <name>.debug_info</name>
         <load_address>0x38284</load_address>
         <run_address>0x38284</run_address>
         <size>0x791</size>
         <input_file_ref idref="fl-2"/>
      </object_component>
      <object_component id="oc-251">
         <name>.debug_info</name>
         <load_address>0x38a15</load_address>
         <run_address>0x38a15</run_address>
         <size>0x4de</size>
         <input_file_ref idref="fl-2"/>
      </object_component>
      <object_component id="oc-256">
         <name>.debug_info</name>
         <load_address>0x38ef3</load_address>
         <run_address>0x38ef3</run_address>
         <size>0x3ce</size>
         <input_file_ref idref="fl-2"/>
      </object_component>
      <object_component id="oc-25b">
         <name>.debug_info</name>
         <load_address>0x392c1</load_address>
         <run_address>0x392c1</run_address>
         <size>0x437</size>
         <input_file_ref idref="fl-2"/>
      </object_component>
      <object_component id="oc-260">
         <name>.debug_info</name>
         <load_address>0x396f8</load_address>
         <run_address>0x396f8</run_address>
         <size>0x1ca</size>
         <input_file_ref idref="fl-2"/>
      </object_component>
      <object_component id="oc-265">
         <name>.debug_info</name>
         <load_address>0x398c2</load_address>
         <run_address>0x398c2</run_address>
         <size>0x3d3</size>
         <input_file_ref idref="fl-2"/>
      </object_component>
      <object_component id="oc-26a">
         <name>.debug_info</name>
         <load_address>0x39c95</load_address>
         <run_address>0x39c95</run_address>
         <size>0x508</size>
         <input_file_ref idref="fl-2"/>
      </object_component>
      <object_component id="oc-26f">
         <name>.debug_info</name>
         <load_address>0x3a19d</load_address>
         <run_address>0x3a19d</run_address>
         <size>0x1de</size>
         <input_file_ref idref="fl-2"/>
      </object_component>
      <object_component id="oc-274">
         <name>.debug_info</name>
         <load_address>0x3a37b</load_address>
         <run_address>0x3a37b</run_address>
         <size>0x2af</size>
         <input_file_ref idref="fl-2"/>
      </object_component>
      <object_component id="oc-279">
         <name>.debug_info</name>
         <load_address>0x3a62a</load_address>
         <run_address>0x3a62a</run_address>
         <size>0x530</size>
         <input_file_ref idref="fl-2"/>
      </object_component>
      <object_component id="oc-27e">
         <name>.debug_info</name>
         <load_address>0x3ab5a</load_address>
         <run_address>0x3ab5a</run_address>
         <size>0x17a</size>
         <input_file_ref idref="fl-2"/>
      </object_component>
      <object_component id="oc-286">
         <name>.debug_info</name>
         <load_address>0x3acd4</load_address>
         <run_address>0x3acd4</run_address>
         <size>0x37b</size>
         <input_file_ref idref="fl-2"/>
      </object_component>
      <object_component id="oc-28e">
         <name>.debug_info</name>
         <load_address>0x3b04f</load_address>
         <run_address>0x3b04f</run_address>
         <size>0x148</size>
         <input_file_ref idref="fl-25"/>
      </object_component>
      <object_component id="oc-290">
         <name>.debug_info</name>
         <load_address>0x3b197</load_address>
         <run_address>0x3b197</run_address>
         <size>0x1863</size>
         <input_file_ref idref="fl-f"/>
      </object_component>
      <object_component id="oc-296">
         <name>.debug_info</name>
         <load_address>0x3c9fa</load_address>
         <run_address>0x3c9fa</run_address>
         <size>0x2939</size>
         <input_file_ref idref="fl-18"/>
      </object_component>
      <object_component id="oc-29d">
         <name>.debug_info</name>
         <load_address>0x3f333</load_address>
         <run_address>0x3f333</run_address>
         <size>0x161</size>
         <input_file_ref idref="fl-17"/>
      </object_component>
      <object_component id="oc-2a1">
         <name>.debug_info</name>
         <load_address>0x3f494</load_address>
         <run_address>0x3f494</run_address>
         <size>0x41</size>
         <input_file_ref idref="fl-17"/>
      </object_component>
      <object_component id="oc-2a8">
         <name>.debug_info</name>
         <load_address>0x3f4d5</load_address>
         <run_address>0x3f4d5</run_address>
         <size>0x197</size>
         <input_file_ref idref="fl-b"/>
      </object_component>
      <object_component id="oc-2ad">
         <name>.debug_info</name>
         <load_address>0x3f66c</load_address>
         <run_address>0x3f66c</run_address>
         <size>0x1d4</size>
         <input_file_ref idref="fl-30"/>
      </object_component>
      <object_component id="oc-2b1">
         <name>.debug_info</name>
         <load_address>0x3f840</load_address>
         <run_address>0x3f840</run_address>
         <size>0xd9</size>
         <input_file_ref idref="fl-30"/>
      </object_component>
      <object_component id="oc-2b9">
         <name>.debug_info</name>
         <load_address>0x3f919</load_address>
         <run_address>0x3f919</run_address>
         <size>0x7cd</size>
         <input_file_ref idref="fl-d"/>
      </object_component>
      <object_component id="oc-2be">
         <name>.debug_info</name>
         <load_address>0x400e6</load_address>
         <run_address>0x400e6</run_address>
         <size>0x243</size>
         <input_file_ref idref="fl-f"/>
      </object_component>
      <object_component id="oc-2c3">
         <name>.debug_info</name>
         <load_address>0x40329</load_address>
         <run_address>0x40329</run_address>
         <size>0x1d6</size>
         <input_file_ref idref="fl-d"/>
      </object_component>
      <object_component id="oc-2c5">
         <name>.debug_info</name>
         <load_address>0x404ff</load_address>
         <run_address>0x404ff</run_address>
         <size>0x22c</size>
         <input_file_ref idref="fl-11"/>
      </object_component>
      <object_component id="oc-2c6">
         <name>.debug_info</name>
         <load_address>0x4072b</load_address>
         <run_address>0x4072b</run_address>
         <size>0x4c</size>
         <input_file_ref idref="fl-11"/>
      </object_component>
      <object_component id="oc-2cc">
         <name>.debug_info</name>
         <load_address>0x40777</load_address>
         <run_address>0x40777</run_address>
         <size>0x15c</size>
         <input_file_ref idref="fl-13"/>
      </object_component>
      <object_component id="oc-2da">
         <name>.debug_info</name>
         <load_address>0x408d3</load_address>
         <run_address>0x408d3</run_address>
         <size>0x295</size>
         <input_file_ref idref="fl-1a"/>
      </object_component>
      <object_component id="oc-2df">
         <name>.debug_info</name>
         <load_address>0x40b68</load_address>
         <run_address>0x40b68</run_address>
         <size>0xd7</size>
         <input_file_ref idref="fl-1a"/>
      </object_component>
      <object_component id="oc-2e4">
         <name>.debug_info</name>
         <load_address>0x40c3f</load_address>
         <run_address>0x40c3f</run_address>
         <size>0x167</size>
         <input_file_ref idref="fl-17"/>
      </object_component>
      <object_component id="oc-2e9">
         <name>.debug_info</name>
         <load_address>0x40da6</load_address>
         <run_address>0x40da6</run_address>
         <size>0x69</size>
         <input_file_ref idref="fl-1a"/>
      </object_component>
      <object_component id="oc-2ee">
         <name>.debug_info</name>
         <load_address>0x40e0f</load_address>
         <run_address>0x40e0f</run_address>
         <size>0x41</size>
         <input_file_ref idref="fl-1a"/>
      </object_component>
      <object_component id="oc-2f3">
         <name>.debug_info</name>
         <load_address>0x40e50</load_address>
         <run_address>0x40e50</run_address>
         <size>0x3f9</size>
         <input_file_ref idref="fl-17"/>
      </object_component>
      <object_component id="oc-2f8">
         <name>.debug_info</name>
         <load_address>0x41249</load_address>
         <run_address>0x41249</run_address>
         <size>0x8a</size>
         <input_file_ref idref="fl-1a"/>
      </object_component>
      <object_component id="oc-2fd">
         <name>.debug_info</name>
         <load_address>0x412d3</load_address>
         <run_address>0x412d3</run_address>
         <size>0x17e</size>
         <input_file_ref idref="fl-1a"/>
      </object_component>
      <object_component id="oc-307">
         <name>.debug_info</name>
         <load_address>0x41451</load_address>
         <run_address>0x41451</run_address>
         <size>0x584</size>
         <input_file_ref idref="fl-1b"/>
      </object_component>
      <object_component id="oc-316">
         <name>.debug_info</name>
         <load_address>0x419d5</load_address>
         <run_address>0x419d5</run_address>
         <size>0x9f</size>
         <input_file_ref idref="fl-2d"/>
      </object_component>
      <object_component id="oc-31e">
         <name>.debug_info</name>
         <load_address>0x41a74</load_address>
         <run_address>0x41a74</run_address>
         <size>0xaa</size>
         <input_file_ref idref="fl-28"/>
      </object_component>
      <object_component id="oc-32b">
         <name>.debug_info</name>
         <load_address>0x41b1e</load_address>
         <run_address>0x41b1e</run_address>
         <size>0x1b0</size>
         <input_file_ref idref="fl-17"/>
      </object_component>
      <object_component id="oc-330">
         <name>.debug_info</name>
         <load_address>0x41cce</load_address>
         <run_address>0x41cce</run_address>
         <size>0x65a</size>
         <input_file_ref idref="fl-17"/>
      </object_component>
      <object_component id="oc-337">
         <name>.debug_info</name>
         <load_address>0x42328</load_address>
         <run_address>0x42328</run_address>
         <size>0x43c</size>
         <input_file_ref idref="fl-2"/>
      </object_component>
      <object_component id="oc-33e">
         <name>.debug_info</name>
         <load_address>0x42764</load_address>
         <run_address>0x42764</run_address>
         <size>0xcd</size>
         <input_file_ref idref="fl-25"/>
      </object_component>
      <object_component id="oc-344">
         <name>.debug_info</name>
         <load_address>0x42831</load_address>
         <run_address>0x42831</run_address>
         <size>0x178</size>
         <input_file_ref idref="fl-f"/>
      </object_component>
      <object_component id="oc-347">
         <name>.debug_info</name>
         <load_address>0x429a9</load_address>
         <run_address>0x429a9</run_address>
         <size>0x1a8</size>
         <input_file_ref idref="fl-f"/>
      </object_component>
      <object_component id="oc-34c">
         <name>.debug_info</name>
         <load_address>0x42b51</load_address>
         <run_address>0x42b51</run_address>
         <size>0x1b0</size>
         <input_file_ref idref="fl-2e"/>
      </object_component>
      <object_component id="oc-34f">
         <name>.debug_info</name>
         <load_address>0x42d01</load_address>
         <run_address>0x42d01</run_address>
         <size>0x506</size>
         <input_file_ref idref="fl-19"/>
      </object_component>
      <object_component id="oc-358">
         <name>.debug_info</name>
         <load_address>0x43207</load_address>
         <run_address>0x43207</run_address>
         <size>0x16d</size>
         <input_file_ref idref="fl-2b"/>
      </object_component>
      <object_component id="oc-35b">
         <name>.debug_info</name>
         <load_address>0x43374</load_address>
         <run_address>0x43374</run_address>
         <size>0x16e</size>
         <input_file_ref idref="fl-18"/>
      </object_component>
      <object_component id="oc-35e">
         <name>.debug_info</name>
         <load_address>0x434e2</load_address>
         <run_address>0x434e2</run_address>
         <size>0x17d</size>
         <input_file_ref idref="fl-18"/>
      </object_component>
      <object_component id="oc-361">
         <name>.debug_info</name>
         <load_address>0x4365f</load_address>
         <run_address>0x4365f</run_address>
         <size>0x84a</size>
         <input_file_ref idref="fl-18"/>
      </object_component>
      <object_component id="oc-379">
         <name>.debug_info</name>
         <load_address>0x43ea9</load_address>
         <run_address>0x43ea9</run_address>
         <size>0x91</size>
         <input_file_ref idref="fl-f"/>
      </object_component>
      <object_component id="oc-37e">
         <name>.debug_info</name>
         <load_address>0x43f3a</load_address>
         <run_address>0x43f3a</run_address>
         <size>0x18e</size>
         <input_file_ref idref="fl-f"/>
      </object_component>
      <object_component id="oc-384">
         <name>.debug_info</name>
         <load_address>0x440c8</load_address>
         <run_address>0x440c8</run_address>
         <size>0xa0</size>
         <input_file_ref idref="fl-2e"/>
      </object_component>
      <object_component id="oc-388">
         <name>.debug_info</name>
         <load_address>0x44168</load_address>
         <run_address>0x44168</run_address>
         <size>0x17e</size>
         <input_file_ref idref="fl-2c"/>
      </object_component>
      <object_component id="oc-38c">
         <name>.debug_info</name>
         <load_address>0x442e6</load_address>
[...]
         <object_component_ref idref="oc-c5"/>
      </symbol>
      <symbol id="sm-113d">
         <name>tcp_enqueue_flags</name>
         <value>0x4bed0</value>
         <object_component_ref idref="oc-c5"/>
      </symbol>
      <symbol id="sm-113e">
         <name>ip_addr_broadcast</name>
         <value>0x419b0</value>
         <object_component_ref idref="oc-176"/>
      </symbol>
      <symbol id="sm-113f">
         <name>tcp_pcb_lists</name>
         <value>0x4199c</value>
         <object_component_ref idref="oc-176"/>
      </symbol>
      <symbol id="sm-1140">
         <name>tcp_input</name>
         <value>0x484d8</value>
         <object_component_ref idref="oc-c5"/>
      </symbol>
      <symbol id="sm-1141">
         <name>hdkif_netif_status</name>
         <value>0x51834</value>
         <object_component_ref idref="oc-c5"/>
      </symbol>
      <symbol id="sm-1142">
         <name>lwIPLinkStatusGet</name>
         <value>0x51e2c</value>
         <object_component_ref idref="oc-c5"/>
      </symbol>
      <symbol id="sm-1143">
         <name>netif_set_down</name>
         <value>0x44d24</value>
         <object_component_ref idref="oc-c5"/>
      </symbol>
      <symbol id="sm-1144">
         <name>netif_set_addr</name>
         <value>0x448dc</value>
         <object_component_ref idref="oc-c5"/>
      </symbol>
      <symbol id="sm-1145">
         <name>raw_sendto</name>
         <value>0x461ac</value>
         <object_component_ref idref="oc-c5"/>
      </symbol>
      <symbol id="sm-1146">
         <name>stats_init</name>
         <value>0x46440</value>
         <object_component_ref idref="oc-c5"/>
      </symbol>
      <symbol id="sm-1147">
         <name>udp_input</name>
         <value>0x4cea4</value>
         <object_component_ref idref="oc-c5"/>
      </symbol>
      <symbol id="sm-1148">
         <name>tcp_send_fin</name>
         <value>0x4b378</value>
         <object_component_ref idref="oc-c5"/>
      </symbol>
      <symbol id="sm-1149">
         <name>lwIPInit</name>
         <value>0x51bcc</value>
         <object_component_ref idref="oc-c5"/>
      </symbol>
      <symbol id="sm-114a">
         <name>pbuf_take</name>
         <value>0x45b44</value>
         <object_component_ref idref="oc-c5"/>
      </symbol>
      <symbol id="sm-114b">
         <name>raw_input</name>
         <value>0x45fbc</value>
         <object_component_ref idref="oc-c5"/>
      </symbol>
      <symbol id="sm-114c">
         <name>raw_recv</name>
         <value>0x4617c</value>
         <object_component_ref idref="oc-c5"/>
      </symbol>
      <symbol id="sm-114d">
         <name>tcp_poll</name>
         <value>0x481f0</value>
         <object_component_ref idref="oc-c5"/>
      </symbol>
      <symbol id="sm-114e">
         <name>udp_new</name>
         <value>0x4d9f0</value>
         <object_component_ref idref="oc-c5"/>
      </symbol>
      <symbol id="sm-114f">
         <name>ram_heap</name>
         <value>0x8001500</value>
         <object_component_ref idref="oc-193"/>
      </symbol>
      <symbol id="sm-1150">
         <name>udp_recv</name>
         <value>0x4d918</value>
         <object_component_ref idref="oc-c5"/>
      </symbol>
      <symbol id="sm-1151">
         <name>tcp_next_iss</name>
         <value>0x48414</value>
         <object_component_ref idref="oc-c5"/>
      </symbol>
      <symbol id="sm-1152">
         <name>tcp_zero_window_probe</name>
         <value>0x4cc48</value>
         <object_component_ref idref="oc-c5"/>
      </symbol>
      <symbol id="sm-1153">
         <name>udp_init</name>
         <value>0x4cdec</value>
         <object_component_ref idref="oc-c5"/>
      </symbol>
      <symbol id="sm-1154">
         <name>pbuf_copy_partial</name>
         <value>0x459d4</value>
         <object_component_ref idref="oc-c5"/>
      </symbol>
      <symbol id="sm-1155">
         <name>pbuf_alloc</name>
         <value>0x44ec0</value>
         <object_component_ref idref="oc-c5"/>
      </symbol>
      <symbol id="sm-1156">
         <name>lwIPNetIfStatusGet</name>
         <value>0x51e0c</value>
         <object_component_ref idref="oc-c5"/>
      </symbol>
      <symbol id="sm-1157">
         <name>pbuf_memfind</name>
         <value>0x45e90</value>
         <object_component_ref idref="oc-c5"/>
      </symbol>
      <symbol id="sm-1158">
         <name>ipaddr_ntoa_r</name>
         <value>0x4f250</value>
         <object_component_ref idref="oc-c5"/>
      </symbol>
      <symbol id="sm-1159">
         <name>udp_send</name>
         <value>0x4d3a8</value>
         <object_component_ref idref="oc-c5"/>
      </symbol>
      <symbol id="sm-115a">
         <name>icmp_input</name>
         <value>0x4da30</value>
         <object_component_ref idref="oc-c5"/>
      </symbol>
      <symbol id="sm-115b">
         <name>pbuf_strstr</name>
         <value>0x45f3c</value>
         <object_component_ref idref="oc-c5"/>
      </symbol>
      <symbol id="sm-115c">
         <name>netif_set_gw</name>
         <value>0x44c28</value>
         <object_component_ref idref="oc-c5"/>
      </symbol>
      <symbol id="sm-115d">
         <name>inet_chksum_pbuf</name>
         <value>0x4e3dc</value>
         <object_component_ref idref="oc-c5"/>
      </symbol>
      <symbol id="sm-115e">
         <name>netif_find</name>
         <value>0x44a10</value>
         <object_component_ref idref="oc-c5"/>
      </symbol>
      <symbol id="sm-115f">
         <name>ip_output</name>
         <value>0x4ecf8</value>
         <object_component_ref idref="oc-c5"/>
      </symbol>
      <symbol id="sm-1160">
         <name>hdkif_swizzle_rxp</name>
         <value>0x50828</value>
         <object_component_ref idref="oc-c5"/>
      </symbol>
      <symbol id="sm-1161">
         <name>lwIPRxIntHandler</name>
         <value>0x51e54</value>
         <object_component_ref idref="oc-c5"/>
      </symbol>
      <symbol id="sm-1162">
         <name>pbuf_copy</name>
         <value>0x457d8</value>
         <object_component_ref idref="oc-c5"/>
      </symbol>
      <symbol id="sm-1163">
         <name>dhcp_cleanup</name>
         <value>0x420ec</value>
         <object_component_ref idref="oc-c5"/>
      </symbol>
      <symbol id="sm-1164">
         <name>tcp_segs_free</name>
         <value>0x47c94</value>
         <object_component_ref idref="oc-c5"/>
      </symbol>
      <symbol id="sm-1165">
         <name>ipaddr_aton</name>
         <value>0x4ef00</value>
         <object_component_ref idref="oc-c5"/>
      </symbol>
      <symbol id="sm-1166">
         <name>tcp_close</name>
         <value>0x46850</value>
         <object_component_ref idref="oc-c5"/>
      </symbol>
      <symbol id="sm-1167">
         <name>pbuf_coalesce</name>
         <value>0x45c60</value>
         <object_component_ref idref="oc-c5"/>
      </symbol>
      <symbol id="sm-1168">
         <name>LocatorConfig</name>
         <value>0x51a20</value>
         <object_component_ref idref="oc-c5"/>
      </symbol>
      <symbol id="sm-1169">
         <name>hdkif_swizzle_data</name>
         <value>0x50800</value>
         <object_component_ref idref="oc-c5"/>
      </symbol>
      <symbol id="sm-116a">
         <name>ethzero</name>
         <value>0x419ba</value>
         <object_component_ref idref="oc-176"/>
      </symbol>
      <symbol id="sm-116b">
         <name>tcp_update_rcv_ann_wnd</name>
         <value>0x46e58</value>
         <object_component_ref idref="oc-c5"/>
      </symbol>
      <symbol id="sm-116c">
         <name>tcp_new</name>
         <value>0x48140</value>
         <object_component_ref idref="oc-c5"/>
      </symbol>
      <symbol id="sm-116d">
         <name>ethbroadcast</name>
         <value>0x419b4</value>
         <object_component_ref idref="oc-176"/>
      </symbol>
      <symbol id="sm-116e">
         <name>lwip_init</name>
         <value>0x43c04</value>
         <object_component_ref idref="oc-c5"/>
      </symbol>
      <symbol id="sm-116f">
         <name>inet_chksum_pseudo</name>
         <value>0x4e004</value>
         <object_component_ref idref="oc-c5"/>
      </symbol>
      <symbol id="sm-1170">
         <name>dhcp_inform</name>
         <value>0x422ac</value>
         <object_component_ref idref="oc-c5"/>
      </symbol>
      <symbol id="sm-1171">
         <name>tcp_sent</name>
         <value>0x48190</value>
         <object_component_ref idref="oc-c5"/>
      </symbol>
      <symbol id="sm-1172">
         <name>tcp_tmr</name>
         <value>0x46448</value>
         <object_component_ref idref="oc-c5"/>
      </symbol>
      <symbol id="sm-1173">
         <name>pbuf_memcmp</name>
         <value>0x45d7c</value>
         <object_component_ref idref="oc-c5"/>
      </symbol>
      <symbol id="sm-1174">
         <name>tcp_eff_send_mss</name>
         <value>0x4843c</value>
         <object_component_ref idref="oc-c5"/>
      </symbol>
      <symbol id="sm-1175">
         <name>hdkif_macaddrset</name>
         <value>0x5083c</value>
         <object_component_ref idref="oc-c5"/>
      </symbol>
      <symbol id="sm-1176">
         <name>tcp_process_refused_data</name>
         <value>0x47b60</value>
         <object_component_ref idref="oc-c5"/>
      </symbol>
      <symbol id="sm-1177">
         <name>tcp_listen_with_backlog</name>
         <value>0x46c74</value>
         <object_component_ref idref="oc-c5"/>
      </symbol>
      <symbol id="sm-1178">
         <name>udp_remove</name>
         <value>0x4d948</value>
         <object_component_ref idref="oc-c5"/>
      </symbol>
      <symbol id="sm-1179">
         <name>dhcp_rx_options_val</name>
         <value>0x8014488</value>
         <object_component_ref idref="oc-17c"/>
      </symbol>
      <symbol id="sm-117a">
         <name>udp_connect</name>
         <value>0x4d7e0</value>
         <object_component_ref idref="oc-c5"/>
      </symbol>
      <symbol id="sm-117b">
         <name>ip4_addr_netmask_valid</name>
         <value>0x4ee40</value>
         <object_component_ref idref="oc-c5"/>
      </symbol>
      <symbol id="sm-117c">
         <name>etharp_find_addr</name>
         <value>0x4facc</value>
         <object_component_ref idref="oc-c5"/>
      </symbol>
      <symbol id="sm-117d">
         <name>netif_add</name>
         <value>0x44800</value>
         <object_component_ref idref="oc-c5"/>
      </symbol>
      <symbol id="sm-117e">
         <name>tcp_seg_copy</name>
         <value>0x47d34</value>
         <object_component_ref idref="oc-c5"/>
      </symbol>
      <symbol id="sm-117f">
         <name>netif_set_default</name>
         <value>0x44ca0</value>
         <object_component_ref idref="oc-c5"/>
      </symbol>
      <symbol id="sm-1180">
         <name>hdkif_init</name>
         <value>0x512a4</value>
         <object_component_ref idref="oc-c5"/>
      </symbol>
      <symbol id="sm-1181">
         <name>tcp_accept</name>
         <value>0x481d0</value>
         <object_component_ref idref="oc-c5"/>
      </symbol>
      <symbol id="sm-1182">
         <name>netif_remove</name>
         <value>0x44920</value>
         <object_component_ref idref="oc-c5"/>
      </symbol>
      <symbol id="sm-1183">
         <name>sys_now</name>
         <value>0x507e8</value>
         <object_component_ref idref="oc-c5"/>
      </symbol>
      <symbol id="sm-1184">
         <name>ip_route</name>
         <value>0x4e4d8</value>
         <object_component_ref idref="oc-c5"/>
      </symbol>
      <symbol id="sm-1185">
         <name>netif_init</name>
         <value>0x447f8</value>
         <object_component_ref idref="oc-c5"/>
      </symbol>
      <symbol id="sm-1186">
         <name>tcp_pcb_remove</name>
         <value>0x482e8</value>
         <object_component_ref idref="oc-c5"/>
      </symbol>
      <symbol id="sm-1187">
         <name>tcp_debug_state_str</name>
         <value>0x484b0</value>
         <object_component_ref idref="oc-c5"/>
      </symbol>
      <symbol id="sm-1188">
         <name>tcp_state_str</name>
         <value>0x41a00</value>
         <object_component_ref idref="oc-1b9"/>
      </symbol>
      <symbol id="sm-1189">
         <name>etharp_tmr</name>
         <value>0x4f438</value>
         <object_component_ref idref="oc-c5"/>
      </symbol>
      <symbol id="sm-118a">
         <name>lwIPTxIntHandler</name>
         <value>0x51e78</value>
         <object_component_ref idref="oc-c5"/>
      </symbol>
      <symbol id="sm-118b">
         <name>tcp_abort</name>
         <value>0x46aa8</value>
         <object_component_ref idref="oc-c5"/>
      </symbol>
      <symbol id="sm-118c">
         <name>mem_trim</name>
         <value>0x43ef4</value>
         <object_component_ref idref="oc-c5"/>
      </symbol>
      <symbol id="sm-118d">
         <name>dhcp_renew</name>
         <value>0x4281c</value>
         <object_component_ref idref="oc-c5"/>
      </symbol>
      <symbol id="sm-118e">
         <name>tcp_shutdown</name>
         <value>0x46888</value>
         <object_component_ref idref="oc-c5"/>
      </symbol>
      <symbol id="sm-118f">
         <name>tcp_setprio</name>
         <value>0x47d14</value>
         <object_component_ref idref="oc-c5"/>
      </symbol>
      <symbol id="sm-1190">
         <name>lwip_stats</name>
         <value>0x80141cc</value>
         <object_component_ref idref="oc-196"/>
      </symbol>
      <symbol id="sm-11d0">
         <name>sys_restart_timeouts</name>
         <value>0x5b164</value>
         <object_component_ref idref="oc-185"/>
      </symbol>
      <symbol id="sm-11d1">
         <name>tcp_timer_needed</name>
         <value>0x5acc8</value>
         <object_component_ref idref="oc-185"/>
      </symbol>
      <symbol id="sm-11d2">
         <name>sys_timeouts_init</name>
         <value>0x5ad7c</value>
         <object_component_ref idref="oc-185"/>
      </symbol>
      <symbol id="sm-11d3">
         <name>sys_untimeout</name>
         <value>0x5af64</value>
         <object_component_ref idref="oc-185"/>
      </symbol>
      <symbol id="sm-11d4">
         <name>sys_check_timeouts</name>
         <value>0x5b060</value>
         <object_component_ref idref="oc-185"/>
      </symbol>
      <symbol id="sm-11d5">
         <name>sys_timeout</name>
         <value>0x5adc0</value>
         <object_component_ref idref="oc-185"/>
      </symbol>
      <symbol id="sm-11f4">
         <name>__TI_auto_init</name>
         <value>0x5c36d</value>
         <object_component_ref idref="oc-66"/>
      </symbol>
      <symbol id="sm-120b">
         <name>__TI_decompress_none</name>
         <value>0x5c6d7</value>
         <object_component_ref idref="oc-11"/>
      </symbol>
      <symbol id="sm-122f">
         <name>__TI_decompress_rle24</name>
         <value>0x5c6e5</value>
         <object_component_ref idref="oc-1d"/>
      </symbol>
      <symbol id="sm-1243">
         <name>__TI_zero_init</name>
         <value>0x5c6c5</value>
         <object_component_ref idref="oc-17"/>
      </symbol>
      <symbol id="sm-125c">
         <name>copy_in</name>
         <value>0x5c585</value>
         <object_component_ref idref="oc-e6"/>
      </symbol>
      <symbol id="sm-127b">
         <name>C$$EXIT</name>
         <value>0x5c5cd</value>
         <object_component_ref idref="oc-71"/>
      </symbol>
      <symbol id="sm-127c">
         <name>abort</name>
         <value>0x5c5d1</value>
         <object_component_ref idref="oc-71"/>
      </symbol>
      <symbol id="sm-127d">
         <name>exit</name>
         <value>0x5c5d9</value>
         <object_component_ref idref="oc-71"/>
      </symbol>
      <symbol id="sm-127e">
         <name>__TI_dtors_ptr</name>
         <value>0x8014740</value>
         <object_component_ref idref="oc-fa"/>
      </symbol>
      <symbol id="sm-127f">
         <name>__TI_cleanup_ptr</name>
         <value>0x801473c</value>
         <object_component_ref idref="oc-fa"/>
      </symbol>
      <symbol id="sm-128c">
         <name>__aeabi_idivmod</name>
         <value>0x5c4d8</value>
         <object_component_ref idref="oc-167"/>
      </symbol>
      <symbol id="sm-129c">
         <name>memcmp</name>
         <value>0x5c637</value>
         <object_component_ref idref="oc-1e7"/>
      </symbol>
      <symbol id="sm-12b7">
         <name>memcpy</name>
         <value>0x5c2d1</value>
         <object_component_ref idref="oc-78"/>
      </symbol>
      <symbol id="sm-12b8">
         <name>__aeabi_memcpy</name>
         <value>0x5c2d1</value>
         <object_component_ref idref="oc-78"/>
      </symbol>
      <symbol id="sm-12b9">
         <name>__aeabi_memcpy8</name>
         <value>0x5c2d1</value>
         <object_component_ref idref="oc-78"/>
      </symbol>
      <symbol id="sm-12ba">
         <name>__aeabi_memcpy4</name>
         <value>0x5c2d1</value>
         <object_component_ref idref="oc-78"/>
      </symbol>
      <symbol id="sm-12c9">
         <name>__aeabi_memset</name>
         <value>0x5c403</value>
         <object_component_ref idref="oc-16c"/>
      </symbol>
      <symbol id="sm-12ca">
         <name>memset</name>
         <value>0x5c409</value>
         <object_component_ref idref="oc-16c"/>
      </symbol>
      <symbol id="sm-12cb">
         <name>__aeabi_memset8</name>
         <value>0x5c403</value>
         <object_component_ref idref="oc-16c"/>
      </symbol>
      <symbol id="sm-12cc">
         <name>__aeabi_memset4</name>
         <value>0x5c403</value>
         <object_component_ref idref="oc-16c"/>
      </symbol>
      <symbol id="sm-12cd">
         <name>__aeabi_memclr8</name>
         <value>0x5c401</value>
         <object_component_ref idref="oc-16c"/>
      </symbol>
      <symbol id="sm-12ce">
         <name>__aeabi_memclr4</name>
         <value>0x5c401</value>
         <object_component_ref idref="oc-16c"/>
      </symbol>
      <symbol id="sm-12cf">
         <name>__aeabi_memclr</name>
         <value>0x5c401</value>
         <object_component_ref idref="oc-16c"/>
      </symbol>
      <symbol id="sm-12df">
         <name>strchr</name>
         <value>0x5c671</value>
         <object_component_ref idref="oc-354"/>
      </symbol>
      <symbol id="sm-12ee">
         <name>strcmp</name>
         <value>0x5c659</value>
         <object_component_ref idref="oc-385"/>
      </symbol>
      <symbol id="sm-12fc">
         <name>strlen</name>
         <value>0x5c687</value>
         <object_component_ref idref="oc-1a3"/>
      </symbol>
      <symbol id="sm-130c">
         <name>strncmp</name>
         <value>0x5c611</value>
         <object_component_ref idref="oc-348"/>
      </symbol>
      <symbol id="sm-1319">
         <name>__aeabi_uidivmod</name>
         <value>0x5c530</value>
         <object_component_ref idref="oc-171"/>
      </symbol>
      <symbol id="sm-1332">
         <name>_nop</name>
         <value>0x5c6ab</value>
         <object_component_ref idref="oc-2a9"/>
      </symbol>
      <symbol id="sm-1333">
         <name>_lock</name>
         <value>0x8014734</value>
         <object_component_ref idref="oc-f7"/>
      </symbol>
      <symbol id="sm-1334">
         <name>_unlock</name>
         <value>0x8014738</value>
         <object_component_ref idref="oc-f7"/>
      </symbol>
      <symbol id="sm-1335">
         <name>_register_lock</name>
         <value>0x5c6a3</value>
         <object_component_ref idref="oc-2a9"/>
      </symbol>
      <symbol id="sm-1336">
         <name>_register_unlock</name>
         <value>0x5c69d</value>
         <object_component_ref idref="oc-2a9"/>
      </symbol>
      <symbol id="sm-1337">
         <name>__TI_static_base__</name>
         <value>0x0</value>
      </symbol>
      <symbol id="sm-1338">
         <name>SHT$$INIT_ARRAY$$Limit</name>
         <value>0x0</value>
      </symbol>
      <symbol id="sm-1339">
         <name>SHT$$INIT_ARRAY$$Base</name>
         <value>0x0</value>
      </symbol>
   </symbol_table>
   <title>Link successful</title>
</link_info>
